Archive member included because of file (symbol)

C:\Users\install\AppData\Roaming\arduino15\packages\arduino\hardware\sam\1.6.4\variants\arduino_due_x/libsam_sam3x8e_gcc_rel.a(pio.o)
                              C:\Users\install\AppData\Local\V.Micro\Arduino\Builds\DueWindShield\arduino_due_x_dbg\Wire\Wire.cpp.o (PIO_Configure)
C:\Users\install\AppData\Roaming\arduino15\packages\arduino\hardware\sam\1.6.4\variants\arduino_due_x/libsam_sam3x8e_gcc_rel.a(pmc.o)
                              C:\Users\install\AppData\Local\V.Micro\Arduino\Builds\DueWindShield\arduino_due_x_dbg\Wire\Wire.cpp.o (pmc_enable_periph_clk)
C:\Users\install\AppData\Roaming\arduino15\packages\arduino\hardware\sam\1.6.4\variants\arduino_due_x/libsam_sam3x8e_gcc_rel.a(twi.o)
                              C:\Users\install\AppData\Local\V.Micro\Arduino\Builds\DueWindShield\arduino_due_x_dbg\Wire\Wire.cpp.o (TWI_SetClock)
C:\Users\install\AppData\Roaming\arduino15\packages\arduino\hardware\sam\1.6.4\variants\arduino_due_x/libsam_sam3x8e_gcc_rel.a(startup_sam3xa.o)
                              (Reset_Handler)
C:\Users\install\AppData\Roaming\arduino15\packages\arduino\hardware\sam\1.6.4\variants\arduino_due_x/libsam_sam3x8e_gcc_rel.a(uotghs.o)
                              C:\Users\install\AppData\Roaming\arduino15\packages\arduino\hardware\sam\1.6.4\variants\arduino_due_x/libsam_sam3x8e_gcc_rel.a(startup_sam3xa.o) (UOTGHS_Handler)
C:\Users\install\AppData\Local\V.Micro\Arduino\Builds\DueWindShield\arduino_due_x_dbg/core.a(cortex_handlers.c.o)
                              C:\Users\install\AppData\Roaming\arduino15\packages\arduino\hardware\sam\1.6.4\variants\arduino_due_x/libsam_sam3x8e_gcc_rel.a(startup_sam3xa.o) (NMI_Handler)
C:\Users\install\AppData\Local\V.Micro\Arduino\Builds\DueWindShield\arduino_due_x_dbg/core.a(hooks.c.o)
                              C:\Users\install\AppData\Local\V.Micro\Arduino\Builds\DueWindShield\arduino_due_x_dbg/core.a(cortex_handlers.c.o) (sysTickHook)
C:\Users\install\AppData\Local\V.Micro\Arduino\Builds\DueWindShield\arduino_due_x_dbg/core.a(wiring.c.o)
                              C:\Users\install\AppData\Local\V.Micro\Arduino\Builds\DueWindShield\arduino_due_x_dbg\DueWindShield.cpp.o (micros)
C:\Users\install\AppData\Local\V.Micro\Arduino\Builds\DueWindShield\arduino_due_x_dbg/core.a(wiring_analog.c.o)
                              C:\Users\install\AppData\Local\V.Micro\Arduino\Builds\DueWindShield\arduino_due_x_dbg\DueWindShield.cpp.o (analogReadResolution)
C:\Users\install\AppData\Local\V.Micro\Arduino\Builds\DueWindShield\arduino_due_x_dbg/core.a(wiring_digital.c.o)
                              C:\Users\install\AppData\Local\V.Micro\Arduino\Builds\DueWindShield\arduino_due_x_dbg\DueWindShield.cpp.o (pinMode)
C:\Users\install\AppData\Local\V.Micro\Arduino\Builds\DueWindShield\arduino_due_x_dbg/core.a(abi.cpp.o)
                              C:\Users\install\AppData\Local\V.Micro\Arduino\Builds\DueWindShield\arduino_due_x_dbg\Wire\Wire.cpp.o (__cxa_pure_virtual)
C:\Users\install\AppData\Local\V.Micro\Arduino\Builds\DueWindShield\arduino_due_x_dbg/core.a(main.cpp.o)
                              c:/users/install/appdata/roaming/arduino15/packages/arduino/tools/arm-none-eabi-gcc/4.8.3-2014q1/bin/../lib/gcc/arm-none-eabi/4.8.3/../../../../arm-none-eabi/lib/armv7-m/crt0.o (main)
C:\Users\install\AppData\Local\V.Micro\Arduino\Builds\DueWindShield\arduino_due_x_dbg/core.a(Print.cpp.o)
                              C:\Users\install\AppData\Local\V.Micro\Arduino\Builds\DueWindShield\arduino_due_x_dbg\Wire\Wire.cpp.o (Print::write(unsigned char const*, unsigned int))
C:\Users\install\AppData\Local\V.Micro\Arduino\Builds\DueWindShield\arduino_due_x_dbg/core.a(Reset.cpp.o)
                              C:\Users\install\AppData\Local\V.Micro\Arduino\Builds\DueWindShield\arduino_due_x_dbg/core.a(cortex_handlers.c.o) (tickReset)
C:\Users\install\AppData\Local\V.Micro\Arduino\Builds\DueWindShield\arduino_due_x_dbg/core.a(UARTClass.cpp.o)
                              C:\Users\install\AppData\Local\V.Micro\Arduino\Builds\DueWindShield\arduino_due_x_dbg\DueWindShield.cpp.o (UARTClass::available())
C:\Users\install\AppData\Local\V.Micro\Arduino\Builds\DueWindShield\arduino_due_x_dbg/core.a(USARTClass.cpp.o)
                              C:\Users\install\AppData\Local\V.Micro\Arduino\Builds\DueWindShield\arduino_due_x_dbg\DueWindShield.cpp.o (USARTClass::begin(unsigned long))
C:\Users\install\AppData\Local\V.Micro\Arduino\Builds\DueWindShield\arduino_due_x_dbg/core.a(WString.cpp.o)
                              C:\Users\install\AppData\Local\V.Micro\Arduino\Builds\DueWindShield\arduino_due_x_dbg\DueWindShield.cpp.o (String::~String())
C:\Users\install\AppData\Local\V.Micro\Arduino\Builds\DueWindShield\arduino_due_x_dbg/core.a(USBCore.cpp.o)
                              C:\Users\install\AppData\Local\V.Micro\Arduino\Builds\DueWindShield\arduino_due_x_dbg/core.a(main.cpp.o) (USBDevice_::attach())
[...]
Memory Configuration

Name             Origin             Length             Attributes
rom              0x00080000         0x00080000         xr
sram0            0x20000000         0x00010000         xrw
sram1            0x20080000         0x00008000         xrw
ram              0x20070000         0x00018000         xrw
*default*        0x00000000         0xffffffff

Linker script and memory map

LOAD c:/users/install/appdata/roaming/arduino15/packages/arduino/tools/arm-none-eabi-gcc/4.8.3-2014q1/bin/../lib/gcc/arm-none-eabi/4.8.3/armv7-m/crti.o
LOAD c:/users/install/appdata/roaming/arduino15/packages/arduino/tools/arm-none-eabi-gcc/4.8.3-2014q1/bin/../lib/gcc/arm-none-eabi/4.8.3/armv7-m/crtbegin.o
LOAD c:/users/install/appdata/roaming/arduino15/packages/arduino/tools/arm-none-eabi-gcc/4.8.3-2014q1/bin/../lib/gcc/arm-none-eabi/4.8.3/../../../../arm-none-eabi/lib/armv7-m/crt0.o
START GROUP
LOAD C:\Users\install\AppData\Local\V.Micro\Arduino\Builds\DueWindShield\arduino_due_x_dbg/syscalls_sam3.c.o
LOAD C:\Users\install\AppData\Local\V.Micro\Arduino\Builds\DueWindShield\arduino_due_x_dbg\constString.cpp.o
LOAD C:\Users\install\AppData\Local\V.Micro\Arduino\Builds\DueWindShield\arduino_due_x_dbg\DueWindShield.cpp.o
LOAD C:\Users\install\AppData\Local\V.Micro\Arduino\Builds\DueWindShield\arduino_due_x_dbg\MCP4726.cpp.o
LOAD C:\Users\install\AppData\Local\V.Micro\Arduino\Builds\DueWindShield\arduino_due_x_dbg\speed_enc.cpp.o
LOAD C:\Users\install\AppData\Local\V.Micro\Arduino\Builds\DueWindShield\arduino_due_x_dbg\WindLabStepper.cpp.o
LOAD C:\Users\install\AppData\Local\V.Micro\Arduino\Builds\DueWindShield\arduino_due_x_dbg\Wire\Wire.cpp.o
LOAD C:\Users\install\AppData\Roaming\arduino15\packages\arduino\hardware\sam\1.6.4\variants\arduino_due_x/libsam_sam3x8e_gcc_rel.a
LOAD C:\Users\install\AppData\Local\V.Micro\Arduino\Builds\DueWindShield\arduino_due_x_dbg/core.a
END GROUP
LOAD c:/users/install/appdata/roaming/arduino15/packages/arduino/tools/arm-none-eabi-gcc/4.8.3-2014q1/bin/../lib/gcc/arm-none-eabi/4.8.3/../../../../arm-none-eabi/lib/armv7-m\libm.a
START GROUP
LOAD c:/users/install/appdata/roaming/arduino15/packages/arduino/tools/arm-none-eabi-gcc/4.8.3-2014q1/bin/../lib/gcc/arm-none-eabi/4.8.3/armv7-m\libgcc.a
LOAD c:/users/install/appdata/roaming/arduino15/packages/arduino/tools/arm-none-eabi-gcc/4.8.3-2014q1/bin/../lib/gcc/arm-none-eabi/4.8.3/../../../../arm-none-eabi/lib/armv7-m\libg.a
LOAD c:/users/install/appdata/roaming/arduino15/packages/arduino/tools/arm-none-eabi-gcc/4.8.3-2014q1/bin/../lib/gcc/arm-none-eabi/4.8.3/../../../../arm-none-eabi/lib/armv7-m\libc.a
END GROUP
LOAD c:/users/install/appdata/roaming/arduino15/packages/arduino/tools/arm-none-eabi-gcc/4.8.3-2014q1/bin/../lib/gcc/arm-none-eabi/4.8.3/armv7-m/crtend.o
LOAD c:/users/install/appdata/roaming/arduino15/packages/arduino/tools/arm-none-eabi-gcc/4.8.3-2014q1/bin/../lib/gcc/arm-none-eabi/4.8.3/armv7-m/crtn.o

.text           0x00080000     0xd2e0
                0x00080000                . = ALIGN (0x4)
                0x00080000                _sfixed = .
 *(.vectors .vectors.*)
 .vectors       0x00080000       0xf4 C:\Users\install\AppData\Roaming\arduino15\packages\arduino\hardware\sam\1.6.4\variants\arduino_due_x/libsam_sam3x8e_gcc_rel.a(startup_sam3xa.o)
                0x00080000                exception_table
 *(.text .text.* .gnu.linkonce.t.*)
 .text          0x000800f4       0x54 c:/users/install/appdata/roaming/arduino15/packages/arduino/tools/arm-none-eabi-gcc/4.8.3-2014q1/bin/../lib/gcc/arm-none-eabi/4.8.3/armv7-m/crtbegin.o
 .text._sbrk    0x00080148       0x1c C:\Users\install\AppData\Local\V.Micro\Arduino\Builds\DueWindShield\arduino_due_x_dbg/syscalls_sam3.c.o
                0x00080148                _sbrk
 .text._close   0x00080164        0x6 C:\Users\install\AppData\Local\V.Micro\Arduino\Builds\DueWindShield\arduino_due_x_dbg/syscalls_sam3.c.o
                0x00080164                _close
 .text._fstat   0x0008016a        0xa C:\Users\install\AppData\Local\V.Micro\Arduino\Builds\DueWindShield\arduino_due_x_dbg/syscalls_sam3.c.o
                0x0008016a                _fstat
 .text._isatty  0x00080174        0x4 C:\Users\install\AppData\Local\V.Micro\Arduino\Builds\DueWindShield\arduino_due_x_dbg/syscalls_sam3.c.o
                0x00080174                _isatty
 .text._lseek   0x00080178        0x4 C:\Users\install\AppData\Local\V.Micro\Arduino\Builds\DueWindShield\arduino_due_x_dbg/syscalls_sam3.c.o
                0x00080178                _lseek
 .text._read    0x0008017c        0x4 C:\Users\install\AppData\Local\V.Micro\Arduino\Builds\DueWindShield\arduino_due_x_dbg/syscalls_sam3.c.o
                0x0008017c                _read
 .text._write   0x00080180       0x24 C:\Users\install\AppData\Local\V.Micro\Arduino\Builds\DueWindShield\arduino_due_x_dbg/syscalls_sam3.c.o
                0x00080180                _write
 .text._exit    0x000801a4       0x10 C:\Users\install\AppData\Local\V.Micro\Arduino\Builds\DueWindShield\arduino_due_x_dbg/syscalls_sam3.c.o
                0x000801a4                _exit
 .text._kill    0x000801b4        0x2 C:\Users\install\AppData\Local\V.Micro\Arduino\Builds\DueWindShield\arduino_due_x_dbg/syscalls_sam3.c.o
                0x000801b4                _kill
 .text._getpid  0x000801b6        0x6 C:\Users\install\AppData\Local\V.Micro\Arduino\Builds\DueWindShield\arduino_due_x_dbg/syscalls_sam3.c.o
                0x000801b6                _getpid
 .text._Z17constStringLengthli
                0x000801bc       0x30 C:\Users\install\AppData\Local\V.Micro\Arduino\Builds\DueWindShield\arduino_due_x_dbg\constString.cpp.o
                0x000801bc                constStringLength(long, int)
 .text._Z17constStringLengthmi
                0x000801ec       0x30 C:\Users\install\AppData\Local\V.Micro\Arduino\Builds\DueWindShield\arduino_due_x_dbg\constString.cpp.o
                0x000801ec                constStringLength(unsigned long, int)
 .text._Z17constStringLengthti
                0x0008021c       0x30 C:\Users\install\AppData\Local\V.Micro\Arduino\Builds\DueWindShield\arduino_due_x_dbg\constString.cpp.o
                0x0008021c                constStringLength(unsigned short, int)
 .text._Z17constStringLengthsi
                0x0008024c       0x30 C:\Users\install\AppData\Local\V.Micro\Arduino\Builds\DueWindShield\arduino_due_x_dbg\constString.cpp.o
                0x0008024c                constStringLength(short, int)
 .text._Z8P_Enableh.part.0
                0x0008027c       0x1c C:\Users\install\AppData\Local\V.Micro\Arduino\Builds\DueWindShield\arduino_due_x_dbg\DueWindShield.cpp.o
 .text._Z7readVccv
                0x00080298       0x18 C:\Users\install\AppData\Local\V.Micro\Arduino\Builds\DueWindShield\arduino_due_x_dbg\DueWindShield.cpp.o
                0x00080298                readVcc()
 .text._Z11readVoltagel
                0x000802b0       0x20 C:\Users\install\AppData\Local\V.Micro\Arduino\Builds\DueWindShield\arduino_due_x_dbg\DueWindShield.cpp.o
                0x000802b0                readVoltage(long)
 .text._Z11readCurrentl
                0x000802d0       0x1c C:\Users\install\AppData\Local\V.Micro\Arduino\Builds\DueWindShield\arduino_due_x_dbg\DueWindShield.cpp.o
                0x000802d0                readCurrent(long)
 .text._Z7setLoadt
                0x000802ec       0x40 C:\Users\install\AppData\Local\V.Micro\Arduino\Builds\DueWindShield\arduino_due_x_dbg\DueWindShield.cpp.o
                0x000802ec                setLoad(unsigned short)
 .text._Z20P_resetPitchPositionv
                0x0008032c       0x14 C:\Users\install\AppData\Local\V.Micro\Arduino\Builds\DueWindShield\arduino_due_x_dbg\DueWindShield.cpp.o
                0x0008032c                P_resetPitchPosition()
 .text._Z16P_Distance_to_gov
                0x00080340       0x14 C:\Users\install\AppData\Local\V.Micro\Arduino\Builds\DueWindShield\arduino_due_x_dbg\DueWindShield.cpp.o
                0x00080340                P_Distance_to_go()
 .text._Z8P_Enableh
                0x00080354       0x26 C:\Users\install\AppData\Local\V.Micro\Arduino\Builds\DueWindShield\arduino_due_x_dbg\DueWindShield.cpp.o
                0x00080354                P_Enable(unsigned char)
 *fill*         0x0008037a        0x2 
 .text._Z9P_setStepmhh
                0x0008037c       0x78 C:\Users\install\AppData\Local\V.Micro\Arduino\Builds\DueWindShield\arduino_due_x_dbg\DueWindShield.cpp.o
                0x0008037c                P_setStep(unsigned long, unsigned char, unsigned char)
 .text._Z6P_Stepv
                0x000803f4       0x78 C:\Users\install\AppData\Local\V.Micro\Arduino\Builds\DueWindShield\arduino_due_x_dbg\DueWindShield.cpp.o
                0x000803f4                P_Step()
 .text._Z12P_Angle2Stepl
                0x0008046c       0x18 C:\Users\install\AppData\Local\V.Micro\Arduino\Builds\DueWindShield\arduino_due_x_dbg\DueWindShield.cpp.o
                0x0008046c                P_Angle2Step(long)
 .text._Z3Fani  0x00080484       0x68 C:\Users\install\AppData\Local\V.Micro\Arduino\Builds\DueWindShield\arduino_due_x_dbg\DueWindShield.cpp.o
                0x00080484                Fan(int)
 .text._Z14M_Brake_activev
                0x000804ec        0x8 C:\Users\install\AppData\Local\V.Micro\Arduino\Builds\DueWindShield\arduino_due_x_dbg\DueWindShield.cpp.o
                0x000804ec                M_Brake_active()
 .text._Z16M_Brake_deactivev
                0x000804f4        0x8 C:\Users\install\AppData\Local\V.Micro\Arduino\Builds\DueWindShield\arduino_due_x_dbg\DueWindShield.cpp.o
                0x000804f4                M_Brake_deactive()
 .text._Z9M_forwardv
                0x000804fc       0x12 C:\Users\install\AppData\Local\V.Micro\Arduino\Builds\DueWindShield\arduino_due_x_dbg\DueWindShield.cpp.o
                0x000804fc                M_forward()
 .text._Z10M_backwardv
                0x0008050e       0x12 C:\Users\install\AppData\Local\V.Micro\Arduino\Builds\DueWindShield\arduino_due_x_dbg\DueWindShield.cpp.o
                0x0008050e                M_backward()
 .text._Z7M_Brakev
                0x00080520       0x12 C:\Users\install\AppData\Local\V.Micro\Arduino\Builds\DueWindShield\arduino_due_x_dbg\DueWindShield.cpp.o
                0x00080520                M_Brake()
 .text._Z15M_Brake_releasev
                0x00080532       0x12 C:\Users\install\AppData\Local\V.Micro\Arduino\Builds\DueWindShield\arduino_due_x_dbg\DueWindShield.cpp.o
                0x00080532                M_Brake_release()
 .text._Z11M_SleepModei
                0x00080544       0x22 C:\Users\install\AppData\Local\V.Micro\Arduino\Builds\DueWindShield\arduino_due_x_dbg\DueWindShield.cpp.o
                0x00080544                M_SleepMode(int)
 *fill*         0x00080566        0x2 
 .text._Z20M_SwitchMotorModeOffv
                0x00080568       0x28 C:\Users\install\AppData\Local\V.Micro\Arduino\Builds\DueWindShield\arduino_due_x_dbg\DueWindShield.cpp.o
                0x00080568                M_SwitchMotorModeOff()
 .text._Z19M_SwitchMotorModeOnv
                0x00080590       0x18 C:\Users\install\AppData\Local\V.Micro\Arduino\Builds\DueWindShield\arduino_due_x_dbg\DueWindShield.cpp.o
                0x00080590                M_SwitchMotorModeOn()
 .text._Z15M_SetMotorSpeedl
                0x000805a8       0x40 C:\Users\install\AppData\Local\V.Micro\Arduino\Builds\DueWindShield\arduino_due_x_dbg\DueWindShield.cpp.o
                0x000805a8                M_SetMotorSpeed(long)
 .text._Z9printHelpv
                0x000805e8      0x190 C:\Users\install\AppData\Local\V.Micro\Arduino\Builds\DueWindShield\arduino_due_x_dbg\DueWindShield.cpp.o
                0x000805e8                printHelp()
 .text._Z14TurnOffWindLabv
                0x00080778       0x24 C:\Users\install\AppData\Local\V.Micro\Arduino\Builds\DueWindShield\arduino_due_x_dbg\DueWindShield.cpp.o
                0x00080778                TurnOffWindLab()
 .text._Z10SetCommand6String
                0x0008079c      0x268 C:\Users\install\AppData\Local\V.Micro\Arduino\Builds\DueWindShield\arduino_due_x_dbg\DueWindShield.cpp.o
                0x0008079c                SetCommand(String)
 .text._Z8PinSetupv
                0x00080a04       0xa6 C:\Users\install\AppData\Local\V.Micro\Arduino\Builds\DueWindShield\arduino_due_x_dbg\DueWindShield.cpp.o
                0x00080a04                PinSetup()
 *fill*         0x00080aaa        0x2 
 .text.startup._GLOBAL__sub_I_DEBUG
                0x00080aac       0xa0 C:\Users\install\AppData\Local\V.Micro\Arduino\Builds\DueWindShield\arduino_due_x_dbg\DueWindShield.cpp.o
 .text.setup    0x00080b4c       0x50 C:\Users\install\AppData\Local\V.Micro\Arduino\Builds\DueWindShield\arduino_due_x_dbg\DueWindShield.cpp.o
                0x00080b4c                setup
 .text.loop     0x00080b9c      0x5b4 C:\Users\install\AppData\Local\V.Micro\Arduino\Builds\DueWindShield\arduino_due_x_dbg\DueWindShield.cpp.o
                0x00080b9c                loop
 .text._ZN7MCP4726C2Eh
                0x00081150        0x4 C:\Users\install\AppData\Local\V.Micro\Arduino\Builds\DueWindShield\arduino_due_x_dbg\MCP4726.cpp.o
                0x00081150                MCP4726::MCP4726(unsigned char)
                0x00081150                MCP4726::MCP4726(unsigned char)
 .text._ZN7MCP47268setupI2CEv
                0x00081154       0x10 C:\Users\install\AppData\Local\V.Micro\Arduino\Builds\DueWindShield\arduino_due_x_dbg\MCP4726.cpp.o
                0x00081154                MCP4726::setupI2C()
 .text._ZN7MCP47265beginEv
                0x00081164       0x14 C:\Users\install\AppData\Local\V.Micro\Arduino\Builds\DueWindShield\arduino_due_x_dbg\MCP4726.cpp.o
                0x00081164                MCP4726::begin()
 .text._ZN7MCP472610setVoltageEt
                0x00081178       0x3c C:\Users\install\AppData\Local\V.Micro\Arduino\Builds\DueWindShield\arduino_due_x_dbg\MCP4726.cpp.o
                0x00081178                MCP4726::setVoltage(unsigned short)
 .text._ZN9speed_encC2Eii
                0x000811b4       0x54 C:\Users\install\AppData\Local\V.Micro\Arduino\Builds\DueWindShield\arduino_due_x_dbg\speed_enc.cpp.o
                0x000811b4                speed_enc::speed_enc(int, int)
                0x000811b4                speed_enc::speed_enc(int, int)
 .text._ZN9speed_enc5speedEv
                0x00081208       0x68 C:\Users\install\AppData\Local\V.Micro\Arduino\Builds\DueWindShield\arduino_due_x_dbg\speed_enc.cpp.o
                0x00081208                speed_enc::speed()
 .text._ZN7TwoWire5writeEPKhj
                0x00081270       0x50 C:\Users\install\AppData\Local\V.Micro\Arduino\Builds\DueWindShield\arduino_due_x_dbg\Wire\Wire.cpp.o
                0x00081270                TwoWire::write(unsigned char const*, unsigned int)
 .text._ZN7TwoWire9availableEv
                0x000812c0        0xc C:\Users\install\AppData\Local\V.Micro\Arduino\Builds\DueWindShield\arduino_due_x_dbg\Wire\Wire.cpp.o
                0x000812c0                TwoWire::available()
 .text._ZN7TwoWire4readEv
                0x000812cc       0x1e C:\Users\install\AppData\Local\V.Micro\Arduino\Builds\DueWindShield\arduino_due_x_dbg\Wire\Wire.cpp.o
                0x000812cc                TwoWire::read()
 .text._ZN7TwoWire4peekEv
                0x000812ea       0x16 C:\Users\install\AppData\Local\V.Micro\Arduino\Builds\DueWindShield\arduino_due_x_dbg\Wire\Wire.cpp.o
                0x000812ea                TwoWire::peek()
 .text._ZN7TwoWire5flushEv
                0x00081300        0x2 C:\Users\install\AppData\Local\V.Micro\Arduino\Builds\DueWindShield\arduino_due_x_dbg\Wire\Wire.cpp.o
                0x00081300                TwoWire::flush()
 .text._ZN7TwoWire5writeEh
                0x00081302       0x3a C:\Users\install\AppData\Local\V.Micro\Arduino\Builds\DueWindShield\arduino_due_x_dbg\Wire\Wire.cpp.o
                0x00081302                TwoWire::write(unsigned char)
 .text._ZL16TWI_WaitByteSentP3Twim.constprop.3
                0x0008133c       0x2c C:\Users\install\AppData\Local\V.Micro\Arduino\Builds\DueWindShield\arduino_due_x_dbg\Wire\Wire.cpp.o
 .text._ZL24TWI_WaitTransferCompleteP3Twim.constprop.4
                0x00081368       0x2c C:\Users\install\AppData\Local\V.Micro\Arduino\Builds\DueWindShield\arduino_due_x_dbg\Wire\Wire.cpp.o
 .text._ZL9Wire_Initv
                0x00081394       0x54 C:\Users\install\AppData\Local\V.Micro\Arduino\Builds\DueWindShield\arduino_due_x_dbg\Wire\Wire.cpp.o
 .text._ZL10Wire1_Initv
                0x000813e8       0x54 C:\Users\install\AppData\Local\V.Micro\Arduino\Builds\DueWindShield\arduino_due_x_dbg\Wire\Wire.cpp.o
 .text._ZN7TwoWireC2EP3TwiPFvvE
                0x0008143c       0x44 C:\Users\install\AppData\Local\V.Micro\Arduino\Builds\DueWindShield\arduino_due_x_dbg\Wire\Wire.cpp.o
                0x0008143c                TwoWire::TwoWire(Twi*, void (*)())
                0x0008143c                TwoWire::TwoWire(Twi*, void (*)())
 .text._ZN7TwoWire5beginEv
                0x00081480       0x30 C:\Users\install\AppData\Local\V.Micro\Arduino\Builds\DueWindShield\arduino_due_x_dbg\Wire\Wire.cpp.o
                0x00081480                TwoWire::begin()
 .text._ZN7TwoWire8setClockEm
                0x000814b0       0x14 C:\Users\install\AppData\Local\V.Micro\Arduino\Builds\DueWindShield\arduino_due_x_dbg\Wire\Wire.cpp.o
                0x000814b0                TwoWire::setClock(unsigned long)
 .text._ZN7TwoWire17beginTransmissionEh
                0x000814c4       0x12 C:\Users\install\AppData\Local\V.Micro\Arduino\Builds\DueWindShield\arduino_due_x_dbg\Wire\Wire.cpp.o
                0x000814c4                TwoWire::beginTransmission(unsigned char)
 .text._ZN7TwoWire15endTransmissionEh
                0x000814d6       0x82 C:\Users\install\AppData\Local\V.Micro\Arduino\Builds\DueWindShield\arduino_due_x_dbg\Wire\Wire.cpp.o
                0x000814d6                TwoWire::endTransmission(unsigned char)
 .text._ZN7TwoWire15endTransmissionEv
                0x00081558        0x6 C:\Users\install\AppData\Local\V.Micro\Arduino\Builds\DueWindShield\arduino_due_x_dbg\Wire\Wire.cpp.o
                0x00081558                TwoWire::endTransmission()
 .text._ZN7TwoWire9onServiceEv
                0x0008155e      0x122 C:\Users\install\AppData\Local\V.Micro\Arduino\Builds\DueWindShield\arduino_due_x_dbg\Wire\Wire.cpp.o
                0x0008155e                TwoWire::onService()
 .text.TWI1_Handler
                0x00081680        0xc C:\Users\install\AppData\Local\V.Micro\Arduino\Builds\DueWindShield\arduino_due_x_dbg\Wire\Wire.cpp.o
                0x00081680                TWI1_Handler
 .text.TWI0_Handler
                0x0008168c        0xc C:\Users\install\AppData\Local\V.Micro\Arduino\Builds\DueWindShield\arduino_due_x_dbg\Wire\Wire.cpp.o
                0x0008168c                TWI0_Handler
 .text.startup._GLOBAL__sub_I__ZN7TwoWireC2EP3TwiPFvvE
                0x00081698       0x34 C:\Users\install\AppData\Local\V.Micro\Arduino\Builds\DueWindShield\arduino_due_x_dbg\Wire\Wire.cpp.o
 .text.PIO_DisableInterrupt
                0x000816cc        0x4 C:\Users\install\AppData\Roaming\arduino15\packages\arduino\hardware\sam\1.6.4\variants\arduino_due_x/libsam_sam3x8e_gcc_rel.a(pio.o)
                0x000816cc                PIO_DisableInterrupt
 .text.PIO_PullUp
                0x000816d0        0xa C:\Users\install\AppData\Roaming\arduino15\packages\arduino\hardware\sam\1.6.4\variants\arduino_due_x/libsam_sam3x8e_gcc_rel.a(pio.o)
                0x000816d0                PIO_PullUp
 .text.PIO_SetPeripheral
                0x000816da       0x2a C:\Users\install\AppData\Roaming\arduino15\packages\arduino\hardware\sam\1.6.4\variants\arduino_due_x/libsam_sam3x8e_gcc_rel.a(pio.o)
                0x000816da                PIO_SetPeripheral
 .text.PIO_SetInput
                0x00081704       0x40 C:\Users\install\AppData\Roaming\arduino15\packages\arduino\hardware\sam\1.6.4\variants\arduino_due_x/libsam_sam3x8e_gcc_rel.a(pio.o)
                0x00081704                PIO_SetInput
 .text.PIO_SetOutput
                0x00081744       0x38 C:\Users\install\AppData\Roaming\arduino15\packages\arduino\hardware\sam\1.6.4\variants\arduino_due_x/libsam_sam3x8e_gcc_rel.a(pio.o)
                0x00081744                PIO_SetOutput
 .text.PIO_Configure
                0x0008177c       0x74 C:\Users\install\AppData\Roaming\arduino15\packages\arduino\hardware\sam\1.6.4\variants\arduino_due_x/libsam_sam3x8e_gcc_rel.a(pio.o)
                0x0008177c                PIO_Configure
 .text.PIO_GetOutputDataStatus
                0x000817f0       0x16 C:\Users\install\AppData\Roaming\arduino15\packages\arduino\hardware\sam\1.6.4\variants\arduino_due_x/libsam_sam3x8e_gcc_rel.a(pio.o)
                0x000817f0                PIO_GetOutputDataStatus
 *fill*         0x00081806        0x2 
 .text.pmc_enable_upll_clock
                0x00081808       0x18 C:\Users\install\AppData\Roaming\arduino15\packages\arduino\hardware\sam\1.6.4\variants\arduino_due_x/libsam_sam3x8e_gcc_rel.a(pmc.o)
                0x00081808                pmc_enable_upll_clock
 .text.pmc_enable_periph_clk
                0x00081820       0x48 C:\Users\install\AppData\Roaming\arduino15\packages\arduino\hardware\sam\1.6.4\variants\arduino_due_x/libsam_sam3x8e_gcc_rel.a(pmc.o)
                0x00081820                pmc_enable_periph_clk
 .text.pmc_disable_periph_clk
                0x00081868       0x48 C:\Users\install\AppData\Roaming\arduino15\packages\arduino\hardware\sam\1.6.4\variants\arduino_due_x/libsam_sam3x8e_gcc_rel.a(pmc.o)
                0x00081868                pmc_disable_periph_clk
 .text.pmc_switch_udpck_to_upllck
                0x000818b0       0x14 C:\Users\install\AppData\Roaming\arduino15\packages\arduino\hardware\sam\1.6.4\variants\arduino_due_x/libsam_sam3x8e_gcc_rel.a(pmc.o)
                0x000818b0                pmc_switch_udpck_to_upllck
 .text.pmc_enable_udpck
                0x000818c4        0xc C:\Users\install\AppData\Roaming\arduino15\packages\arduino\hardware\sam\1.6.4\variants\arduino_due_x/libsam_sam3x8e_gcc_rel.a(pmc.o)
                0x000818c4                pmc_enable_udpck
 .text.TWI_SetClock
                0x000818d0       0x5c C:\Users\install\AppData\Roaming\arduino15\packages\arduino\hardware\sam\1.6.4\variants\arduino_due_x/libsam_sam3x8e_gcc_rel.a(twi.o)
                0x000818d0                TWI_SetClock
 .text.TWI_ConfigureMaster
                0x0008192c       0x40 C:\Users\install\AppData\Roaming\arduino15\packages\arduino\hardware\sam\1.6.4\variants\arduino_due_x/libsam_sam3x8e_gcc_rel.a(twi.o)
                0x0008192c                TWI_ConfigureMaster
 .text.TWI_Stop
                0x0008196c       0x28 C:\Users\install\AppData\Roaming\arduino15\packages\arduino\hardware\sam\1.6.4\variants\arduino_due_x/libsam_sam3x8e_gcc_rel.a(twi.o)
                0x0008196c                TWI_Stop
 .text.TWI_ReadByte
                0x00081994       0x28 C:\Users\install\AppData\Roaming\arduino15\packages\arduino\hardware\sam\1.6.4\variants\arduino_due_x/libsam_sam3x8e_gcc_rel.a(twi.o)
                0x00081994                TWI_ReadByte
 .text.TWI_WriteByte
                0x000819bc       0x24 C:\Users\install\AppData\Roaming\arduino15\packages\arduino\hardware\sam\1.6.4\variants\arduino_due_x/libsam_sam3x8e_gcc_rel.a(twi.o)
                0x000819bc                TWI_WriteByte
 .text.TWI_StartWrite
                0x000819e0       0x80 C:\Users\install\AppData\Roaming\arduino15\packages\arduino\hardware\sam\1.6.4\variants\arduino_due_x/libsam_sam3x8e_gcc_rel.a(twi.o)
                0x000819e0                TWI_StartWrite
 .text.TWI_EnableIt
                0x00081a60       0x40 C:\Users\install\AppData\Roaming\arduino15\packages\arduino\hardware\sam\1.6.4\variants\arduino_due_x/libsam_sam3x8e_gcc_rel.a(twi.o)
                0x00081a60                TWI_EnableIt
 .text.TWI_DisableIt
                0x00081aa0       0x40 C:\Users\install\AppData\Roaming\arduino15\packages\arduino\hardware\sam\1.6.4\variants\arduino_due_x/libsam_sam3x8e_gcc_rel.a(twi.o)
                0x00081aa0                TWI_DisableIt
 .text.TWI_GetStatus
                0x00081ae0       0x28 C:\Users\install\AppData\Roaming\arduino15\packages\arduino\hardware\sam\1.6.4\variants\arduino_due_x/libsam_sam3x8e_gcc_rel.a(twi.o)
                0x00081ae0                TWI_GetStatus
 .text.Reset_Handler
                0x00081b08       0x70 C:\Users\install\AppData\Roaming\arduino15\packages\arduino\hardware\sam\1.6.4\variants\arduino_due_x/libsam_sam3x8e_gcc_rel.a(startup_sam3xa.o)
                0x00081b08                Reset_Handler
 .text.UOTGHS_Handler
                0x00081b78       0x10 C:\Users\install\AppData\Roaming\arduino15\packages\arduino\hardware\sam\1.6.4\variants\arduino_due_x/libsam_sam3x8e_gcc_rel.a(uotghs.o)
                0x00081b78                UOTGHS_Handler
 .text.__halt   0x00081b88        0x2 C:\Users\install\AppData\Local\V.Micro\Arduino\Builds\DueWindShield\arduino_due_x_dbg/core.a(cortex_handlers.c.o)
                0x00081b88                DACC_Handler
                0x00081b88                DebugMon_Handler
                0x00081b88                DMAC_Handler
                0x00081b88                TRNG_Handler
                0x00081b88                HardFault_Handler
                0x00081b88                TC2_Handler
                0x00081b88                NMI_Handler
                0x00081b88                TC7_Handler
                0x00081b88                ADC_Handler
                0x00081b88                SMC_Handler
                0x00081b88                RTT_Handler
                0x00081b88                EFC1_Handler
                0x00081b88                PIOB_Handler
                0x00081b88                RTC_Handler
                0x00081b88                UsageFault_Handler
                0x00081b88                TC6_Handler
                0x00081b88                WDT_Handler
                0x00081b88                CAN0_Handler
                0x00081b88                TC4_Handler
                0x00081b88                TC1_Handler
                0x00081b88                HSMCI_Handler
                0x00081b88                TC3_Handler
                0x00081b88                PIOA_Handler
                0x00081b88                SSC_Handler
                0x00081b88                EFC0_Handler
                0x00081b88                PMC_Handler
                0x00081b88                PWM_Handler
                0x00081b88                CAN1_Handler
                0x00081b88                MemManage_Handler
                0x00081b88                SUPC_Handler
                0x00081b88                TC8_Handler
                0x00081b88                USART2_Handler
                0x00081b88                PIOD_Handler
                0x00081b88                EMAC_Handler
                0x00081b88                PIOC_Handler
                0x00081b88                BusFault_Handler
                0x00081b88                RSTC_Handler
                0x00081b88                TC0_Handler
                0x00081b88                TC5_Handler
                0x00081b88                SPI0_Handler
 .text.SVC_Handler
                0x00081b8a        0x4 C:\Users\install\AppData\Local\V.Micro\Arduino\Builds\DueWindShield\arduino_due_x_dbg/core.a(cortex_handlers.c.o)
                0x00081b8a                SVC_Handler
 .text.PendSV_Handler
                0x00081b8e        0x4 C:\Users\install\AppData\Local\V.Micro\Arduino\Builds\DueWindShield\arduino_due_x_dbg/core.a(cortex_handlers.c.o)
                0x00081b8e                PendSV_Handler
 .text.SysTick_Handler
                0x00081b92       0x16 C:\Users\install\AppData\Local\V.Micro\Arduino\Builds\DueWindShield\arduino_due_x_dbg/core.a(cortex_handlers.c.o)
                0x00081b92                SysTick_Handler
 .text.__empty  0x00081ba8        0x2 C:\Users\install\AppData\Local\V.Micro\Arduino\Builds\DueWindShield\arduino_due_x_dbg/core.a(hooks.c.o)
                0x00081ba8                yield
 .text.__false  0x00081baa        0x4 C:\Users\install\AppData\Local\V.Micro\Arduino\Builds\DueWindShield\arduino_due_x_dbg/core.a(hooks.c.o)
                0x00081baa                sysTickHook
 .text.__halt   0x00081bae        0x2 C:\Users\install\AppData\Local\V.Micro\Arduino\Builds\DueWindShield\arduino_due_x_dbg/core.a(hooks.c.o)
                0x00081bae                svcHook
                0x00081bae                pendSVHook
 .text.micros   0x00081bb0       0x74 C:\Users\install\AppData\Local\V.Micro\Arduino\Builds\DueWindShield\arduino_due_x_dbg/core.a(wiring.c.o)
                0x00081bb0                micros
 .text.delay    0x00081c24       0x1c C:\Users\install\AppData\Local\V.Micro\Arduino\Builds\DueWindShield\arduino_due_x_dbg/core.a(wiring.c.o)
                0x00081c24                delay
 .text.mapResolution
                0x00081c40       0x12 C:\Users\install\AppData\Local\V.Micro\Arduino\Builds\DueWindShield\arduino_due_x_dbg/core.a(wiring_analog.c.o)
 *fill*         0x00081c52        0x2 
 .text.analogReadResolution
                0x00081c54        0xc C:\Users\install\AppData\Local\V.Micro\Arduino\Builds\DueWindShield\arduino_due_x_dbg/core.a(wiring_analog.c.o)
                0x00081c54                analogReadResolution
 .text.analogWriteResolution
                0x00081c60        0xc C:\Users\install\AppData\Local\V.Micro\Arduino\Builds\DueWindShield\arduino_due_x_dbg/core.a(wiring_analog.c.o)
                0x00081c60                analogWriteResolution
 .text.analogRead
                0x00081c6c       0x74 C:\Users\install\AppData\Local\V.Micro\Arduino\Builds\DueWindShield\arduino_due_x_dbg/core.a(wiring_analog.c.o)
                0x00081c6c                analogRead
 .text.analogOutputInit
                0x00081ce0       0x14 C:\Users\install\AppData\Local\V.Micro\Arduino\Builds\DueWindShield\arduino_due_x_dbg/core.a(wiring_analog.c.o)
                0x00081ce0                analogOutputInit
 .text.analogWrite
                0x00081cf4      0x2a8 C:\Users\install\AppData\Local\V.Micro\Arduino\Builds\DueWindShield\arduino_due_x_dbg/core.a(wiring_analog.c.o)
                0x00081cf4                analogWrite
 .text.pinMode  0x00081f9c       0x64 C:\Users\install\AppData\Local\V.Micro\Arduino\Builds\DueWindShield\arduino_due_x_dbg/core.a(wiring_digital.c.o)
                0x00081f9c                pinMode
 .text.digitalWrite
                0x00082000       0x48 C:\Users\install\AppData\Local\V.Micro\Arduino\Builds\DueWindShield\arduino_due_x_dbg/core.a(wiring_digital.c.o)
                0x00082000                digitalWrite
 .text.initVariant
                0x00082048        0x2 C:\Users\install\AppData\Local\V.Micro\Arduino\Builds\DueWindShield\arduino_due_x_dbg/core.a(main.cpp.o)
                0x00082048                initVariant
 *fill*         0x0008204a        0x2 
 .text.startup.main
                0x0008204c       0x34 C:\Users\install\AppData\Local\V.Micro\Arduino\Builds\DueWindShield\arduino_due_x_dbg/core.a(main.cpp.o)
                0x0008204c                main
 .text._ZN5Print5writeEPKhj
                0x00082080       0x22 C:\Users\install\AppData\Local\V.Micro\Arduino\Builds\DueWindShield\arduino_due_x_dbg/core.a(Print.cpp.o)
                0x00082080                Print::write(unsigned char const*, unsigned int)
 .text._ZN5Print5writeEPKc
                0x000820a2       0x1e C:\Users\install\AppData\Local\V.Micro\Arduino\Builds\DueWindShield\arduino_due_x_dbg/core.a(Print.cpp.o)
                0x000820a2                Print::write(char const*)
 .text._ZN5Print5printERK6String
                0x000820c0       0x10 C:\Users\install\AppData\Local\V.Micro\Arduino\Builds\DueWindShield\arduino_due_x_dbg/core.a(Print.cpp.o)
                0x000820c0                Print::print(String const&)
 .text._ZN5Print5printEPKc
                0x000820d0        0x8 C:\Users\install\AppData\Local\V.Micro\Arduino\Builds\DueWindShield\arduino_due_x_dbg/core.a(Print.cpp.o)
                0x000820d0                Print::print(char const*)
 .text._ZN5Print5printEc
                0x000820d8        0xa C:\Users\install\AppData\Local\V.Micro\Arduino\Builds\DueWindShield\arduino_due_x_dbg/core.a(Print.cpp.o)
                0x000820d8                Print::print(char)
 .text._ZN5Print7printlnEv
                0x000820e2       0x18 C:\Users\install\AppData\Local\V.Micro\Arduino\Builds\DueWindShield\arduino_due_x_dbg/core.a(Print.cpp.o)
                0x000820e2                Print::println()
 .text._ZN5Print7printlnERK6String
                0x000820fa       0x14 C:\Users\install\AppData\Local\V.Micro\Arduino\Builds\DueWindShield\arduino_due_x_dbg/core.a(Print.cpp.o)
                0x000820fa                Print::println(String const&)
 .text._ZN5Print7printlnEPKc
                0x0008210e       0x14 C:\Users\install\AppData\Local\V.Micro\Arduino\Builds\DueWindShield\arduino_due_x_dbg/core.a(Print.cpp.o)
                0x0008210e                Print::println(char const*)
 .text._ZN5Print11printNumberEmh
                0x00082122       0x3c C:\Users\install\AppData\Local\V.Micro\Arduino\Builds\DueWindShield\arduino_due_x_dbg/core.a(Print.cpp.o)
                0x00082122                Print::printNumber(unsigned long, unsigned char)
 .text._ZN5Print5printEli
                0x0008215e       0x3c C:\Users\install\AppData\Local\V.Micro\Arduino\Builds\DueWindShield\arduino_due_x_dbg/core.a(Print.cpp.o)
                0x0008215e                Print::print(long, int)
 .text._ZN5Print5printEii
                0x0008219a        0x4 C:\Users\install\AppData\Local\V.Micro\Arduino\Builds\DueWindShield\arduino_due_x_dbg/core.a(Print.cpp.o)
                0x0008219a                Print::print(int, int)
 .text._ZN5Print5printEmi
                0x0008219e       0x18 C:\Users\install\AppData\Local\V.Micro\Arduino\Builds\DueWindShield\arduino_due_x_dbg/core.a(Print.cpp.o)
                0x0008219e                Print::print(unsigned long, int)
 .text._ZN5Print7printlnEmi
                0x000821b6       0x14 C:\Users\install\AppData\Local\V.Micro\Arduino\Builds\DueWindShield\arduino_due_x_dbg/core.a(Print.cpp.o)
                0x000821b6                Print::println(unsigned long, int)
 *fill*         0x000821ca        0x2 
 .text.initiateReset
                0x000821cc        0xc C:\Users\install\AppData\Local\V.Micro\Arduino\Builds\DueWindShield\arduino_due_x_dbg/core.a(Reset.cpp.o)
                0x000821cc                initiateReset
 .text.cancelReset
                0x000821d8       0x10 C:\Users\install\AppData\Local\V.Micro\Arduino\Builds\DueWindShield\arduino_due_x_dbg/core.a(Reset.cpp.o)
                0x000821d8                cancelReset
 .text.tickReset
                0x000821e8       0x20 C:\Users\install\AppData\Local\V.Micro\Arduino\Builds\DueWindShield\arduino_due_x_dbg/core.a(Reset.cpp.o)
                0x000821e8                tickReset
 .text._ZN9UARTClasscvbEv
                0x00082208        0x4 C:\Users\install\AppData\Local\V.Micro\Arduino\Builds\DueWindShield\arduino_due_x_dbg/core.a(UARTClass.cpp.o)
                0x00082208                UARTClass::operator bool()
 .text._ZN9UARTClass9availableEv
                0x0008220c       0x12 C:\Users\install\AppData\Local\V.Micro\Arduino\Builds\DueWindShield\arduino_due_x_dbg/core.a(UARTClass.cpp.o)
                0x0008220c                UARTClass::available()
 .text._ZN9UARTClass4peekEv
                0x0008221e       0x1c C:\Users\install\AppData\Local\V.Micro\Arduino\Builds\DueWindShield\arduino_due_x_dbg/core.a(UARTClass.cpp.o)
                0x0008221e                UARTClass::peek()
 .text._ZN9UARTClass4readEv
                0x0008223a       0x2a C:\Users\install\AppData\Local\V.Micro\Arduino\Builds\DueWindShield\arduino_due_x_dbg/core.a(UARTClass.cpp.o)
                0x0008223a                UARTClass::read()
 .text._ZN9UARTClass5flushEv
                0x00082264       0x18 C:\Users\install\AppData\Local\V.Micro\Arduino\Builds\DueWindShield\arduino_due_x_dbg/core.a(UARTClass.cpp.o)
                0x00082264                UARTClass::flush()
 .text._ZN9UARTClass5writeEh
                0x0008227c       0x54 C:\Users\install\AppData\Local\V.Micro\Arduino\Builds\DueWindShield\arduino_due_x_dbg/core.a(UARTClass.cpp.o)
                0x0008227c                UARTClass::write(unsigned char)
 .text._ZN9UARTClass3endEv
                0x000822d0       0x3c C:\Users\install\AppData\Local\V.Micro\Arduino\Builds\DueWindShield\arduino_due_x_dbg/core.a(UARTClass.cpp.o)
                0x000822d0                UARTClass::end()
 .text._ZN9UARTClassC2EP4Uart4IRQnmP10RingBufferS4_
                0x0008230c       0x24 C:\Users\install\AppData\Local\V.Micro\Arduino\Builds\DueWindShield\arduino_due_x_dbg/core.a(UARTClass.cpp.o)
                0x0008230c                UARTClass::UARTClass(Uart*, IRQn, unsigned long, RingBuffer*, RingBuffer*)
                0x0008230c                UARTClass::UARTClass(Uart*, IRQn, unsigned long, RingBuffer*, RingBuffer*)
 .text._ZN9UARTClass4initEmm
                0x00082330       0x70 C:\Users\install\AppData\Local\V.Micro\Arduino\Builds\DueWindShield\arduino_due_x_dbg/core.a(UARTClass.cpp.o)
                0x00082330                UARTClass::init(unsigned long, unsigned long)
 .text._ZN9UARTClass5beginEm
                0x000823a0        0x8 C:\Users\install\AppData\Local\V.Micro\Arduino\Builds\DueWindShield\arduino_due_x_dbg/core.a(UARTClass.cpp.o)
                0x000823a0                UARTClass::begin(unsigned long)
 .text._ZN9UARTClass10IrqHandlerEv
                0x000823a8       0x5a C:\Users\install\AppData\Local\V.Micro\Arduino\Builds\DueWindShield\arduino_due_x_dbg/core.a(UARTClass.cpp.o)
                0x000823a8                UARTClass::IrqHandler()
 .text._ZN10USARTClass5beginEm
                0x00082402        0x8 C:\Users\install\AppData\Local\V.Micro\Arduino\Builds\DueWindShield\arduino_due_x_dbg/core.a(USARTClass.cpp.o)
                0x00082402                USARTClass::begin(unsigned long)
 *fill*         0x0008240a        0x2 
 .text._ZN10USARTClassC2EP5Usart4IRQnmP10RingBufferS4_
                0x0008240c       0x24 C:\Users\install\AppData\Local\V.Micro\Arduino\Builds\DueWindShield\arduino_due_x_dbg/core.a(USARTClass.cpp.o)
                0x0008240c                USARTClass::USARTClass(Usart*, IRQn, unsigned long, RingBuffer*, RingBuffer*)
                0x0008240c                USARTClass::USARTClass(Usart*, IRQn, unsigned long, RingBuffer*, RingBuffer*)
 .text._ZN6StringD2Ev
                0x00082430        0xe C:\Users\install\AppData\Local\V.Micro\Arduino\Builds\DueWindShield\arduino_due_x_dbg/core.a(WString.cpp.o)
                0x00082430                String::~String()
                0x00082430                String::~String()
 .text._ZN6String10invalidateEv
                0x0008243e       0x16 C:\Users\install\AppData\Local\V.Micro\Arduino\Builds\DueWindShield\arduino_due_x_dbg/core.a(WString.cpp.o)
                0x0008243e                String::invalidate()
 .text._ZN6String12changeBufferEj
                0x00082454       0x18 C:\Users\install\AppData\Local\V.Micro\Arduino\Builds\DueWindShield\arduino_due_x_dbg/core.a(WString.cpp.o)
                0x00082454                String::changeBuffer(unsigned int)
 .text._ZN6String7reserveEj
                0x0008246c       0x22 C:\Users\install\AppData\Local\V.Micro\Arduino\Builds\DueWindShield\arduino_due_x_dbg/core.a(WString.cpp.o)
                0x0008246c                String::reserve(unsigned int)
 .text._ZN6String4copyEPKcj
                0x0008248e       0x26 C:\Users\install\AppData\Local\V.Micro\Arduino\Builds\DueWindShield\arduino_due_x_dbg/core.a(WString.cpp.o)
                0x0008248e                String::copy(char const*, unsigned int)
 .text._ZN6StringC2EPKc
                0x000824b4       0x24 C:\Users\install\AppData\Local\V.Micro\Arduino\Builds\DueWindShield\arduino_due_x_dbg/core.a(WString.cpp.o)
                0x000824b4                String::String(char const*)
                0x000824b4                String::String(char const*)
 .text._ZN6StringaSERKS_
                0x000824d8       0x1e C:\Users\install\AppData\Local\V.Micro\Arduino\Builds\DueWindShield\arduino_due_x_dbg/core.a(WString.cpp.o)
                0x000824d8                String::operator=(String const&)
 .text._ZN6StringC2ERKS_
                0x000824f6       0x14 C:\Users\install\AppData\Local\V.Micro\Arduino\Builds\DueWindShield\arduino_due_x_dbg/core.a(WString.cpp.o)
                0x000824f6                String::String(String const&)
                0x000824f6                String::String(String const&)
 .text._ZN6StringaSEPKc
                0x0008250a       0x22 C:\Users\install\AppData\Local\V.Micro\Arduino\Builds\DueWindShield\arduino_due_x_dbg/core.a(WString.cpp.o)
                0x0008250a                String::operator=(char const*)
 .text._ZN6String6concatEPKcj
                0x0008252c       0x2e C:\Users\install\AppData\Local\V.Micro\Arduino\Builds\DueWindShield\arduino_due_x_dbg/core.a(WString.cpp.o)
                0x0008252c                String::concat(char const*, unsigned int)
 .text._ZN6String6concatEc
                0x0008255a       0x1a C:\Users\install\AppData\Local\V.Micro\Arduino\Builds\DueWindShield\arduino_due_x_dbg/core.a(WString.cpp.o)
                0x0008255a                String::concat(char)
 .text._ZNK6String6equalsEPKc
                0x00082574       0x26 C:\Users\install\AppData\Local\V.Micro\Arduino\Builds\DueWindShield\arduino_due_x_dbg/core.a(WString.cpp.o)
                0x00082574                String::equals(char const*) const
 *fill*         0x0008259a        0x2 
 .text._ZNK6String9substringEjj
                0x0008259c       0x4c C:\Users\install\AppData\Local\V.Micro\Arduino\Builds\DueWindShield\arduino_due_x_dbg/core.a(WString.cpp.o)
                0x0008259c                String::substring(unsigned int, unsigned int) const
 .text._ZN6String11toUpperCaseEv
                0x000825e8       0x18 C:\Users\install\AppData\Local\V.Micro\Arduino\Builds\DueWindShield\arduino_due_x_dbg/core.a(WString.cpp.o)
                0x000825e8                String::toUpperCase()
 .text._ZNK6String5toIntEv
                0x00082600        0xa C:\Users\install\AppData\Local\V.Micro\Arduino\Builds\DueWindShield\arduino_due_x_dbg/core.a(WString.cpp.o)
                0x00082600                String::toInt() const
 *fill*         0x0008260a        0x2 
 .text.unlikely._ZL11USB_SendZlpv
                0x0008260c       0x20 C:\Users\install\AppData\Local\V.Micro\Arduino\Builds\DueWindShield\arduino_due_x_dbg/core.a(USBCore.cpp.o)
 .text._Z14USBD_Availablem
                0x0008262c       0x2c C:\Users\install\AppData\Local\V.Micro\Arduino\Builds\DueWindShield\arduino_due_x_dbg/core.a(USBCore.cpp.o)
                0x0008262c                USBD_Available(unsigned long)
 .text._Z9USBD_RecvmPvm
                0x00082658       0x7c C:\Users\install\AppData\Local\V.Micro\Arduino\Builds\DueWindShield\arduino_due_x_dbg/core.a(USBCore.cpp.o)
                0x00082658                USBD_Recv(unsigned long, void*, unsigned long)
 .text._Z9USBD_Recvm
                0x000826d4       0x22 C:\Users\install\AppData\Local\V.Micro\Arduino\Builds\DueWindShield\arduino_due_x_dbg/core.a(USBCore.cpp.o)
                0x000826d4                USBD_Recv(unsigned long)
 *fill*         0x000826f6        0x2 
 .text._Z9USBD_SendmPKvm
                0x000826f8       0x4c C:\Users\install\AppData\Local\V.Micro\Arduino\Builds\DueWindShield\arduino_due_x_dbg/core.a(USBCore.cpp.o)
                0x000826f8                USBD_Send(unsigned long, void const*, unsigned long)
 .text._Z16USBD_SendControlhPKvm
                0x00082744       0x40 C:\Users\install\AppData\Local\V.Micro\Arduino\Builds\DueWindShield\arduino_due_x_dbg/core.a(USBCore.cpp.o)
                0x00082744                USBD_SendControl(unsigned char, void const*, unsigned long)
 .text.unlikely._ZL24USB_SendStringDescriptorPKhi
                0x00082784       0x38 C:\Users\install\AppData\Local\V.Micro\Arduino\Builds\DueWindShield\arduino_due_x_dbg/core.a(USBCore.cpp.o)
 .text._Z16USBD_RecvControlPvm
                0x000827bc       0x1c C:\Users\install\AppData\Local\V.Micro\Arduino\Builds\DueWindShield\arduino_due_x_dbg/core.a(USBCore.cpp.o)
                0x000827bc                USBD_RecvControl(void*, unsigned long)
 .text._Z26USBD_ClassInterfaceRequestR5Setup
                0x000827d8       0x14 C:\Users\install\AppData\Local\V.Micro\Arduino\Builds\DueWindShield\arduino_due_x_dbg/core.a(USBCore.cpp.o)
                0x000827d8                USBD_ClassInterfaceRequest(Setup&)
 .text._Z19USBD_SendInterfacesv
                0x000827ec       0x1e C:\Users\install\AppData\Local\V.Micro\Arduino\Builds\DueWindShield\arduino_due_x_dbg/core.a(USBCore.cpp.o)
                0x000827ec                USBD_SendInterfaces()
 .text._Z24USBD_SendOtherInterfacesv
                0x0008280a       0x1e C:\Users\install\AppData\Local\V.Micro\Arduino\Builds\DueWindShield\arduino_due_x_dbg/core.a(USBCore.cpp.o)
                0x0008280a                USBD_SendOtherInterfaces()
 .text._Z10USBD_Flushm
                0x00082828       0x16 C:\Users\install\AppData\Local\V.Micro\Arduino\Builds\DueWindShield\arduino_due_x_dbg/core.a(USBCore.cpp.o)
                0x00082828                USBD_Flush(unsigned long)
 *fill*         0x0008283e        0x2 
 .text._ZN10USBDevice_C2Ev
                0x00082840       0x24 C:\Users\install\AppData\Local\V.Micro\Arduino\Builds\DueWindShield\arduino_due_x_dbg/core.a(USBCore.cpp.o)
                0x00082840                USBDevice_::USBDevice_()
                0x00082840                USBDevice_::USBDevice_()
 .text._ZN10USBDevice_6attachEv
                0x00082864       0x20 C:\Users\install\AppData\Local\V.Micro\Arduino\Builds\DueWindShield\arduino_due_x_dbg/core.a(USBCore.cpp.o)
                0x00082864                USBDevice_::attach()
 .text.startup._GLOBAL__sub_I_TxLEDPulse
                0x00082884        0xc C:\Users\install\AppData\Local\V.Micro\Arduino\Builds\DueWindShield\arduino_due_x_dbg/core.a(USBCore.cpp.o)
 .text._ZL7USB_ISRv
                0x00082890      0x424 C:\Users\install\AppData\Local\V.Micro\Arduino\Builds\DueWindShield\arduino_due_x_dbg/core.a(USBCore.cpp.o)
 .text._Z11serialEventv
                0x00082cb4        0x2 C:\Users\install\AppData\Local\V.Micro\Arduino\Builds\DueWindShield\arduino_due_x_dbg/core.a(variant.cpp.o)
                0x00082cb4                serialEvent()
 *fill*         0x00082cb6        0x2 
 .text.UART_Handler
                0x00082cb8        0xc C:\Users\install\AppData\Local\V.Micro\Arduino\Builds\DueWindShield\arduino_due_x_dbg/core.a(variant.cpp.o)
                0x00082cb8                UART_Handler
 .text._Z12serialEvent1v
                0x00082cc4        0x2 C:\Users\install\AppData\Local\V.Micro\Arduino\Builds\DueWindShield\arduino_due_x_dbg/core.a(variant.cpp.o)
                0x00082cc4                serialEvent1()
 .text._Z12serialEvent2v
                0x00082cc6        0x2 C:\Users\install\AppData\Local\V.Micro\Arduino\Builds\DueWindShield\arduino_due_x_dbg/core.a(variant.cpp.o)
                0x00082cc6                serialEvent2()
 .text._Z12serialEvent3v
                0x00082cc8        0x2 C:\Users\install\AppData\Local\V.Micro\Arduino\Builds\DueWindShield\arduino_due_x_dbg/core.a(variant.cpp.o)
                0x00082cc8                serialEvent3()
 *fill*         0x00082cca        0x2 
 .text.USART0_Handler
                0x00082ccc        0xc C:\Users\install\AppData\Local\V.Micro\Arduino\Builds\DueWindShield\arduino_due_x_dbg/core.a(variant.cpp.o)
                0x00082ccc                USART0_Handler
 .text.USART1_Handler
                0x00082cd8        0xc C:\Users\install\AppData\Local\V.Micro\Arduino\Builds\DueWindShield\arduino_due_x_dbg/core.a(variant.cpp.o)
                0x00082cd8                USART1_Handler
 .text.USART3_Handler
                0x00082ce4        0xc C:\Users\install\AppData\Local\V.Micro\Arduino\Builds\DueWindShield\arduino_due_x_dbg/core.a(variant.cpp.o)
                0x00082ce4                USART3_Handler
 .text.init     0x00082cf0      0x130 C:\Users\install\AppData\Local\V.Micro\Arduino\Builds\DueWindShield\arduino_due_x_dbg/core.a(variant.cpp.o)
                0x00082cf0                init
 .text.startup._GLOBAL__sub_I_g_APinDescription
                0x00082e20       0xd4 C:\Users\install\AppData\Local\V.Micro\Arduino\Builds\DueWindShield\arduino_due_x_dbg/core.a(variant.cpp.o)
 .text._Z14serialEventRunv
                0x00082ef4       0x44 C:\Users\install\AppData\Local\V.Micro\Arduino\Builds\DueWindShield\arduino_due_x_dbg/core.a(variant.cpp.o)
                0x00082ef4                serialEventRun()
 .text._ZN10RingBufferC2Ev
                0x00082f38       0x1a C:\Users\install\AppData\Local\V.Micro\Arduino\Builds\DueWindShield\arduino_due_x_dbg/core.a(RingBuffer.cpp.o)
                0x00082f38                RingBuffer::RingBuffer()
                0x00082f38                RingBuffer::RingBuffer()
 .text._ZN10RingBuffer10store_charEh
                0x00082f52       0x1e C:\Users\install\AppData\Local\V.Micro\Arduino\Builds\DueWindShield\arduino_due_x_dbg/core.a(RingBuffer.cpp.o)
                0x00082f52                RingBuffer::store_char(unsigned char)
 .text._ZN7Serial_9availableEv
                0x00082f70       0x18 C:\Users\install\AppData\Local\V.Micro\Arduino\Builds\DueWindShield\arduino_due_x_dbg/core.a(CDC.cpp.o)
                0x00082f70                Serial_::available()
 .text._ZN7Serial_4peekEv
                0x00082f88       0x20 C:\Users\install\AppData\Local\V.Micro\Arduino\Builds\DueWindShield\arduino_due_x_dbg/core.a(CDC.cpp.o)
                0x00082f88                Serial_::peek()
 .text._ZN7Serial_5writeEh
                0x00082fa8       0x16 C:\Users\install\AppData\Local\V.Micro\Arduino\Builds\DueWindShield\arduino_due_x_dbg/core.a(CDC.cpp.o)
                0x00082fa8                Serial_::write(unsigned char)
 *fill*         0x00082fbe        0x2 
 .text._ZN7Serial_4readEv
                0x00082fc0       0x44 C:\Users\install\AppData\Local\V.Micro\Arduino\Builds\DueWindShield\arduino_due_x_dbg/core.a(CDC.cpp.o)
                0x00082fc0                Serial_::read()
 .text._ZN7Serial_5flushEv
                0x00083004        0x6 C:\Users\install\AppData\Local\V.Micro\Arduino\Builds\DueWindShield\arduino_due_x_dbg/core.a(CDC.cpp.o)
                0x00083004                Serial_::flush()
 *fill*         0x0008300a        0x2 
 .text._ZN7Serial_6acceptEv
                0x0008300c       0x70 C:\Users\install\AppData\Local\V.Micro\Arduino\Builds\DueWindShield\arduino_due_x_dbg/core.a(CDC.cpp.o)
                0x0008300c                Serial_::accept()
 .text._ZN7Serial_5writeEPKhj
                0x0008307c       0x2c C:\Users\install\AppData\Local\V.Micro\Arduino\Builds\DueWindShield\arduino_due_x_dbg/core.a(CDC.cpp.o)
                0x0008307c                Serial_::write(unsigned char const*, unsigned int)
 .text._Z16CDC_GetInterfacePh
                0x000830a8       0x14 C:\Users\install\AppData\Local\V.Micro\Arduino\Builds\DueWindShield\arduino_due_x_dbg/core.a(CDC.cpp.o)
                0x000830a8                CDC_GetInterface(unsigned char*)
 .text._Z21CDC_GetOtherInterfacePh
                0x000830bc       0x14 C:\Users\install\AppData\Local\V.Micro\Arduino\Builds\DueWindShield\arduino_due_x_dbg/core.a(CDC.cpp.o)
                0x000830bc                CDC_GetOtherInterface(unsigned char*)
 .text._Z9CDC_SetupR5Setup
                0x000830d0       0x64 C:\Users\install\AppData\Local\V.Micro\Arduino\Builds\DueWindShield\arduino_due_x_dbg/core.a(CDC.cpp.o)
                0x000830d0                CDC_Setup(Setup&)
 .text.startup._GLOBAL__sub_I_cdc_rx_buffer
                0x00083134       0x1c C:\Users\install\AppData\Local\V.Micro\Arduino\Builds\DueWindShield\arduino_due_x_dbg/core.a(CDC.cpp.o)
 .text._ZN9Keyboard_5writeEh
                0x00083150       0x1c C:\Users\install\AppData\Local\V.Micro\Arduino\Builds\DueWindShield\arduino_due_x_dbg/core.a(HID.cpp.o)
                0x00083150                Keyboard_::write(unsigned char)
 .text._Z16HID_GetInterfacePh
                0x0008316c       0x14 C:\Users\install\AppData\Local\V.Micro\Arduino\Builds\DueWindShield\arduino_due_x_dbg/core.a(HID.cpp.o)
                0x0008316c                HID_GetInterface(unsigned char*)
 .text._Z17HID_GetDescriptori
                0x00083180       0x10 C:\Users\install\AppData\Local\V.Micro\Arduino\Builds\DueWindShield\arduino_due_x_dbg/core.a(HID.cpp.o)
                0x00083180                HID_GetDescriptor(int)
 .text._Z14HID_SendReporthPKvm
                0x00083190       0x2e C:\Users\install\AppData\Local\V.Micro\Arduino\Builds\DueWindShield\arduino_due_x_dbg/core.a(HID.cpp.o)
                0x00083190                HID_SendReport(unsigned char, void const*, unsigned long)
 *fill*         0x000831be        0x2 
 .text._Z9HID_SetupR5Setup
                0x000831c0       0x40 C:\Users\install\AppData\Local\V.Micro\Arduino\Builds\DueWindShield\arduino_due_x_dbg/core.a(HID.cpp.o)
                0x000831c0                HID_Setup(Setup&)
 .text._ZN9Keyboard_10sendReportEP9KeyReport
                0x00083200        0xc C:\Users\install\AppData\Local\V.Micro\Arduino\Builds\DueWindShield\arduino_due_x_dbg/core.a(HID.cpp.o)
                0x00083200                Keyboard_::sendReport(KeyReport*)
 .text._ZN9Keyboard_5pressEh
                0x0008320c       0x88 C:\Users\install\AppData\Local\V.Micro\Arduino\Builds\DueWindShield\arduino_due_x_dbg/core.a(HID.cpp.o)
                0x0008320c                Keyboard_::press(unsigned char)
 .text._ZN9Keyboard_7releaseEh
                0x00083294       0x64 C:\Users\install\AppData\Local\V.Micro\Arduino\Builds\DueWindShield\arduino_due_x_dbg/core.a(HID.cpp.o)
                0x00083294                Keyboard_::release(unsigned char)
 .text._ZN9Keyboard_10releaseAllEv
                0x000832f8       0x18 C:\Users\install\AppData\Local\V.Micro\Arduino\Builds\DueWindShield\arduino_due_x_dbg/core.a(HID.cpp.o)
                0x000832f8                Keyboard_::releaseAll()
 .text.startup._GLOBAL__sub_I_Mouse
                0x00083310       0x1c C:\Users\install\AppData\Local\V.Micro\Arduino\Builds\DueWindShield\arduino_due_x_dbg/core.a(HID.cpp.o)
 .text.FindClockConfiguration
                0x0008332c       0x7c C:\Users\install\AppData\Roaming\arduino15\packages\arduino\hardware\sam\1.6.4\variants\arduino_due_x/libsam_sam3x8e_gcc_rel.a(pwmc.o)
 .text.PWMC_ConfigureChannel
                0x000833a8       0x60 C:\Users\install\AppData\Roaming\arduino15\packages\arduino\hardware\sam\1.6.4\variants\arduino_due_x/libsam_sam3x8e_gcc_rel.a(pwmc.o)
                0x000833a8                PWMC_ConfigureChannel
 .text.PWMC_ConfigureClocks
                0x00083408       0x54 C:\Users\install\AppData\Roaming\arduino15\packages\arduino\hardware\sam\1.6.4\variants\arduino_due_x/libsam_sam3x8e_gcc_rel.a(pwmc.o)
                0x00083408                PWMC_ConfigureClocks
 .text.PWMC_SetPeriod
                0x0008345c       0x1a C:\Users\install\AppData\Roaming\arduino15\packages\arduino\hardware\sam\1.6.4\variants\arduino_due_x/libsam_sam3x8e_gcc_rel.a(pwmc.o)
                0x0008345c                PWMC_SetPeriod
 *fill*         0x00083476        0x2 
 .text.PWMC_SetDutyCycle
                0x00083478       0x48 C:\Users\install\AppData\Roaming\arduino15\packages\arduino\hardware\sam\1.6.4\variants\arduino_due_x/libsam_sam3x8e_gcc_rel.a(pwmc.o)
                0x00083478                PWMC_SetDutyCycle
 .text.PWMC_EnableChannel
                0x000834c0        0x8 C:\Users\install\AppData\Roaming\arduino15\packages\arduino\hardware\sam\1.6.4\variants\arduino_due_x/libsam_sam3x8e_gcc_rel.a(pwmc.o)
                0x000834c0                PWMC_EnableChannel
 .text.TC_Configure
                0x000834c8       0x38 C:\Users\install\AppData\Roaming\arduino15\packages\arduino\hardware\sam\1.6.4\variants\arduino_due_x/libsam_sam3x8e_gcc_rel.a(tc.o)
                0x000834c8                TC_Configure
 .text.TC_Start
                0x00083500       0x2c C:\Users\install\AppData\Roaming\arduino15\packages\arduino\hardware\sam\1.6.4\variants\arduino_due_x/libsam_sam3x8e_gcc_rel.a(tc.o)
                0x00083500                TC_Start
 .text.TC_SetRA
                0x0008352c        0x8 C:\Users\install\AppData\Roaming\arduino15\packages\arduino\hardware\sam\1.6.4\variants\arduino_due_x/libsam_sam3x8e_gcc_rel.a(tc.o)
                0x0008352c                TC_SetRA
 .text.TC_SetRB
                0x00083534        0x8 C:\Users\install\AppData\Roaming\arduino15\packages\arduino\hardware\sam\1.6.4\variants\arduino_due_x/libsam_sam3x8e_gcc_rel.a(tc.o)
                0x00083534                TC_SetRB
 .text.TC_SetRC
                0x0008353c        0x8 C:\Users\install\AppData\Roaming\arduino15\packages\arduino\hardware\sam\1.6.4\variants\arduino_due_x/libsam_sam3x8e_gcc_rel.a(tc.o)
                0x0008353c                TC_SetRC
 .text.TimeTick_Increment
                0x00083544       0x10 C:\Users\install\AppData\Roaming\arduino15\packages\arduino\hardware\sam\1.6.4\variants\arduino_due_x/libsam_sam3x8e_gcc_rel.a(timetick.o)
                0x00083544                TimeTick_Increment
 .text.GetTickCount
                0x00083554        0xc C:\Users\install\AppData\Roaming\arduino15\packages\arduino\hardware\sam\1.6.4\variants\arduino_due_x/libsam_sam3x8e_gcc_rel.a(timetick.o)
                0x00083554                GetTickCount
 .text.WDT_Disable
                0x00083560        0x8 C:\Users\install\AppData\Roaming\arduino15\packages\arduino\hardware\sam\1.6.4\variants\arduino_due_x/libsam_sam3x8e_gcc_rel.a(wdt.o)
                0x00083560                WDT_Disable
 .text.SystemInit
                0x00083568       0x9c C:\Users\install\AppData\Roaming\arduino15\packages\arduino\hardware\sam\1.6.4\variants\arduino_due_x/libsam_sam3x8e_gcc_rel.a(system_sam3xa.o)
                0x00083568                SystemInit
 .text.adc_init
                0x00083604       0xa0 C:\Users\install\AppData\Roaming\arduino15\packages\arduino\hardware\sam\1.6.4\variants\arduino_due_x/libsam_sam3x8e_gcc_rel.a(adc.o)
                0x00083604                adc_init
 .text.adc_configure_trigger
                0x000836a4       0x10 C:\Users\install\AppData\Roaming\arduino15\packages\arduino\hardware\sam\1.6.4\variants\arduino_due_x/libsam_sam3x8e_gcc_rel.a(adc.o)
                0x000836a4                adc_configure_trigger
 .text.adc_configure_timing
                0x000836b4       0x1a C:\Users\install\AppData\Roaming\arduino15\packages\arduino\hardware\sam\1.6.4\variants\arduino_due_x/libsam_sam3x8e_gcc_rel.a(adc.o)
                0x000836b4                adc_configure_timing
 .text.adc_start
                0x000836ce        0x6 C:\Users\install\AppData\Roaming\arduino15\packages\arduino\hardware\sam\1.6.4\variants\arduino_due_x/libsam_sam3x8e_gcc_rel.a(adc.o)
                0x000836ce                adc_start
 .text.adc_enable_channel
                0x000836d4        0x8 C:\Users\install\AppData\Roaming\arduino15\packages\arduino\hardware\sam\1.6.4\variants\arduino_due_x/libsam_sam3x8e_gcc_rel.a(adc.o)
                0x000836d4                adc_enable_channel
 .text.adc_disable_channel
                0x000836dc        0x8 C:\Users\install\AppData\Roaming\arduino15\packages\arduino\hardware\sam\1.6.4\variants\arduino_due_x/libsam_sam3x8e_gcc_rel.a(adc.o)
                0x000836dc                adc_disable_channel
 .text.adc_disable_all_channel
                0x000836e4        0x8 C:\Users\install\AppData\Roaming\arduino15\packages\arduino\hardware\sam\1.6.4\variants\arduino_due_x/libsam_sam3x8e_gcc_rel.a(adc.o)
                0x000836e4                adc_disable_all_channel
 .text.adc_get_latest_value
                0x000836ec        0x4 C:\Users\install\AppData\Roaming\arduino15\packages\arduino\hardware\sam\1.6.4\variants\arduino_due_x/libsam_sam3x8e_gcc_rel.a(adc.o)
                0x000836ec                adc_get_latest_value
 .text.adc_disable_interrupt
                0x000836f0        0x4 C:\Users\install\AppData\Roaming\arduino15\packages\arduino\hardware\sam\1.6.4\variants\arduino_due_x/libsam_sam3x8e_gcc_rel.a(adc.o)
                0x000836f0                adc_disable_interrupt
 .text.adc_get_status
                0x000836f4        0x4 C:\Users\install\AppData\Roaming\arduino15\packages\arduino\hardware\sam\1.6.4\variants\arduino_due_x/libsam_sam3x8e_gcc_rel.a(adc.o)
                0x000836f4                adc_get_status
 .text.UDD_SetStack
                0x000836f8        0xc C:\Users\install\AppData\Roaming\arduino15\packages\arduino\hardware\sam\1.6.4\variants\arduino_due_x/libsam_sam3x8e_gcc_rel.a(uotghs_device.o)
                0x000836f8                UDD_SetStack
 .text.UDD_Init
                0x00083704       0xd0 C:\Users\install\AppData\Roaming\arduino15\packages\arduino\hardware\sam\1.6.4\variants\arduino_due_x/libsam_sam3x8e_gcc_rel.a(uotghs_device.o)
                0x00083704                UDD_Init
 .text.UDD_Attach
                0x000837d4       0x4c C:\Users\install\AppData\Roaming\arduino15\packages\arduino\hardware\sam\1.6.4\variants\arduino_due_x/libsam_sam3x8e_gcc_rel.a(uotghs_device.o)
                0x000837d4                UDD_Attach
 .text.UDD_InitEP
                0x00083820       0x30 C:\Users\install\AppData\Roaming\arduino15\packages\arduino\hardware\sam\1.6.4\variants\arduino_due_x/libsam_sam3x8e_gcc_rel.a(uotghs_device.o)
                0x00083820                UDD_InitEP
 .text.UDD_InitEndpoints
                0x00083850       0x3c C:\Users\install\AppData\Roaming\arduino15\packages\arduino\hardware\sam\1.6.4\variants\arduino_due_x/libsam_sam3x8e_gcc_rel.a(uotghs_device.o)
                0x00083850                UDD_InitEndpoints
 .text.UDD_WaitIN
                0x0008388c       0x14 C:\Users\install\AppData\Roaming\arduino15\packages\arduino\hardware\sam\1.6.4\variants\arduino_due_x/libsam_sam3x8e_gcc_rel.a(uotghs_device.o)
                0x0008388c                UDD_WaitIN
 .text.UDD_WaitOUT
                0x000838a0       0x14 C:\Users\install\AppData\Roaming\arduino15\packages\arduino\hardware\sam\1.6.4\variants\arduino_due_x/libsam_sam3x8e_gcc_rel.a(uotghs_device.o)
                0x000838a0                UDD_WaitOUT
 .text.UDD_ClearIN
                0x000838b4       0x18 C:\Users\install\AppData\Roaming\arduino15\packages\arduino\hardware\sam\1.6.4\variants\arduino_due_x/libsam_sam3x8e_gcc_rel.a(uotghs_device.o)
                0x000838b4                UDD_ClearIN
 .text.UDD_ClearOUT
                0x000838cc       0x18 C:\Users\install\AppData\Roaming\arduino15\packages\arduino\hardware\sam\1.6.4\variants\arduino_due_x/libsam_sam3x8e_gcc_rel.a(uotghs_device.o)
                0x000838cc                UDD_ClearOUT
 .text.UDD_ReceivedSetupInt
                0x000838e4       0x10 C:\Users\install\AppData\Roaming\arduino15\packages\arduino\hardware\sam\1.6.4\variants\arduino_due_x/libsam_sam3x8e_gcc_rel.a(uotghs_device.o)
                0x000838e4                UDD_ReceivedSetupInt
 .text.UDD_ClearSetupInt
                0x000838f4       0x10 C:\Users\install\AppData\Roaming\arduino15\packages\arduino\hardware\sam\1.6.4\variants\arduino_due_x/libsam_sam3x8e_gcc_rel.a(uotghs_device.o)
                0x000838f4                UDD_ClearSetupInt
 .text.UDD_Send
                0x00083904       0x90 C:\Users\install\AppData\Roaming\arduino15\packages\arduino\hardware\sam\1.6.4\variants\arduino_due_x/libsam_sam3x8e_gcc_rel.a(uotghs_device.o)
                0x00083904                UDD_Send
 .text.UDD_Send8
                0x00083994       0x28 C:\Users\install\AppData\Roaming\arduino15\packages\arduino\hardware\sam\1.6.4\variants\arduino_due_x/libsam_sam3x8e_gcc_rel.a(uotghs_device.o)
                0x00083994                UDD_Send8
 .text.UDD_Recv8
                0x000839bc       0x28 C:\Users\install\AppData\Roaming\arduino15\packages\arduino\hardware\sam\1.6.4\variants\arduino_due_x/libsam_sam3x8e_gcc_rel.a(uotghs_device.o)
                0x000839bc                UDD_Recv8
 .text.UDD_Recv
                0x000839e4       0x34 C:\Users\install\AppData\Roaming\arduino15\packages\arduino\hardware\sam\1.6.4\variants\arduino_due_x/libsam_sam3x8e_gcc_rel.a(uotghs_device.o)
                0x000839e4                UDD_Recv
 .text.UDD_Stall
                0x00083a18       0x14 C:\Users\install\AppData\Roaming\arduino15\packages\arduino\hardware\sam\1.6.4\variants\arduino_due_x/libsam_sam3x8e_gcc_rel.a(uotghs_device.o)
                0x00083a18                UDD_Stall
 .text.UDD_FifoByteCount
                0x00083a2c       0x1c C:\Users\install\AppData\Roaming\arduino15\packages\arduino\hardware\sam\1.6.4\variants\arduino_due_x/libsam_sam3x8e_gcc_rel.a(uotghs_device.o)
                0x00083a2c                UDD_FifoByteCount
 .text.UDD_ReleaseRX
                0x00083a48       0x2c C:\Users\install\AppData\Roaming\arduino15\packages\arduino\hardware\sam\1.6.4\variants\arduino_due_x/libsam_sam3x8e_gcc_rel.a(uotghs_device.o)
                0x00083a48                UDD_ReleaseRX
 .text.UDD_ReleaseTX
                0x00083a74       0x2c C:\Users\install\AppData\Roaming\arduino15\packages\arduino\hardware\sam\1.6.4\variants\arduino_due_x/libsam_sam3x8e_gcc_rel.a(uotghs_device.o)
                0x00083a74                UDD_ReleaseTX
 .text.UDD_SetAddress
                0x00083aa0       0x20 C:\Users\install\AppData\Roaming\arduino15\packages\arduino\hardware\sam\1.6.4\variants\arduino_due_x/libsam_sam3x8e_gcc_rel.a(uotghs_device.o)
                0x00083aa0                UDD_SetAddress
 .text.dacc_reset
                0x00083ac0        0x6 C:\Users\install\AppData\Roaming\arduino15\packages\arduino\hardware\sam\1.6.4\variants\arduino_due_x/libsam_sam3x8e_gcc_rel.a(dacc.o)
                0x00083ac0                dacc_reset
 .text.dacc_set_transfer_mode
                0x00083ac6       0x16 C:\Users\install\AppData\Roaming\arduino15\packages\arduino\hardware\sam\1.6.4\variants\arduino_due_x/libsam_sam3x8e_gcc_rel.a(dacc.o)
                0x00083ac6                dacc_set_transfer_mode
 .text.dacc_get_interrupt_status
                0x00083adc        0x4 C:\Users\install\AppData\Roaming\arduino15\packages\arduino\hardware\sam\1.6.4\variants\arduino_due_x/libsam_sam3x8e_gcc_rel.a(dacc.o)
                0x00083adc                dacc_get_interrupt_status
 .text.dacc_write_conversion_data
                0x00083ae0        0x4 C:\Users\install\AppData\Roaming\arduino15\packages\arduino\hardware\sam\1.6.4\variants\arduino_due_x/libsam_sam3x8e_gcc_rel.a(dacc.o)
                0x00083ae0                dacc_write_conversion_data
 .text.dacc_set_channel_selection
                0x00083ae4       0x18 C:\Users\install\AppData\Roaming\arduino15\packages\arduino\hardware\sam\1.6.4\variants\arduino_due_x/libsam_sam3x8e_gcc_rel.a(dacc.o)
                0x00083ae4                dacc_set_channel_selection
 .text.dacc_set_power_save
                0x00083afc       0x28 C:\Users\install\AppData\Roaming\arduino15\packages\arduino\hardware\sam\1.6.4\variants\arduino_due_x/libsam_sam3x8e_gcc_rel.a(dacc.o)
                0x00083afc                dacc_set_power_save
 .text.dacc_set_timing
                0x00083b24       0x30 C:\Users\install\AppData\Roaming\arduino15\packages\arduino\hardware\sam\1.6.4\variants\arduino_due_x/libsam_sam3x8e_gcc_rel.a(dacc.o)
                0x00083b24                dacc_set_timing
 .text.dacc_enable_channel
                0x00083b54       0x14 C:\Users\install\AppData\Roaming\arduino15\packages\arduino\hardware\sam\1.6.4\variants\arduino_due_x/libsam_sam3x8e_gcc_rel.a(dacc.o)
                0x00083b54                dacc_enable_channel
 .text.dacc_get_channel_status
                0x00083b68        0x4 C:\Users\install\AppData\Roaming\arduino15\packages\arduino\hardware\sam\1.6.4\variants\arduino_due_x/libsam_sam3x8e_gcc_rel.a(dacc.o)
                0x00083b68                dacc_get_channel_status
 .text.dacc_set_analog_control
                0x00083b6c        0x8 C:\Users\install\AppData\Roaming\arduino15\packages\arduino\hardware\sam\1.6.4\variants\arduino_due_x/libsam_sam3x8e_gcc_rel.a(dacc.o)
                0x00083b6c                dacc_set_analog_control
 .text.__fpclassifyd
                0x00083b74       0x50 c:/users/install/appdata/roaming/arduino15/packages/arduino/tools/arm-none-eabi-gcc/4.8.3-2014q1/bin/../lib/gcc/arm-none-eabi/4.8.3/../../../../arm-none-eabi/lib/armv7-m\libm.a(lib_a-s_fpclassify.o)
                0x00083b74                __fpclassifyd
 .text.pow      0x00083bc4      0x2f8 c:/users/install/appdata/roaming/arduino15/packages/arduino/tools/arm-none-eabi-gcc/4.8.3-2014q1/bin/../lib/gcc/arm-none-eabi/4.8.3/../../../../arm-none-eabi/lib/armv7-m\libm.a(lib_a-w_pow.o)
                0x00083bc4                pow
 *fill*         0x00083ebc        0x4 
 .text.__ieee754_pow
                0x00083ec0      0xab8 c:/users/install/appdata/roaming/arduino15/packages/arduino/tools/arm-none-eabi-gcc/4.8.3-2014q1/bin/../lib/gcc/arm-none-eabi/4.8.3/../../../../arm-none-eabi/lib/armv7-m\libm.a(lib_a-e_pow.o)
                0x00083ec0                __ieee754_pow
 .text.__ieee754_sqrt
                0x00084978      0x180 c:/users/install/appdata/roaming/arduino15/packages/arduino/tools/arm-none-eabi-gcc/4.8.3-2014q1/bin/../lib/gcc/arm-none-eabi/4.8.3/../../../../arm-none-eabi/lib/armv7-m\libm.a(lib_a-e_sqrt.o)
                0x00084978                __ieee754_sqrt
 .text.fabs     0x00084af8        0x8 c:/users/install/appdata/roaming/arduino15/packages/arduino/tools/arm-none-eabi-gcc/4.8.3-2014q1/bin/../lib/gcc/arm-none-eabi/4.8.3/../../../../arm-none-eabi/lib/armv7-m\libm.a(lib_a-s_fabs.o)
                0x00084af8                fabs
 .text.finite   0x00084b00        0xc c:/users/install/appdata/roaming/arduino15/packages/arduino/tools/arm-none-eabi-gcc/4.8.3-2014q1/bin/../lib/gcc/arm-none-eabi/4.8.3/../../../../arm-none-eabi/lib/armv7-m\libm.a(lib_a-s_finite.o)
                0x00084b00                finite
 .text.matherr  0x00084b0c        0x4 c:/users/install/appdata/roaming/arduino15/packages/arduino/tools/arm-none-eabi-gcc/4.8.3-2014q1/bin/../lib/gcc/arm-none-eabi/4.8.3/../../../../arm-none-eabi/lib/armv7-m\libm.a(lib_a-s_matherr.o)
                0x00084b0c                matherr
 .text.nan      0x00084b10        0xc c:/users/install/appdata/roaming/arduino15/packages/arduino/tools/arm-none-eabi-gcc/4.8.3-2014q1/bin/../lib/gcc/arm-none-eabi/4.8.3/../../../../arm-none-eabi/lib/armv7-m\libm.a(lib_a-s_nan.o)
                0x00084b10                nan
 .text.rint     0x00084b1c      0x118 c:/users/install/appdata/roaming/arduino15/packages/arduino/tools/arm-none-eabi-gcc/4.8.3-2014q1/bin/../lib/gcc/arm-none-eabi/4.8.3/../../../../arm-none-eabi/lib/armv7-m\libm.a(lib_a-s_rint.o)
                0x00084b1c                rint
 *fill*         0x00084c34        0x4 
 .text.scalbn   0x00084c38      0x100 c:/users/install/appdata/roaming/arduino15/packages/arduino/tools/arm-none-eabi-gcc/4.8.3-2014q1/bin/../lib/gcc/arm-none-eabi/4.8.3/../../../../arm-none-eabi/lib/armv7-m\libm.a(lib_a-s_scalbn.o)
                0x00084c38                scalbn
 .text.copysign
                0x00084d38       0x14 c:/users/install/appdata/roaming/arduino15/packages/arduino/tools/arm-none-eabi-gcc/4.8.3-2014q1/bin/../lib/gcc/arm-none-eabi/4.8.3/../../../../arm-none-eabi/lib/armv7-m\libm.a(lib_a-s_copysign.o)
                0x00084d38                copysign
 .text          0x00084d4c      0x370 c:/users/install/appdata/roaming/arduino15/packages/arduino/tools/arm-none-eabi-gcc/4.8.3-2014q1/bin/../lib/gcc/arm-none-eabi/4.8.3/armv7-m\libgcc.a(_arm_addsubdf3.o)
                0x00084d4c                __aeabi_drsub
                0x00084d54                __aeabi_dsub
                0x00084d54                __subdf3
                0x00084d58                __aeabi_dadd
                0x00084d58                __adddf3
                0x00084fd0                __floatunsidf
                0x00084fd0                __aeabi_ui2d
                0x00084ff0                __floatsidf
                0x00084ff0                __aeabi_i2d
                0x00085014                __aeabi_f2d
                0x00085014                __extendsfdf2
                0x00085050                __floatundidf
                0x00085050                __aeabi_ul2d
                0x00085060                __floatdidf
                0x00085060                __aeabi_l2d
 .text          0x000850bc      0x424 c:/users/install/appdata/roaming/arduino15/packages/arduino/tools/arm-none-eabi-gcc/4.8.3-2014q1/bin/../lib/gcc/arm-none-eabi/4.8.3/armv7-m\libgcc.a(_arm_muldivdf3.o)
                0x000850bc                __aeabi_dmul
                0x000850bc                __muldf3
                0x00085310                __divdf3
                0x00085310                __aeabi_ddiv
 .text          0x000854e0      0x110 c:/users/install/appdata/roaming/arduino15/packages/arduino/tools/arm-none-eabi-gcc/4.8.3-2014q1/bin/../lib/gcc/arm-none-eabi/4.8.3/armv7-m\libgcc.a(_arm_cmpdf2.o)
                0x000854e0                __gtdf2
                0x000854e0                __gedf2
                0x000854e8                __ltdf2
                0x000854e8                __ledf2
                0x000854f0                __nedf2
                0x000854f0                __eqdf2
                0x000854f0                __cmpdf2
                0x0008556c                __aeabi_cdrcmple
                0x0008557c                __aeabi_cdcmpeq
                0x0008557c                __aeabi_cdcmple
                0x0008558c                __aeabi_dcmpeq
                0x000855a0                __aeabi_dcmplt
                0x000855b4                __aeabi_dcmple
                0x000855c8                __aeabi_dcmpge
                0x000855dc                __aeabi_dcmpgt
 .text          0x000855f0       0x50 c:/users/install/appdata/roaming/arduino15/packages/arduino/tools/arm-none-eabi-gcc/4.8.3-2014q1/bin/../lib/gcc/arm-none-eabi/4.8.3/armv7-m\libgcc.a(_arm_fixdfsi.o)
                0x000855f0                __aeabi_d2iz
                0x000855f0                __fixdfsi
 .text.__aeabi_atexit
                0x00085640        0xc c:/users/install/appdata/roaming/arduino15/packages/arduino/tools/arm-none-eabi-gcc/4.8.3-2014q1/bin/../lib/gcc/arm-none-eabi/4.8.3/../../../../arm-none-eabi/lib/armv7-m\libg.a(lib_a-aeabi_atexit.o)
                0x00085640                __aeabi_atexit
 .text.__assert_func
                0x0008564c       0x3c c:/users/install/appdata/roaming/arduino15/packages/arduino/tools/arm-none-eabi-gcc/4.8.3-2014q1/bin/../lib/gcc/arm-none-eabi/4.8.3/../../../../arm-none-eabi/lib/armv7-m\libg.a(lib_a-assert.o)
                0x0008564c                __assert_func
 .text.atol     0x00085688        0x8 c:/users/install/appdata/roaming/arduino15/packages/arduino/tools/arm-none-eabi-gcc/4.8.3-2014q1/bin/../lib/gcc/arm-none-eabi/4.8.3/../../../../arm-none-eabi/lib/armv7-m\libg.a(lib_a-atol.o)
                0x00085688                atol
 .text.__cxa_atexit
                0x00085690       0x14 c:/users/install/appdata/roaming/arduino15/packages/arduino/tools/arm-none-eabi-gcc/4.8.3-2014q1/bin/../lib/gcc/arm-none-eabi/4.8.3/../../../../arm-none-eabi/lib/armv7-m\libg.a(lib_a-cxa_atexit.o)
                0x00085690                __cxa_atexit
 .text.__errno  0x000856a4        0xc c:/users/install/appdata/roaming/arduino15/packages/arduino/tools/arm-none-eabi-gcc/4.8.3-2014q1/bin/../lib/gcc/arm-none-eabi/4.8.3/../../../../arm-none-eabi/lib/armv7-m\libg.a(lib_a-errno.o)
                0x000856a4                __errno
 .text.fiprintf
                0x000856b0       0x28 c:/users/install/appdata/roaming/arduino15/packages/arduino/tools/arm-none-eabi-gcc/4.8.3-2014q1/bin/../lib/gcc/arm-none-eabi/4.8.3/../../../../arm-none-eabi/lib/armv7-m\libg.a(lib_a-fiprintf.o)
                0x000856b0                fiprintf
 .text.__libc_init_array
                0x000856d8       0x50 c:/users/install/appdata/roaming/arduino15/packages/arduino/tools/arm-none-eabi-gcc/4.8.3-2014q1/bin/../lib/gcc/arm-none-eabi/4.8.3/../../../../arm-none-eabi/lib/armv7-m\libg.a(lib_a-init.o)
                0x000856d8                __libc_init_array
 .text.iprintf  0x00085728       0x28 c:/users/install/appdata/roaming/arduino15/packages/arduino/tools/arm-none-eabi-gcc/4.8.3-2014q1/bin/../lib/gcc/arm-none-eabi/4.8.3/../../../../arm-none-eabi/lib/armv7-m\libg.a(lib_a-iprintf.o)
                0x00085728                iprintf
 .text.malloc   0x00085750       0x10 c:/users/install/appdata/roaming/arduino15/packages/arduino/tools/arm-none-eabi-gcc/4.8.3-2014q1/bin/../lib/gcc/arm-none-eabi/4.8.3/../../../../arm-none-eabi/lib/armv7-m\libg.a(lib_a-malloc.o)
                0x00085750                malloc
 .text.free     0x00085760       0x10 c:/users/install/appdata/roaming/arduino15/packages/arduino/tools/arm-none-eabi-gcc/4.8.3-2014q1/bin/../lib/gcc/arm-none-eabi/4.8.3/../../../../arm-none-eabi/lib/armv7-m\libg.a(lib_a-malloc.o)
                0x00085760                free
 .text._malloc_r
                0x00085770      0x538 c:/users/install/appdata/roaming/arduino15/packages/arduino/tools/arm-none-eabi-gcc/4.8.3-2014q1/bin/../lib/gcc/arm-none-eabi/4.8.3/../../../../arm-none-eabi/lib/armv7-m\libg.a(lib_a-mallocr.o)
                0x00085770                _malloc_r
 .text          0x00085ca8       0xec c:/users/install/appdata/roaming/arduino15/packages/arduino/tools/arm-none-eabi-gcc/4.8.3-2014q1/bin/../lib/gcc/arm-none-eabi/4.8.3/../../../../arm-none-eabi/lib/armv7-m\libg.a(lib_a-memcpy.o)
                0x00085ca8                memcpy
 .text.memmove  0x00085d94       0xcc c:/users/install/appdata/roaming/arduino15/packages/arduino/tools/arm-none-eabi-gcc/4.8.3-2014q1/bin/../lib/gcc/arm-none-eabi/4.8.3/../../../../arm-none-eabi/lib/armv7-m\libg.a(lib_a-memmove.o)
                0x00085d94                memmove
 .text.memset   0x00085e60       0x94 c:/users/install/appdata/roaming/arduino15/packages/arduino/tools/arm-none-eabi-gcc/4.8.3-2014q1/bin/../lib/gcc/arm-none-eabi/4.8.3/../../../../arm-none-eabi/lib/armv7-m\libg.a(lib_a-memset.o)
                0x00085e60                memset
 .text.__malloc_lock
                0x00085ef4        0x4 c:/users/install/appdata/roaming/arduino15/packages/arduino/tools/arm-none-eabi-gcc/4.8.3-2014q1/bin/../lib/gcc/arm-none-eabi/4.8.3/../../../../arm-none-eabi/lib/armv7-m\libg.a(lib_a-mlock.o)
                0x00085ef4                __malloc_lock
 .text.__malloc_unlock
                0x00085ef8        0x4 c:/users/install/appdata/roaming/arduino15/packages/arduino/tools/arm-none-eabi-gcc/4.8.3-2014q1/bin/../lib/gcc/arm-none-eabi/4.8.3/../../../../arm-none-eabi/lib/armv7-m\libg.a(lib_a-mlock.o)
                0x00085ef8                __malloc_unlock
 .text.realloc  0x00085efc       0x10 c:/users/install/appdata/roaming/arduino15/packages/arduino/tools/arm-none-eabi-gcc/4.8.3-2014q1/bin/../lib/gcc/arm-none-eabi/4.8.3/../../../../arm-none-eabi/lib/armv7-m\libg.a(lib_a-realloc.o)
                0x00085efc                realloc
 .text._realloc_r
                0x00085f0c      0x3c0 c:/users/install/appdata/roaming/arduino15/packages/arduino/tools/arm-none-eabi-gcc/4.8.3-2014q1/bin/../lib/gcc/arm-none-eabi/4.8.3/../../../../arm-none-eabi/lib/armv7-m\libg.a(lib_a-reallocr.o)
                0x00085f0c                _realloc_r
 .text._sbrk_r  0x000862cc       0x24 c:/users/install/appdata/roaming/arduino15/packages/arduino/tools/arm-none-eabi-gcc/4.8.3-2014q1/bin/../lib/gcc/arm-none-eabi/4.8.3/../../../../arm-none-eabi/lib/armv7-m\libg.a(lib_a-sbrkr.o)
                0x000862cc                _sbrk_r
 .text.sprintf  0x000862f0       0x4c c:/users/install/appdata/roaming/arduino15/packages/arduino/tools/arm-none-eabi-gcc/4.8.3-2014q1/bin/../lib/gcc/arm-none-eabi/4.8.3/../../../../arm-none-eabi/lib/armv7-m\libg.a(lib_a-sprintf.o)
                0x000862f0                sprintf
 .text          0x0008633c      0x23c c:/users/install/appdata/roaming/arduino15/packages/arduino/tools/arm-none-eabi-gcc/4.8.3-2014q1/bin/../lib/gcc/arm-none-eabi/4.8.3/../../../../arm-none-eabi/lib/armv7-m\libg.a(lib_a-strcmp.o)
                0x0008633c                strcmp
 .text.strcpy   0x00086578       0xbc c:/users/install/appdata/roaming/arduino15/packages/arduino/tools/arm-none-eabi-gcc/4.8.3-2014q1/bin/../lib/gcc/arm-none-eabi/4.8.3/../../../../arm-none-eabi/lib/armv7-m\libg.a(lib_a-strcpy.o)
                0x00086578                strcpy
 .text.strlen   0x00086634       0x60 c:/users/install/appdata/roaming/arduino15/packages/arduino/tools/arm-none-eabi-gcc/4.8.3-2014q1/bin/../lib/gcc/arm-none-eabi/4.8.3/../../../../arm-none-eabi/lib/armv7-m\libg.a(lib_a-strlen.o)
                0x00086634                strlen
 .text._strtol_r
                0x00086694      0x114 c:/users/install/appdata/roaming/arduino15/packages/arduino/tools/arm-none-eabi-gcc/4.8.3-2014q1/bin/../lib/gcc/arm-none-eabi/4.8.3/../../../../arm-none-eabi/lib/armv7-m\libg.a(lib_a-strtol.o)
                0x00086694                _strtol_r
 .text.strtol   0x000867a8       0x18 c:/users/install/appdata/roaming/arduino15/packages/arduino/tools/arm-none-eabi-gcc/4.8.3-2014q1/bin/../lib/gcc/arm-none-eabi/4.8.3/../../../../arm-none-eabi/lib/armv7-m\libg.a(lib_a-strtol.o)
                0x000867a8                strtol
 .text._svfprintf_r
                0x000867c0     0x14e0 c:/users/install/appdata/roaming/arduino15/packages/arduino/tools/arm-none-eabi-gcc/4.8.3-2014q1/bin/../lib/gcc/arm-none-eabi/4.8.3/../../../../arm-none-eabi/lib/armv7-m\libg.a(lib_a-svfprintf.o)
                0x000867c0                _svfprintf_r
 .text.toupper  0x00087ca0       0x18 c:/users/install/appdata/roaming/arduino15/packages/arduino/tools/arm-none-eabi-gcc/4.8.3-2014q1/bin/../lib/gcc/arm-none-eabi/4.8.3/../../../../arm-none-eabi/lib/armv7-m\libg.a(lib_a-toupper.o)
                0x00087ca0                toupper
 .text.__sprint_r.part.0
                0x00087cb8       0x78 c:/users/install/appdata/roaming/arduino15/packages/arduino/tools/arm-none-eabi-gcc/4.8.3-2014q1/bin/../lib/gcc/arm-none-eabi/4.8.3/../../../../arm-none-eabi/lib/armv7-m\libg.a(lib_a-vfiprintf.o)
 .text._vfiprintf_r
                0x00087d30      0xc54 c:/users/install/appdata/roaming/arduino15/packages/arduino/tools/arm-none-eabi-gcc/4.8.3-2014q1/bin/../lib/gcc/arm-none-eabi/4.8.3/../../../../arm-none-eabi/lib/armv7-m\libg.a(lib_a-vfiprintf.o)
                0x00087d30                _vfiprintf_r
 .text.__sbprintf
                0x00088984       0x7c c:/users/install/appdata/roaming/arduino15/packages/arduino/tools/arm-none-eabi-gcc/4.8.3-2014q1/bin/../lib/gcc/arm-none-eabi/4.8.3/../../../../arm-none-eabi/lib/armv7-m\libg.a(lib_a-vfiprintf.o)
 .text.__swsetup_r
                0x00088a00       0xc4 c:/users/install/appdata/roaming/arduino15/packages/arduino/tools/arm-none-eabi-gcc/4.8.3-2014q1/bin/../lib/gcc/arm-none-eabi/4.8.3/../../../../arm-none-eabi/lib/armv7-m\libg.a(lib_a-wsetup.o)
                0x00088a00                __swsetup_r
 .text.__register_exitproc
                0x00088ac4       0xa8 c:/users/install/appdata/roaming/arduino15/packages/arduino/tools/arm-none-eabi-gcc/4.8.3-2014q1/bin/../lib/gcc/arm-none-eabi/4.8.3/../../../../arm-none-eabi/lib/armv7-m\libg.a(lib_a-__atexit.o)
                0x00088ac4                __register_exitproc
 .text.startup.register_fini
                0x00088b6c       0x14 c:/users/install/appdata/roaming/arduino15/packages/arduino/tools/arm-none-eabi-gcc/4.8.3-2014q1/bin/../lib/gcc/arm-none-eabi/4.8.3/../../../../arm-none-eabi/lib/armv7-m\libg.a(lib_a-__call_atexit.o)
 .text.abort    0x00088b80       0x10 c:/users/install/appdata/roaming/arduino15/packages/arduino/tools/arm-none-eabi-gcc/4.8.3-2014q1/bin/../lib/gcc/arm-none-eabi/4.8.3/../../../../arm-none-eabi/lib/armv7-m\libg.a(lib_a-abort.o)
                0x00088b80                abort
 .text.atexit   0x00088b90        0xc c:/users/install/appdata/roaming/arduino15/packages/arduino/tools/arm-none-eabi-gcc/4.8.3-2014q1/bin/../lib/gcc/arm-none-eabi/4.8.3/../../../../arm-none-eabi/lib/armv7-m\libg.a(lib_a-atexit.o)
                0x00088b90                atexit
 .text.quorem   0x00088b9c      0x134 c:/users/install/appdata/roaming/arduino15/packages/arduino/tools/arm-none-eabi-gcc/4.8.3-2014q1/bin/../lib/gcc/arm-none-eabi/4.8.3/../../../../arm-none-eabi/lib/armv7-m\libg.a(lib_a-dtoa.o)
 .text._dtoa_r  0x00088cd0      0xe38 c:/users/install/appdata/roaming/arduino15/packages/arduino/tools/arm-none-eabi-gcc/4.8.3-2014q1/bin/../lib/gcc/arm-none-eabi/4.8.3/../../../../arm-none-eabi/lib/armv7-m\libg.a(lib_a-dtoa.o)
                0x00088cd0                _dtoa_r
 .text.__sflush_r
                0x00089b08      0x148 c:/users/install/appdata/roaming/arduino15/packages/arduino/tools/arm-none-eabi-gcc/4.8.3-2014q1/bin/../lib/gcc/arm-none-eabi/4.8.3/../../../../arm-none-eabi/lib/armv7-m\libg.a(lib_a-fflush.o)
                0x00089b08                __sflush_r
 .text._fflush_r
                0x00089c50       0x2c c:/users/install/appdata/roaming/arduino15/packages/arduino/tools/arm-none-eabi-gcc/4.8.3-2014q1/bin/../lib/gcc/arm-none-eabi/4.8.3/../../../../arm-none-eabi/lib/armv7-m\libg.a(lib_a-fflush.o)
                0x00089c50                _fflush_r
 .text._cleanup_r
                0x00089c7c        0xc c:/users/install/appdata/roaming/arduino15/packages/arduino/tools/arm-none-eabi-gcc/4.8.3-2014q1/bin/../lib/gcc/arm-none-eabi/4.8.3/../../../../arm-none-eabi/lib/armv7-m\libg.a(lib_a-findfp.o)
                0x00089c7c                _cleanup_r
 .text.__sinit  0x00089c88       0xf4 c:/users/install/appdata/roaming/arduino15/packages/arduino/tools/arm-none-eabi-gcc/4.8.3-2014q1/bin/../lib/gcc/arm-none-eabi/4.8.3/../../../../arm-none-eabi/lib/armv7-m\libg.a(lib_a-findfp.o)
                0x00089c88                __sinit
 .text.__sfp_lock_acquire
                0x00089d7c        0x4 c:/users/install/appdata/roaming/arduino15/packages/arduino/tools/arm-none-eabi-gcc/4.8.3-2014q1/bin/../lib/gcc/arm-none-eabi/4.8.3/../../../../arm-none-eabi/lib/armv7-m\libg.a(lib_a-findfp.o)
                0x00089d7c                __sfp_lock_acquire
 .text.__sfp_lock_release
                0x00089d80        0x4 c:/users/install/appdata/roaming/arduino15/packages/arduino/tools/arm-none-eabi-gcc/4.8.3-2014q1/bin/../lib/gcc/arm-none-eabi/4.8.3/../../../../arm-none-eabi/lib/armv7-m\libg.a(lib_a-findfp.o)
                0x00089d80                __sfp_lock_release
 .text.__libc_fini_array
                0x00089d84       0x30 c:/users/install/appdata/roaming/arduino15/packages/arduino/tools/arm-none-eabi-gcc/4.8.3-2014q1/bin/../lib/gcc/arm-none-eabi/4.8.3/../../../../arm-none-eabi/lib/armv7-m\libg.a(lib_a-fini.o)
                0x00089d84                __libc_fini_array
 .text._fputwc_r
                0x00089db4       0xc0 c:/users/install/appdata/roaming/arduino15/packages/arduino/tools/arm-none-eabi-gcc/4.8.3-2014q1/bin/../lib/gcc/arm-none-eabi/4.8.3/../../../../arm-none-eabi/lib/armv7-m\libg.a(lib_a-fputwc.o)
                0x00089db4                _fputwc_r
 .text._malloc_trim_r
                0x00089e74       0x9c c:/users/install/appdata/roaming/arduino15/packages/arduino/tools/arm-none-eabi-gcc/4.8.3-2014q1/bin/../lib/gcc/arm-none-eabi/4.8.3/../../../../arm-none-eabi/lib/armv7-m\libg.a(lib_a-freer.o)
                0x00089e74                _malloc_trim_r
 .text._free_r  0x00089f10      0x198 c:/users/install/appdata/roaming/arduino15/packages/arduino/tools/arm-none-eabi-gcc/4.8.3-2014q1/bin/../lib/gcc/arm-none-eabi/4.8.3/../../../../arm-none-eabi/lib/armv7-m\libg.a(lib_a-freer.o)
                0x00089f10                _free_r
 .text.__sfvwrite_r
                0x0008a0a8      0x314 c:/users/install/appdata/roaming/arduino15/packages/arduino/tools/arm-none-eabi-gcc/4.8.3-2014q1/bin/../lib/gcc/arm-none-eabi/4.8.3/../../../../arm-none-eabi/lib/armv7-m\libg.a(lib_a-fvwrite.o)
                0x0008a0a8                __sfvwrite_r
 .text._fwalk   0x0008a3bc       0x48 c:/users/install/appdata/roaming/arduino15/packages/arduino/tools/arm-none-eabi-gcc/4.8.3-2014q1/bin/../lib/gcc/arm-none-eabi/4.8.3/../../../../arm-none-eabi/lib/armv7-m\libg.a(lib_a-fwalk.o)
                0x0008a3bc                _fwalk
 .text.__locale_charset
                0x0008a404        0x8 c:/users/install/appdata/roaming/arduino15/packages/arduino/tools/arm-none-eabi-gcc/4.8.3-2014q1/bin/../lib/gcc/arm-none-eabi/4.8.3/../../../../arm-none-eabi/lib/armv7-m\libg.a(lib_a-locale.o)
                0x0008a404                __locale_charset
 .text.__locale_mb_cur_max
                0x0008a40c        0xc c:/users/install/appdata/roaming/arduino15/packages/arduino/tools/arm-none-eabi-gcc/4.8.3-2014q1/bin/../lib/gcc/arm-none-eabi/4.8.3/../../../../arm-none-eabi/lib/armv7-m\libg.a(lib_a-locale.o)
                0x0008a40c                __locale_mb_cur_max
 .text._localeconv_r
                0x0008a418        0x8 c:/users/install/appdata/roaming/arduino15/packages/arduino/tools/arm-none-eabi-gcc/4.8.3-2014q1/bin/../lib/gcc/arm-none-eabi/4.8.3/../../../../arm-none-eabi/lib/armv7-m\libg.a(lib_a-locale.o)
                0x0008a418                _localeconv_r
 .text.__smakebuf_r
                0x0008a420       0xe0 c:/users/install/appdata/roaming/arduino15/packages/arduino/tools/arm-none-eabi-gcc/4.8.3-2014q1/bin/../lib/gcc/arm-none-eabi/4.8.3/../../../../arm-none-eabi/lib/armv7-m\libg.a(lib_a-makebuf.o)
                0x0008a420                __smakebuf_r
 .text.memchr   0x0008a500       0x94 c:/users/install/appdata/roaming/arduino15/packages/arduino/tools/arm-none-eabi-gcc/4.8.3-2014q1/bin/../lib/gcc/arm-none-eabi/4.8.3/../../../../arm-none-eabi/lib/armv7-m\libg.a(lib_a-memchr-stub.o)
                0x0008a500                memchr
 .text._Balloc  0x0008a594       0x4c c:/users/install/appdata/roaming/arduino15/packages/arduino/tools/arm-none-eabi-gcc/4.8.3-2014q1/bin/../lib/gcc/arm-none-eabi/4.8.3/../../../../arm-none-eabi/lib/armv7-m\libg.a(lib_a-mprec.o)
                0x0008a594                _Balloc
 .text._Bfree   0x0008a5e0       0x14 c:/users/install/appdata/roaming/arduino15/packages/arduino/tools/arm-none-eabi-gcc/4.8.3-2014q1/bin/../lib/gcc/arm-none-eabi/4.8.3/../../../../arm-none-eabi/lib/armv7-m\libg.a(lib_a-mprec.o)
                0x0008a5e0                _Bfree
 .text.__multadd
                0x0008a5f4       0x94 c:/users/install/appdata/roaming/arduino15/packages/arduino/tools/arm-none-eabi-gcc/4.8.3-2014q1/bin/../lib/gcc/arm-none-eabi/4.8.3/../../../../arm-none-eabi/lib/armv7-m\libg.a(lib_a-mprec.o)
                0x0008a5f4                __multadd
 .text.__hi0bits
                0x0008a688       0x40 c:/users/install/appdata/roaming/arduino15/packages/arduino/tools/arm-none-eabi-gcc/4.8.3-2014q1/bin/../lib/gcc/arm-none-eabi/4.8.3/../../../../arm-none-eabi/lib/armv7-m\libg.a(lib_a-mprec.o)
                0x0008a688                __hi0bits
 .text.__lo0bits
                0x0008a6c8       0x5c c:/users/install/appdata/roaming/arduino15/packages/arduino/tools/arm-none-eabi-gcc/4.8.3-2014q1/bin/../lib/gcc/arm-none-eabi/4.8.3/../../../../arm-none-eabi/lib/armv7-m\libg.a(lib_a-mprec.o)
                0x0008a6c8                __lo0bits
 .text.__i2b    0x0008a724       0x14 c:/users/install/appdata/roaming/arduino15/packages/arduino/tools/arm-none-eabi-gcc/4.8.3-2014q1/bin/../lib/gcc/arm-none-eabi/4.8.3/../../../../arm-none-eabi/lib/armv7-m\libg.a(lib_a-mprec.o)
                0x0008a724                __i2b
 .text.__multiply
                0x0008a738      0x13c c:/users/install/appdata/roaming/arduino15/packages/arduino/tools/arm-none-eabi-gcc/4.8.3-2014q1/bin/../lib/gcc/arm-none-eabi/4.8.3/../../../../arm-none-eabi/lib/armv7-m\libg.a(lib_a-mprec.o)
                0x0008a738                __multiply
 .text.__pow5mult
                0x0008a874       0x9c c:/users/install/appdata/roaming/arduino15/packages/arduino/tools/arm-none-eabi-gcc/4.8.3-2014q1/bin/../lib/gcc/arm-none-eabi/4.8.3/../../../../arm-none-eabi/lib/armv7-m\libg.a(lib_a-mprec.o)
                0x0008a874                __pow5mult
 .text.__lshift
                0x0008a910       0xbc c:/users/install/appdata/roaming/arduino15/packages/arduino/tools/arm-none-eabi-gcc/4.8.3-2014q1/bin/../lib/gcc/arm-none-eabi/4.8.3/../../../../arm-none-eabi/lib/armv7-m\libg.a(lib_a-mprec.o)
                0x0008a910                __lshift
 .text.__mcmp   0x0008a9cc       0x48 c:/users/install/appdata/roaming/arduino15/packages/arduino/tools/arm-none-eabi-gcc/4.8.3-2014q1/bin/../lib/gcc/arm-none-eabi/4.8.3/../../../../arm-none-eabi/lib/armv7-m\libg.a(lib_a-mprec.o)
                0x0008a9cc                __mcmp
 .text.__mdiff  0x0008aa14       0xd8 c:/users/install/appdata/roaming/arduino15/packages/arduino/tools/arm-none-eabi-gcc/4.8.3-2014q1/bin/../lib/gcc/arm-none-eabi/4.8.3/../../../../arm-none-eabi/lib/armv7-m\libg.a(lib_a-mprec.o)
                0x0008aa14                __mdiff
 .text.__d2b    0x0008aaec       0xbc c:/users/install/appdata/roaming/arduino15/packages/arduino/tools/arm-none-eabi-gcc/4.8.3-2014q1/bin/../lib/gcc/arm-none-eabi/4.8.3/../../../../arm-none-eabi/lib/armv7-m\libg.a(lib_a-mprec.o)
                0x0008aaec                __d2b
 .text._raise_r
                0x0008aba8       0x58 c:/users/install/appdata/roaming/arduino15/packages/arduino/tools/arm-none-eabi-gcc/4.8.3-2014q1/bin/../lib/gcc/arm-none-eabi/4.8.3/../../../../arm-none-eabi/lib/armv7-m\libg.a(lib_a-signal.o)
                0x0008aba8                _raise_r
 .text.raise    0x0008ac00       0x10 c:/users/install/appdata/roaming/arduino15/packages/arduino/tools/arm-none-eabi-gcc/4.8.3-2014q1/bin/../lib/gcc/arm-none-eabi/4.8.3/../../../../arm-none-eabi/lib/armv7-m\libg.a(lib_a-signal.o)
                0x0008ac00                raise