Archive member included because of file (symbol)

C:\Users\install\AppData\Roaming\arduino15\packages\arduino\hardware\sam\1.6.4\variants\arduino_due_x/libsam_sam3x8e_gcc_rel.a(pio.o)
                              C:\Users\install\AppData\Local\V.Micro\Arduino\Builds\DueWindShield\arduino_due_x_dbg\Wire\Wire.cpp.o (PIO_Configure)
C:\Users\install\AppData\Roaming\arduino15\packages\arduino\hardware\sam\1.6.4\variants\arduino_due_x/libsam_sam3x8e_gcc_rel.a(pmc.o)
                              C:\Users\install\AppData\Local\V.Micro\Arduino\Builds\DueWindShield\arduino_due_x_dbg\Wire\Wire.cpp.o (pmc_enable_periph_clk)
C:\Users\install\AppData\Roaming\arduino15\packages\arduino\hardware\sam\1.6.4\variants\arduino_due_x/libsam_sam3x8e_gcc_rel.a(twi.o)
                              C:\Users\install\AppData\Local\V.Micro\Arduino\Builds\DueWindShield\arduino_due_x_dbg\Wire\Wire.cpp.o (TWI_SetClock)
C:\Users\install\AppData\Roaming\arduino15\packages\arduino\hardware\sam\1.6.4\variants\arduino_due_x/libsam_sam3x8e_gcc_rel.a(startup_sam3xa.o)
                              (Reset_Handler)
C:\Users\install\AppData\Roaming\arduino15\packages\arduino\hardware\sam\1.6.4\variants\arduino_due_x/libsam_sam3x8e_gcc_rel.a(uotghs.o)
                              C:\Users\install\AppData\Roaming\arduino15\packages\arduino\hardware\sam\1.6.4\variants\arduino_due_x/libsam_sam3x8e_gcc_rel.a(startup_sam3xa.o) (UOTGHS_Handler)
C:\Users\install\AppData\Local\V.Micro\Arduino\Builds\DueWindShield\arduino_due_x_dbg/core.a(cortex_handlers.c.o)
                              C:\Users\install\AppData\Roaming\arduino15\packages\arduino\hardware\sam\1.6.4\variants\arduino_due_x/libsam_sam3x8e_gcc_rel.a(startup_sam3xa.o) (NMI_Handler)
C:\Users\install\AppData\Local\V.Micro\Arduino\Builds\DueWindShield\arduino_due_x_dbg/core.a(hooks.c.o)
                              C:\Users\install\AppData\Local\V.Micro\Arduino\Builds\DueWindShield\arduino_due_x_dbg/core.a(cortex_handlers.c.o) (sysTickHook)
C:\Users\install\AppData\Local\V.Micro\Arduino\Builds\DueWindShield\arduino_due_x_dbg/core.a(wiring.c.o)
                              C:\Users\install\AppData\Local\V.Micro\Arduino\Builds\DueWindShield\arduino_due_x_dbg\DueWindShield.cpp.o (micros)
C:\Users\install\AppData\Local\V.Micro\Arduino\Builds\DueWindShield\arduino_due_x_dbg/core.a(wiring_analog.c.o)
                              C:\Users\install\AppData\Local\V.Micro\Arduino\Builds\DueWindShield\arduino_due_x_dbg\DueWindShield.cpp.o (analogReadResolution)
C:\Users\install\AppData\Local\V.Micro\Arduino\Builds\DueWindShield\arduino_due_x_dbg/core.a(wiring_digital.c.o)
                              C:\Users\install\AppData\Local\V.Micro\Arduino\Builds\DueWindShield\arduino_due_x_dbg\DueWindShield.cpp.o (pinMode)
C:\Users\install\AppData\Local\V.Micro\Arduino\Builds\DueWindShield\arduino_due_x_dbg/core.a(abi.cpp.o)
                              C:\Users\install\AppData\Local\V.Micro\Arduino\Builds\DueWindShield\arduino_due_x_dbg\Wire\Wire.cpp.o (__cxa_pure_virtual)
C:\Users\install\AppData\Local\V.Micro\Arduino\Builds\DueWindShield\arduino_due_x_dbg/core.a(main.cpp.o)
                              c:/users/install/appdata/roaming/arduino15/packages/arduino/tools/arm-none-eabi-gcc/4.8.3-2014q1/bin/../lib/gcc/arm-none-eabi/4.8.3/../../../../arm-none-eabi/lib/armv7-m/crt0.o (main)
C:\Users\install\AppData\Local\V.Micro\Arduino\Builds\DueWindShield\arduino_due_x_dbg/core.a(Print.cpp.o)
                              C:\Users\install\AppData\Local\V.Micro\Arduino\Builds\DueWindShield\arduino_due_x_dbg\Wire\Wire.cpp.o (Print::write(unsigned char const*, unsigned int))
C:\Users\install\AppData\Local\V.Micro\Arduino\Builds\DueWindShield\arduino_due_x_dbg/core.a(Reset.cpp.o)
                              C:\Users\install\AppData\Local\V.Micro\Arduino\Builds\DueWindShield\arduino_due_x_dbg/core.a(cortex_handlers.c.o) (tickReset)
C:\Users\install\AppData\Local\V.Micro\Arduino\Builds\DueWindShield\arduino_due_x_dbg/core.a(UARTClass.cpp.o)
                              C:\Users\install\AppData\Local\V.Micro\Arduino\Builds\DueWindShield\arduino_due_x_dbg\DueWindShield.cpp.o (UARTClass::available())
C:\Users\install\AppData\Local\V.Micro\Arduino\Builds\DueWindShield\arduino_due_x_dbg/core.a(USARTClass.cpp.o)
                              C:\Users\install\AppData\Local\V.Micro\Arduino\Builds\DueWindShield\arduino_due_x_dbg\DueWindShield.cpp.o (USARTClass::begin(unsigned long))
C:\Users\install\AppData\Local\V.Micro\Arduino\Builds\DueWindShield\arduino_due_x_dbg/core.a(WString.cpp.o)
                              C:\Users\install\AppData\Local\V.Micro\Arduino\Builds\DueWindShield\arduino_due_x_dbg\DueWindShield.cpp.o (String::~String())
C:\Users\install\AppData\Local\V.Micro\Arduino\Builds\DueWindShield\arduino_due_x_dbg/core.a(USBCore.cpp.o)
                              C:\Users\install\AppData\Local\V.Micro\Arduino\Builds\DueWindShield\arduino_due_x_dbg/core.a(main.cpp.o) (USBDevice_::attach())
[...]
Memory Configuration

Name             Origin             Length             Attributes
rom              0x00080000         0x00080000         xr
sram0            0x20000000         0x00010000         xrw
sram1            0x20080000         0x00008000         xrw
ram              0x20070000         0x00018000         xrw
*default*        0x00000000         0xffffffff

Linker script and memory map

LOAD c:/users/install/appdata/roaming/arduino15/packages/arduino/tools/arm-none-eabi-gcc/4.8.3-2014q1/bin/../lib/gcc/arm-none-eabi/4.8.3/armv7-m/crti.o
LOAD c:/users/install/appdata/roaming/arduino15/packages/arduino/tools/arm-none-eabi-gcc/4.8.3-2014q1/bin/../lib/gcc/arm-none-eabi/4.8.3/armv7-m/crtbegin.o
LOAD c:/users/install/appdata/roaming/arduino15/packages/arduino/tools/arm-none-eabi-gcc/4.8.3-2014q1/bin/../lib/gcc/arm-none-eabi/4.8.3/../../../../arm-none-eabi/lib/armv7-m/crt0.o
START GROUP
LOAD C:\Users\install\AppData\Local\V.Micro\Arduino\Builds\DueWindShield\arduino_due_x_dbg/syscalls_sam3.c.o
LOAD C:\Users\install\AppData\Local\V.Micro\Arduino\Builds\DueWindShield\arduino_due_x_dbg\constString.cpp.o
LOAD C:\Users\install\AppData\Local\V.Micro\Arduino\Builds\DueWindShield\arduino_due_x_dbg\DueWindShield.cpp.o
LOAD C:\Users\install\AppData\Local\V.Micro\Arduino\Builds\DueWindShield\arduino_due_x_dbg\MCP4726.cpp.o
LOAD C:\Users\install\AppData\Local\V.Micro\Arduino\Builds\DueWindShield\arduino_due_x_dbg\speed_enc.cpp.o
LOAD C:\Users\install\AppData\Local\V.Micro\Arduino\Builds\DueWindShield\arduino_due_x_dbg\Wire\Wire.cpp.o
LOAD C:\Users\install\AppData\Roaming\arduino15\packages\arduino\hardware\sam\1.6.4\variants\arduino_due_x/libsam_sam3x8e_gcc_rel.a
LOAD C:\Users\install\AppData\Local\V.Micro\Arduino\Builds\DueWindShield\arduino_due_x_dbg/core.a
END GROUP
LOAD c:/users/install/appdata/roaming/arduino15/packages/arduino/tools/arm-none-eabi-gcc/4.8.3-2014q1/bin/../lib/gcc/arm-none-eabi/4.8.3/../../../../arm-none-eabi/lib/armv7-m\libm.a
START GROUP
LOAD c:/users/install/appdata/roaming/arduino15/packages/arduino/tools/arm-none-eabi-gcc/4.8.3-2014q1/bin/../lib/gcc/arm-none-eabi/4.8.3/armv7-m\libgcc.a
LOAD c:/users/install/appdata/roaming/arduino15/packages/arduino/tools/arm-none-eabi-gcc/4.8.3-2014q1/bin/../lib/gcc/arm-none-eabi/4.8.3/../../../../arm-none-eabi/lib/armv7-m\libg.a
LOAD c:/users/install/appdata/roaming/arduino15/packages/arduino/tools/arm-none-eabi-gcc/4.8.3-2014q1/bin/../lib/gcc/arm-none-eabi/4.8.3/../../../../arm-none-eabi/lib/armv7-m\libc.a
END GROUP
LOAD c:/users/install/appdata/roaming/arduino15/packages/arduino/tools/arm-none-eabi-gcc/4.8.3-2014q1/bin/../lib/gcc/arm-none-eabi/4.8.3/armv7-m/crtend.o
LOAD c:/users/install/appdata/roaming/arduino15/packages/arduino/tools/arm-none-eabi-gcc/4.8.3-2014q1/bin/../lib/gcc/arm-none-eabi/4.8.3/armv7-m/crtn.o

.text           0x00080000     0xcf70
                0x00080000                . = ALIGN (0x4)
                0x00080000                _sfixed = .
 *(.vectors .vectors.*)
 .vectors       0x00080000       0xf4 C:\Users\install\AppData\Roaming\arduino15\packages\arduino\hardware\sam\1.6.4\variants\arduino_due_x/libsam_sam3x8e_gcc_rel.a(startup_sam3xa.o)
                0x00080000                exception_table
 *(.text .text.* .gnu.linkonce.t.*)
 .text          0x000800f4       0x54 c:/users/install/appdata/roaming/arduino15/packages/arduino/tools/arm-none-eabi-gcc/4.8.3-2014q1/bin/../lib/gcc/arm-none-eabi/4.8.3/armv7-m/crtbegin.o
 .text._sbrk    0x00080148       0x1c C:\Users\install\AppData\Local\V.Micro\Arduino\Builds\DueWindShield\arduino_due_x_dbg/syscalls_sam3.c.o
                0x00080148                _sbrk
 .text._close   0x00080164        0x6 C:\Users\install\AppData\Local\V.Micro\Arduino\Builds\DueWindShield\arduino_due_x_dbg/syscalls_sam3.c.o
                0x00080164                _close
 .text._fstat   0x0008016a        0xa C:\Users\install\AppData\Local\V.Micro\Arduino\Builds\DueWindShield\arduino_due_x_dbg/syscalls_sam3.c.o
                0x0008016a                _fstat
 .text._isatty  0x00080174        0x4 C:\Users\install\AppData\Local\V.Micro\Arduino\Builds\DueWindShield\arduino_due_x_dbg/syscalls_sam3.c.o
                0x00080174                _isatty
 .text._lseek   0x00080178        0x4 C:\Users\install\AppData\Local\V.Micro\Arduino\Builds\DueWindShield\arduino_due_x_dbg/syscalls_sam3.c.o
                0x00080178                _lseek
 .text._read    0x0008017c        0x4 C:\Users\install\AppData\Local\V.Micro\Arduino\Builds\DueWindShield\arduino_due_x_dbg/syscalls_sam3.c.o
                0x0008017c                _read
 .text._write   0x00080180       0x24 C:\Users\install\AppData\Local\V.Micro\Arduino\Builds\DueWindShield\arduino_due_x_dbg/syscalls_sam3.c.o
                0x00080180                _write
 .text._exit    0x000801a4       0x10 C:\Users\install\AppData\Local\V.Micro\Arduino\Builds\DueWindShield\arduino_due_x_dbg/syscalls_sam3.c.o
                0x000801a4                _exit
 .text._kill    0x000801b4        0x2 C:\Users\install\AppData\Local\V.Micro\Arduino\Builds\DueWindShield\arduino_due_x_dbg/syscalls_sam3.c.o
                0x000801b4                _kill
 .text._getpid  0x000801b6        0x6 C:\Users\install\AppData\Local\V.Micro\Arduino\Builds\DueWindShield\arduino_due_x_dbg/syscalls_sam3.c.o
                0x000801b6                _getpid
 .text._Z17constStringLengthli
                0x000801bc       0x30 C:\Users\install\AppData\Local\V.Micro\Arduino\Builds\DueWindShield\arduino_due_x_dbg\constString.cpp.o
                0x000801bc                constStringLength(long, int)
 .text._Z17constStringLengthmi
                0x000801ec       0x30 C:\Users\install\AppData\Local\V.Micro\Arduino\Builds\DueWindShield\arduino_due_x_dbg\constString.cpp.o
                0x000801ec                constStringLength(unsigned long, int)
 .text._Z17constStringLengthti
                0x0008021c       0x30 C:\Users\install\AppData\Local\V.Micro\Arduino\Builds\DueWindShield\arduino_due_x_dbg\constString.cpp.o
                0x0008021c                constStringLength(unsigned short, int)
 .text._Z17constStringLengthsi
                0x0008024c       0x30 C:\Users\install\AppData\Local\V.Micro\Arduino\Builds\DueWindShield\arduino_due_x_dbg\constString.cpp.o
                0x0008024c                constStringLength(short, int)
 .text._Z8P_Enableh.part.0
                0x0008027c       0x1c C:\Users\install\AppData\Local\V.Micro\Arduino\Builds\DueWindShield\arduino_due_x_dbg\DueWindShield.cpp.o
 .text._Z7readVccv
                0x00080298       0x18 C:\Users\install\AppData\Local\V.Micro\Arduino\Builds\DueWindShield\arduino_due_x_dbg\DueWindShield.cpp.o
                0x00080298                readVcc()
 .text._Z11readVoltagel
                0x000802b0       0x20 C:\Users\install\AppData\Local\V.Micro\Arduino\Builds\DueWindShield\arduino_due_x_dbg\DueWindShield.cpp.o
                0x000802b0                readVoltage(long)
 .text._Z11readCurrentl
                0x000802d0       0x1c C:\Users\install\AppData\Local\V.Micro\Arduino\Builds\DueWindShield\arduino_due_x_dbg\DueWindShield.cpp.o
                0x000802d0                readCurrent(long)
 .text._Z8P_Enableh
                0x000802ec       0x26 C:\Users\install\AppData\Local\V.Micro\Arduino\Builds\DueWindShield\arduino_due_x_dbg\DueWindShield.cpp.o
                0x000802ec                P_Enable(unsigned char)
 .text._Z9P_setStepmhh
                0x00080312       0x50 C:\Users\install\AppData\Local\V.Micro\Arduino\Builds\DueWindShield\arduino_due_x_dbg\DueWindShield.cpp.o
                0x00080312                P_setStep(unsigned long, unsigned char, unsigned char)
 *fill*         0x00080362        0x2 
 .text._Z3Fani  0x00080364       0x68 C:\Users\install\AppData\Local\V.Micro\Arduino\Builds\DueWindShield\arduino_due_x_dbg\DueWindShield.cpp.o
                0x00080364                Fan(int)
 .text._Z14M_Brake_activev
                0x000803cc        0x8 C:\Users\install\AppData\Local\V.Micro\Arduino\Builds\DueWindShield\arduino_due_x_dbg\DueWindShield.cpp.o
                0x000803cc                M_Brake_active()
 .text._Z16M_Brake_deactivev
                0x000803d4        0x8 C:\Users\install\AppData\Local\V.Micro\Arduino\Builds\DueWindShield\arduino_due_x_dbg\DueWindShield.cpp.o
                0x000803d4                M_Brake_deactive()
 .text._Z9M_forwardv
                0x000803dc       0x12 C:\Users\install\AppData\Local\V.Micro\Arduino\Builds\DueWindShield\arduino_due_x_dbg\DueWindShield.cpp.o
                0x000803dc                M_forward()
 .text._Z10M_backwardv
                0x000803ee       0x12 C:\Users\install\AppData\Local\V.Micro\Arduino\Builds\DueWindShield\arduino_due_x_dbg\DueWindShield.cpp.o
                0x000803ee                M_backward()
 .text._Z7M_Brakev
                0x00080400       0x12 C:\Users\install\AppData\Local\V.Micro\Arduino\Builds\DueWindShield\arduino_due_x_dbg\DueWindShield.cpp.o
                0x00080400                M_Brake()
 .text._Z15M_Brake_releasev
                0x00080412       0x12 C:\Users\install\AppData\Local\V.Micro\Arduino\Builds\DueWindShield\arduino_due_x_dbg\DueWindShield.cpp.o
                0x00080412                M_Brake_release()
 .text._Z11M_SleepModei
                0x00080424       0x22 C:\Users\install\AppData\Local\V.Micro\Arduino\Builds\DueWindShield\arduino_due_x_dbg\DueWindShield.cpp.o
                0x00080424                M_SleepMode(int)
 *fill*         0x00080446        0x2 
 .text._Z20M_SwitchMotorModeOffv
                0x00080448       0x28 C:\Users\install\AppData\Local\V.Micro\Arduino\Builds\DueWindShield\arduino_due_x_dbg\DueWindShield.cpp.o
                0x00080448                M_SwitchMotorModeOff()
 .text._Z19M_SwitchMotorModeOnv
                0x00080470       0x18 C:\Users\install\AppData\Local\V.Micro\Arduino\Builds\DueWindShield\arduino_due_x_dbg\DueWindShield.cpp.o
                0x00080470                M_SwitchMotorModeOn()
 .text._Z15M_SetMotorSpeedl
                0x00080488       0x40 C:\Users\install\AppData\Local\V.Micro\Arduino\Builds\DueWindShield\arduino_due_x_dbg\DueWindShield.cpp.o
                0x00080488                M_SetMotorSpeed(long)
 .text._Z9printHelpv
                0x000804c8      0x184 C:\Users\install\AppData\Local\V.Micro\Arduino\Builds\DueWindShield\arduino_due_x_dbg\DueWindShield.cpp.o
                0x000804c8                printHelp()
 .text._Z14TurnOffWindLabv
                0x0008064c       0x24 C:\Users\install\AppData\Local\V.Micro\Arduino\Builds\DueWindShield\arduino_due_x_dbg\DueWindShield.cpp.o
                0x0008064c                TurnOffWindLab()
 .text._Z10SetCommand6String
                0x00080670      0x24c C:\Users\install\AppData\Local\V.Micro\Arduino\Builds\DueWindShield\arduino_due_x_dbg\DueWindShield.cpp.o
                0x00080670                SetCommand(String)
 .text._Z8PinSetupv
                0x000808bc       0xa6 C:\Users\install\AppData\Local\V.Micro\Arduino\Builds\DueWindShield\arduino_due_x_dbg\DueWindShield.cpp.o
                0x000808bc                PinSetup()
 *fill*         0x00080962        0x2 
 .text.startup._GLOBAL__sub_I_DEBUG
                0x00080964       0x8c C:\Users\install\AppData\Local\V.Micro\Arduino\Builds\DueWindShield\arduino_due_x_dbg\DueWindShield.cpp.o
 .text.setup    0x000809f0       0x9c C:\Users\install\AppData\Local\V.Micro\Arduino\Builds\DueWindShield\arduino_due_x_dbg\DueWindShield.cpp.o
                0x000809f0                setup
 .text.loop     0x00080a8c      0x664 C:\Users\install\AppData\Local\V.Micro\Arduino\Builds\DueWindShield\arduino_due_x_dbg\DueWindShield.cpp.o
                0x00080a8c                loop
 .text._ZN9speed_encC2Eii
                0x000810f0       0x54 C:\Users\install\AppData\Local\V.Micro\Arduino\Builds\DueWindShield\arduino_due_x_dbg\speed_enc.cpp.o
                0x000810f0                speed_enc::speed_enc(int, int)
                0x000810f0                speed_enc::speed_enc(int, int)
 .text._ZN9speed_enc5speedEv
                0x00081144       0x68 C:\Users\install\AppData\Local\V.Micro\Arduino\Builds\DueWindShield\arduino_due_x_dbg\speed_enc.cpp.o
                0x00081144                speed_enc::speed()
 .text._ZN7TwoWire5writeEPKhj
                0x000811ac       0x50 C:\Users\install\AppData\Local\V.Micro\Arduino\Builds\DueWindShield\arduino_due_x_dbg\Wire\Wire.cpp.o
                0x000811ac                TwoWire::write(unsigned char const*, unsigned int)
 .text._ZN7TwoWire9availableEv
                0x000811fc        0xc C:\Users\install\AppData\Local\V.Micro\Arduino\Builds\DueWindShield\arduino_due_x_dbg\Wire\Wire.cpp.o
                0x000811fc                TwoWire::available()
 .text._ZN7TwoWire4readEv
                0x00081208       0x1e C:\Users\install\AppData\Local\V.Micro\Arduino\Builds\DueWindShield\arduino_due_x_dbg\Wire\Wire.cpp.o
                0x00081208                TwoWire::read()
 .text._ZN7TwoWire4peekEv
                0x00081226       0x16 C:\Users\install\AppData\Local\V.Micro\Arduino\Builds\DueWindShield\arduino_due_x_dbg\Wire\Wire.cpp.o
                0x00081226                TwoWire::peek()
 .text._ZN7TwoWire5flushEv
                0x0008123c        0x2 C:\Users\install\AppData\Local\V.Micro\Arduino\Builds\DueWindShield\arduino_due_x_dbg\Wire\Wire.cpp.o
                0x0008123c                TwoWire::flush()
 .text._ZN7TwoWire5writeEh
                0x0008123e       0x3a C:\Users\install\AppData\Local\V.Micro\Arduino\Builds\DueWindShield\arduino_due_x_dbg\Wire\Wire.cpp.o
                0x0008123e                TwoWire::write(unsigned char)
 .text._ZL9Wire_Initv
                0x00081278       0x54 C:\Users\install\AppData\Local\V.Micro\Arduino\Builds\DueWindShield\arduino_due_x_dbg\Wire\Wire.cpp.o
 .text._ZL10Wire1_Initv
                0x000812cc       0x54 C:\Users\install\AppData\Local\V.Micro\Arduino\Builds\DueWindShield\arduino_due_x_dbg\Wire\Wire.cpp.o
 .text._ZN7TwoWireC2EP3TwiPFvvE
                0x00081320       0x44 C:\Users\install\AppData\Local\V.Micro\Arduino\Builds\DueWindShield\arduino_due_x_dbg\Wire\Wire.cpp.o
                0x00081320                TwoWire::TwoWire(Twi*, void (*)())
                0x00081320                TwoWire::TwoWire(Twi*, void (*)())
 .text._ZN7TwoWire9onServiceEv
                0x00081364      0x122 C:\Users\install\AppData\Local\V.Micro\Arduino\Builds\DueWindShield\arduino_due_x_dbg\Wire\Wire.cpp.o
                0x00081364                TwoWire::onService()
 *fill*         0x00081486        0x2 
 .text.TWI1_Handler
                0x00081488        0xc C:\Users\install\AppData\Local\V.Micro\Arduino\Builds\DueWindShield\arduino_due_x_dbg\Wire\Wire.cpp.o
                0x00081488                TWI1_Handler
 .text.TWI0_Handler
                0x00081494        0xc C:\Users\install\AppData\Local\V.Micro\Arduino\Builds\DueWindShield\arduino_due_x_dbg\Wire\Wire.cpp.o
                0x00081494                TWI0_Handler
 .text.startup._GLOBAL__sub_I__ZN7TwoWireC2EP3TwiPFvvE
                0x000814a0       0x34 C:\Users\install\AppData\Local\V.Micro\Arduino\Builds\DueWindShield\arduino_due_x_dbg\Wire\Wire.cpp.o
 .text.PIO_DisableInterrupt
                0x000814d4        0x4 C:\Users\install\AppData\Roaming\arduino15\packages\arduino\hardware\sam\1.6.4\variants\arduino_due_x/libsam_sam3x8e_gcc_rel.a(pio.o)
                0x000814d4                PIO_DisableInterrupt
 .text.PIO_PullUp
                0x000814d8        0xa C:\Users\install\AppData\Roaming\arduino15\packages\arduino\hardware\sam\1.6.4\variants\arduino_due_x/libsam_sam3x8e_gcc_rel.a(pio.o)
                0x000814d8                PIO_PullUp
 .text.PIO_SetPeripheral
                0x000814e2       0x2a C:\Users\install\AppData\Roaming\arduino15\packages\arduino\hardware\sam\1.6.4\variants\arduino_due_x/libsam_sam3x8e_gcc_rel.a(pio.o)
                0x000814e2                PIO_SetPeripheral
 .text.PIO_SetInput
                0x0008150c       0x40 C:\Users\install\AppData\Roaming\arduino15\packages\arduino\hardware\sam\1.6.4\variants\arduino_due_x/libsam_sam3x8e_gcc_rel.a(pio.o)
                0x0008150c                PIO_SetInput
 .text.PIO_SetOutput
                0x0008154c       0x38 C:\Users\install\AppData\Roaming\arduino15\packages\arduino\hardware\sam\1.6.4\variants\arduino_due_x/libsam_sam3x8e_gcc_rel.a(pio.o)
                0x0008154c                PIO_SetOutput
 .text.PIO_Configure
                0x00081584       0x74 C:\Users\install\AppData\Roaming\arduino15\packages\arduino\hardware\sam\1.6.4\variants\arduino_due_x/libsam_sam3x8e_gcc_rel.a(pio.o)
                0x00081584                PIO_Configure
 .text.PIO_GetOutputDataStatus
                0x000815f8       0x16 C:\Users\install\AppData\Roaming\arduino15\packages\arduino\hardware\sam\1.6.4\variants\arduino_due_x/libsam_sam3x8e_gcc_rel.a(pio.o)
                0x000815f8                PIO_GetOutputDataStatus
 *fill*         0x0008160e        0x2 
 .text.pmc_enable_upll_clock
                0x00081610       0x18 C:\Users\install\AppData\Roaming\arduino15\packages\arduino\hardware\sam\1.6.4\variants\arduino_due_x/libsam_sam3x8e_gcc_rel.a(pmc.o)
                0x00081610                pmc_enable_upll_clock
 .text.pmc_enable_periph_clk
                0x00081628       0x48 C:\Users\install\AppData\Roaming\arduino15\packages\arduino\hardware\sam\1.6.4\variants\arduino_due_x/libsam_sam3x8e_gcc_rel.a(pmc.o)
                0x00081628                pmc_enable_periph_clk
 .text.pmc_disable_periph_clk
                0x00081670       0x48 C:\Users\install\AppData\Roaming\arduino15\packages\arduino\hardware\sam\1.6.4\variants\arduino_due_x/libsam_sam3x8e_gcc_rel.a(pmc.o)
                0x00081670                pmc_disable_periph_clk
 .text.pmc_switch_udpck_to_upllck
                0x000816b8       0x14 C:\Users\install\AppData\Roaming\arduino15\packages\arduino\hardware\sam\1.6.4\variants\arduino_due_x/libsam_sam3x8e_gcc_rel.a(pmc.o)
                0x000816b8                pmc_switch_udpck_to_upllck
 .text.pmc_enable_udpck
                0x000816cc        0xc C:\Users\install\AppData\Roaming\arduino15\packages\arduino\hardware\sam\1.6.4\variants\arduino_due_x/libsam_sam3x8e_gcc_rel.a(pmc.o)
                0x000816cc                pmc_enable_udpck
 .text.TWI_ReadByte
                0x000816d8       0x28 C:\Users\install\AppData\Roaming\arduino15\packages\arduino\hardware\sam\1.6.4\variants\arduino_due_x/libsam_sam3x8e_gcc_rel.a(twi.o)
                0x000816d8                TWI_ReadByte
 .text.TWI_WriteByte
                0x00081700       0x24 C:\Users\install\AppData\Roaming\arduino15\packages\arduino\hardware\sam\1.6.4\variants\arduino_due_x/libsam_sam3x8e_gcc_rel.a(twi.o)
                0x00081700                TWI_WriteByte
 .text.TWI_EnableIt
                0x00081724       0x40 C:\Users\install\AppData\Roaming\arduino15\packages\arduino\hardware\sam\1.6.4\variants\arduino_due_x/libsam_sam3x8e_gcc_rel.a(twi.o)
                0x00081724                TWI_EnableIt
 .text.TWI_DisableIt
                0x00081764       0x40 C:\Users\install\AppData\Roaming\arduino15\packages\arduino\hardware\sam\1.6.4\variants\arduino_due_x/libsam_sam3x8e_gcc_rel.a(twi.o)
                0x00081764                TWI_DisableIt
 .text.TWI_GetStatus
                0x000817a4       0x28 C:\Users\install\AppData\Roaming\arduino15\packages\arduino\hardware\sam\1.6.4\variants\arduino_due_x/libsam_sam3x8e_gcc_rel.a(twi.o)
                0x000817a4                TWI_GetStatus
 .text.Reset_Handler
                0x000817cc       0x70 C:\Users\install\AppData\Roaming\arduino15\packages\arduino\hardware\sam\1.6.4\variants\arduino_due_x/libsam_sam3x8e_gcc_rel.a(startup_sam3xa.o)
                0x000817cc                Reset_Handler
 .text.UOTGHS_Handler
                0x0008183c       0x10 C:\Users\install\AppData\Roaming\arduino15\packages\arduino\hardware\sam\1.6.4\variants\arduino_due_x/libsam_sam3x8e_gcc_rel.a(uotghs.o)
                0x0008183c                UOTGHS_Handler
 .text.__halt   0x0008184c        0x2 C:\Users\install\AppData\Local\V.Micro\Arduino\Builds\DueWindShield\arduino_due_x_dbg/core.a(cortex_handlers.c.o)
                0x0008184c                DACC_Handler
                0x0008184c                DebugMon_Handler
                0x0008184c                DMAC_Handler
                0x0008184c                TRNG_Handler
                0x0008184c                HardFault_Handler
                0x0008184c                TC2_Handler
                0x0008184c                NMI_Handler
                0x0008184c                TC7_Handler
                0x0008184c                ADC_Handler
                0x0008184c                SMC_Handler
                0x0008184c                RTT_Handler
                0x0008184c                EFC1_Handler
                0x0008184c                PIOB_Handler
                0x0008184c                RTC_Handler
                0x0008184c                UsageFault_Handler
                0x0008184c                TC6_Handler
                0x0008184c                WDT_Handler
                0x0008184c                CAN0_Handler
                0x0008184c                TC4_Handler
                0x0008184c                TC1_Handler
                0x0008184c                HSMCI_Handler
                0x0008184c                TC3_Handler
                0x0008184c                PIOA_Handler
                0x0008184c                SSC_Handler
                0x0008184c                EFC0_Handler
                0x0008184c                PMC_Handler
                0x0008184c                PWM_Handler
                0x0008184c                CAN1_Handler
                0x0008184c                MemManage_Handler
                0x0008184c                SUPC_Handler
                0x0008184c                TC8_Handler
                0x0008184c                USART2_Handler
                0x0008184c                PIOD_Handler
                0x0008184c                EMAC_Handler
                0x0008184c                PIOC_Handler
                0x0008184c                BusFault_Handler
                0x0008184c                RSTC_Handler
                0x0008184c                TC0_Handler
                0x0008184c                TC5_Handler
                0x0008184c                SPI0_Handler
 .text.SVC_Handler
                0x0008184e        0x4 C:\Users\install\AppData\Local\V.Micro\Arduino\Builds\DueWindShield\arduino_due_x_dbg/core.a(cortex_handlers.c.o)
                0x0008184e                SVC_Handler
 .text.PendSV_Handler
                0x00081852        0x4 C:\Users\install\AppData\Local\V.Micro\Arduino\Builds\DueWindShield\arduino_due_x_dbg/core.a(cortex_handlers.c.o)
                0x00081852                PendSV_Handler
 .text.SysTick_Handler
                0x00081856       0x16 C:\Users\install\AppData\Local\V.Micro\Arduino\Builds\DueWindShield\arduino_due_x_dbg/core.a(cortex_handlers.c.o)
                0x00081856                SysTick_Handler
 .text.__empty  0x0008186c        0x2 C:\Users\install\AppData\Local\V.Micro\Arduino\Builds\DueWindShield\arduino_due_x_dbg/core.a(hooks.c.o)
                0x0008186c                yield
 .text.__false  0x0008186e        0x4 C:\Users\install\AppData\Local\V.Micro\Arduino\Builds\DueWindShield\arduino_due_x_dbg/core.a(hooks.c.o)
                0x0008186e                sysTickHook
 .text.__halt   0x00081872        0x2 C:\Users\install\AppData\Local\V.Micro\Arduino\Builds\DueWindShield\arduino_due_x_dbg/core.a(hooks.c.o)
                0x00081872                svcHook
                0x00081872                pendSVHook
 .text.micros   0x00081874       0x74 C:\Users\install\AppData\Local\V.Micro\Arduino\Builds\DueWindShield\arduino_due_x_dbg/core.a(wiring.c.o)
                0x00081874                micros
 .text.delay    0x000818e8       0x1c C:\Users\install\AppData\Local\V.Micro\Arduino\Builds\DueWindShield\arduino_due_x_dbg/core.a(wiring.c.o)
                0x000818e8                delay
 .text.mapResolution
                0x00081904       0x12 C:\Users\install\AppData\Local\V.Micro\Arduino\Builds\DueWindShield\arduino_due_x_dbg/core.a(wiring_analog.c.o)
 *fill*         0x00081916        0x2 
 .text.analogReadResolution
                0x00081918        0xc C:\Users\install\AppData\Local\V.Micro\Arduino\Builds\DueWindShield\arduino_due_x_dbg/core.a(wiring_analog.c.o)
                0x00081918                analogReadResolution
 .text.analogWriteResolution
                0x00081924        0xc C:\Users\install\AppData\Local\V.Micro\Arduino\Builds\DueWindShield\arduino_due_x_dbg/core.a(wiring_analog.c.o)
                0x00081924                analogWriteResolution
 .text.analogRead
                0x00081930       0x74 C:\Users\install\AppData\Local\V.Micro\Arduino\Builds\DueWindShield\arduino_due_x_dbg/core.a(wiring_analog.c.o)
                0x00081930                analogRead
 .text.analogOutputInit
                0x000819a4       0x14 C:\Users\install\AppData\Local\V.Micro\Arduino\Builds\DueWindShield\arduino_due_x_dbg/core.a(wiring_analog.c.o)
                0x000819a4                analogOutputInit
 .text.analogWrite
                0x000819b8      0x2a8 C:\Users\install\AppData\Local\V.Micro\Arduino\Builds\DueWindShield\arduino_due_x_dbg/core.a(wiring_analog.c.o)
                0x000819b8                analogWrite
 .text.pinMode  0x00081c60       0x64 C:\Users\install\AppData\Local\V.Micro\Arduino\Builds\DueWindShield\arduino_due_x_dbg/core.a(wiring_digital.c.o)
                0x00081c60                pinMode
 .text.digitalWrite
                0x00081cc4       0x48 C:\Users\install\AppData\Local\V.Micro\Arduino\Builds\DueWindShield\arduino_due_x_dbg/core.a(wiring_digital.c.o)
                0x00081cc4                digitalWrite
 .text.initVariant
                0x00081d0c        0x2 C:\Users\install\AppData\Local\V.Micro\Arduino\Builds\DueWindShield\arduino_due_x_dbg/core.a(main.cpp.o)
                0x00081d0c                initVariant
 *fill*         0x00081d0e        0x2 
 .text.startup.main
                0x00081d10       0x34 C:\Users\install\AppData\Local\V.Micro\Arduino\Builds\DueWindShield\arduino_due_x_dbg/core.a(main.cpp.o)
                0x00081d10                main
 .text._ZN5Print5writeEPKhj
                0x00081d44       0x22 C:\Users\install\AppData\Local\V.Micro\Arduino\Builds\DueWindShield\arduino_due_x_dbg/core.a(Print.cpp.o)
                0x00081d44                Print::write(unsigned char const*, unsigned int)
 .text._ZN5Print5writeEPKc
                0x00081d66       0x1e C:\Users\install\AppData\Local\V.Micro\Arduino\Builds\DueWindShield\arduino_due_x_dbg/core.a(Print.cpp.o)
                0x00081d66                Print::write(char const*)
 .text._ZN5Print5printERK6String
                0x00081d84       0x10 C:\Users\install\AppData\Local\V.Micro\Arduino\Builds\DueWindShield\arduino_due_x_dbg/core.a(Print.cpp.o)
                0x00081d84                Print::print(String const&)
 .text._ZN5Print5printEPKc
                0x00081d94        0x8 C:\Users\install\AppData\Local\V.Micro\Arduino\Builds\DueWindShield\arduino_due_x_dbg/core.a(Print.cpp.o)
                0x00081d94                Print::print(char const*)
 .text._ZN5Print5printEc
                0x00081d9c        0xa C:\Users\install\AppData\Local\V.Micro\Arduino\Builds\DueWindShield\arduino_due_x_dbg/core.a(Print.cpp.o)
                0x00081d9c                Print::print(char)
 .text._ZN5Print7printlnEv
                0x00081da6       0x18 C:\Users\install\AppData\Local\V.Micro\Arduino\Builds\DueWindShield\arduino_due_x_dbg/core.a(Print.cpp.o)
                0x00081da6                Print::println()
 .text._ZN5Print7printlnERK6String
                0x00081dbe       0x14 C:\Users\install\AppData\Local\V.Micro\Arduino\Builds\DueWindShield\arduino_due_x_dbg/core.a(Print.cpp.o)
                0x00081dbe                Print::println(String const&)
 .text._ZN5Print7printlnEPKc
                0x00081dd2       0x14 C:\Users\install\AppData\Local\V.Micro\Arduino\Builds\DueWindShield\arduino_due_x_dbg/core.a(Print.cpp.o)
                0x00081dd2                Print::println(char const*)
 .text._ZN5Print11printNumberEmh
                0x00081de6       0x3c C:\Users\install\AppData\Local\V.Micro\Arduino\Builds\DueWindShield\arduino_due_x_dbg/core.a(Print.cpp.o)
                0x00081de6                Print::printNumber(unsigned long, unsigned char)
 .text._ZN5Print5printEli
                0x00081e22       0x3c C:\Users\install\AppData\Local\V.Micro\Arduino\Builds\DueWindShield\arduino_due_x_dbg/core.a(Print.cpp.o)
                0x00081e22                Print::print(long, int)
 .text._ZN5Print5printEii
                0x00081e5e        0x4 C:\Users\install\AppData\Local\V.Micro\Arduino\Builds\DueWindShield\arduino_due_x_dbg/core.a(Print.cpp.o)
                0x00081e5e                Print::print(int, int)
 .text._ZN5Print7printlnEii
                0x00081e62       0x14 C:\Users\install\AppData\Local\V.Micro\Arduino\Builds\DueWindShield\arduino_due_x_dbg/core.a(Print.cpp.o)
                0x00081e62                Print::println(int, int)
 .text._ZN5Print5printEmi
                0x00081e76       0x18 C:\Users\install\AppData\Local\V.Micro\Arduino\Builds\DueWindShield\arduino_due_x_dbg/core.a(Print.cpp.o)
                0x00081e76                Print::print(unsigned long, int)
 .text._ZN5Print7printlnEmi
                0x00081e8e       0x14 C:\Users\install\AppData\Local\V.Micro\Arduino\Builds\DueWindShield\arduino_due_x_dbg/core.a(Print.cpp.o)
                0x00081e8e                Print::println(unsigned long, int)
 *fill*         0x00081ea2        0x2 
 .text.initiateReset
                0x00081ea4        0xc C:\Users\install\AppData\Local\V.Micro\Arduino\Builds\DueWindShield\arduino_due_x_dbg/core.a(Reset.cpp.o)
                0x00081ea4                initiateReset
 .text.cancelReset
                0x00081eb0       0x10 C:\Users\install\AppData\Local\V.Micro\Arduino\Builds\DueWindShield\arduino_due_x_dbg/core.a(Reset.cpp.o)
                0x00081eb0                cancelReset
 .text.tickReset
                0x00081ec0       0x20 C:\Users\install\AppData\Local\V.Micro\Arduino\Builds\DueWindShield\arduino_due_x_dbg/core.a(Reset.cpp.o)
                0x00081ec0                tickReset
 .text._ZN9UARTClasscvbEv
                0x00081ee0        0x4 C:\Users\install\AppData\Local\V.Micro\Arduino\Builds\DueWindShield\arduino_due_x_dbg/core.a(UARTClass.cpp.o)
                0x00081ee0                UARTClass::operator bool()
 .text._ZN9UARTClass9availableEv
                0x00081ee4       0x12 C:\Users\install\AppData\Local\V.Micro\Arduino\Builds\DueWindShield\arduino_due_x_dbg/core.a(UARTClass.cpp.o)
                0x00081ee4                UARTClass::available()
 .text._ZN9UARTClass4peekEv
                0x00081ef6       0x1c C:\Users\install\AppData\Local\V.Micro\Arduino\Builds\DueWindShield\arduino_due_x_dbg/core.a(UARTClass.cpp.o)
                0x00081ef6                UARTClass::peek()
 .text._ZN9UARTClass4readEv
                0x00081f12       0x2a C:\Users\install\AppData\Local\V.Micro\Arduino\Builds\DueWindShield\arduino_due_x_dbg/core.a(UARTClass.cpp.o)
                0x00081f12                UARTClass::read()
 .text._ZN9UARTClass5flushEv
                0x00081f3c       0x18 C:\Users\install\AppData\Local\V.Micro\Arduino\Builds\DueWindShield\arduino_due_x_dbg/core.a(UARTClass.cpp.o)
                0x00081f3c                UARTClass::flush()
 .text._ZN9UARTClass5writeEh
                0x00081f54       0x54 C:\Users\install\AppData\Local\V.Micro\Arduino\Builds\DueWindShield\arduino_due_x_dbg/core.a(UARTClass.cpp.o)
                0x00081f54                UARTClass::write(unsigned char)
 .text._ZN9UARTClass3endEv
                0x00081fa8       0x3c C:\Users\install\AppData\Local\V.Micro\Arduino\Builds\DueWindShield\arduino_due_x_dbg/core.a(UARTClass.cpp.o)
                0x00081fa8                UARTClass::end()
 .text._ZN9UARTClassC2EP4Uart4IRQnmP10RingBufferS4_
                0x00081fe4       0x24 C:\Users\install\AppData\Local\V.Micro\Arduino\Builds\DueWindShield\arduino_due_x_dbg/core.a(UARTClass.cpp.o)
                0x00081fe4                UARTClass::UARTClass(Uart*, IRQn, unsigned long, RingBuffer*, RingBuffer*)
                0x00081fe4                UARTClass::UARTClass(Uart*, IRQn, unsigned long, RingBuffer*, RingBuffer*)
 .text._ZN9UARTClass4initEmm
                0x00082008       0x70 C:\Users\install\AppData\Local\V.Micro\Arduino\Builds\DueWindShield\arduino_due_x_dbg/core.a(UARTClass.cpp.o)
                0x00082008                UARTClass::init(unsigned long, unsigned long)
 .text._ZN9UARTClass5beginEm
                0x00082078        0x8 C:\Users\install\AppData\Local\V.Micro\Arduino\Builds\DueWindShield\arduino_due_x_dbg/core.a(UARTClass.cpp.o)
                0x00082078                UARTClass::begin(unsigned long)
 .text._ZN9UARTClass10IrqHandlerEv
                0x00082080       0x5a C:\Users\install\AppData\Local\V.Micro\Arduino\Builds\DueWindShield\arduino_due_x_dbg/core.a(UARTClass.cpp.o)
                0x00082080                UARTClass::IrqHandler()
 .text._ZN10USARTClass5beginEm
                0x000820da        0x8 C:\Users\install\AppData\Local\V.Micro\Arduino\Builds\DueWindShield\arduino_due_x_dbg/core.a(USARTClass.cpp.o)
                0x000820da                USARTClass::begin(unsigned long)
 *fill*         0x000820e2        0x2 
 .text._ZN10USARTClassC2EP5Usart4IRQnmP10RingBufferS4_
                0x000820e4       0x24 C:\Users\install\AppData\Local\V.Micro\Arduino\Builds\DueWindShield\arduino_due_x_dbg/core.a(USARTClass.cpp.o)
                0x000820e4                USARTClass::USARTClass(Usart*, IRQn, unsigned long, RingBuffer*, RingBuffer*)
                0x000820e4                USARTClass::USARTClass(Usart*, IRQn, unsigned long, RingBuffer*, RingBuffer*)
 .text._ZN6StringD2Ev
                0x00082108        0xe C:\Users\install\AppData\Local\V.Micro\Arduino\Builds\DueWindShield\arduino_due_x_dbg/core.a(WString.cpp.o)
                0x00082108                String::~String()
                0x00082108                String::~String()
 .text._ZN6String10invalidateEv
                0x00082116       0x16 C:\Users\install\AppData\Local\V.Micro\Arduino\Builds\DueWindShield\arduino_due_x_dbg/core.a(WString.cpp.o)
                0x00082116                String::invalidate()
 .text._ZN6String12changeBufferEj
                0x0008212c       0x18 C:\Users\install\AppData\Local\V.Micro\Arduino\Builds\DueWindShield\arduino_due_x_dbg/core.a(WString.cpp.o)
                0x0008212c                String::changeBuffer(unsigned int)
 .text._ZN6String7reserveEj
                0x00082144       0x22 C:\Users\install\AppData\Local\V.Micro\Arduino\Builds\DueWindShield\arduino_due_x_dbg/core.a(WString.cpp.o)
                0x00082144                String::reserve(unsigned int)
 .text._ZN6String4copyEPKcj
                0x00082166       0x26 C:\Users\install\AppData\Local\V.Micro\Arduino\Builds\DueWindShield\arduino_due_x_dbg/core.a(WString.cpp.o)
                0x00082166                String::copy(char const*, unsigned int)
 .text._ZN6StringC2EPKc
                0x0008218c       0x24 C:\Users\install\AppData\Local\V.Micro\Arduino\Builds\DueWindShield\arduino_due_x_dbg/core.a(WString.cpp.o)
                0x0008218c                String::String(char const*)
                0x0008218c                String::String(char const*)
 .text._ZN6StringaSERKS_
                0x000821b0       0x1e C:\Users\install\AppData\Local\V.Micro\Arduino\Builds\DueWindShield\arduino_due_x_dbg/core.a(WString.cpp.o)
                0x000821b0                String::operator=(String const&)
 .text._ZN6StringC2ERKS_
                0x000821ce       0x14 C:\Users\install\AppData\Local\V.Micro\Arduino\Builds\DueWindShield\arduino_due_x_dbg/core.a(WString.cpp.o)
                0x000821ce                String::String(String const&)
                0x000821ce                String::String(String const&)
 .text._ZN6StringaSEPKc
                0x000821e2       0x22 C:\Users\install\AppData\Local\V.Micro\Arduino\Builds\DueWindShield\arduino_due_x_dbg/core.a(WString.cpp.o)
                0x000821e2                String::operator=(char const*)
 .text._ZN6String6concatEPKcj
                0x00082204       0x2e C:\Users\install\AppData\Local\V.Micro\Arduino\Builds\DueWindShield\arduino_due_x_dbg/core.a(WString.cpp.o)
                0x00082204                String::concat(char const*, unsigned int)
 .text._ZN6String6concatEc
                0x00082232       0x1a C:\Users\install\AppData\Local\V.Micro\Arduino\Builds\DueWindShield\arduino_due_x_dbg/core.a(WString.cpp.o)
                0x00082232                String::concat(char)
 .text._ZNK6String6equalsEPKc
                0x0008224c       0x26 C:\Users\install\AppData\Local\V.Micro\Arduino\Builds\DueWindShield\arduino_due_x_dbg/core.a(WString.cpp.o)
                0x0008224c                String::equals(char const*) const
 *fill*         0x00082272        0x2 
 .text._ZNK6String9substringEjj
                0x00082274       0x4c C:\Users\install\AppData\Local\V.Micro\Arduino\Builds\DueWindShield\arduino_due_x_dbg/core.a(WString.cpp.o)
                0x00082274                String::substring(unsigned int, unsigned int) const
 .text._ZN6String11toUpperCaseEv
                0x000822c0       0x18 C:\Users\install\AppData\Local\V.Micro\Arduino\Builds\DueWindShield\arduino_due_x_dbg/core.a(WString.cpp.o)
                0x000822c0                String::toUpperCase()
 .text._ZNK6String5toIntEv
                0x000822d8        0xa C:\Users\install\AppData\Local\V.Micro\Arduino\Builds\DueWindShield\arduino_due_x_dbg/core.a(WString.cpp.o)
                0x000822d8                String::toInt() const
 *fill*         0x000822e2        0x2 
 .text.unlikely._ZL11USB_SendZlpv
                0x000822e4       0x20 C:\Users\install\AppData\Local\V.Micro\Arduino\Builds\DueWindShield\arduino_due_x_dbg/core.a(USBCore.cpp.o)
 .text._Z14USBD_Availablem
                0x00082304       0x2c C:\Users\install\AppData\Local\V.Micro\Arduino\Builds\DueWindShield\arduino_due_x_dbg/core.a(USBCore.cpp.o)
                0x00082304                USBD_Available(unsigned long)
 .text._Z9USBD_RecvmPvm
                0x00082330       0x7c C:\Users\install\AppData\Local\V.Micro\Arduino\Builds\DueWindShield\arduino_due_x_dbg/core.a(USBCore.cpp.o)
                0x00082330                USBD_Recv(unsigned long, void*, unsigned long)
 .text._Z9USBD_Recvm
                0x000823ac       0x22 C:\Users\install\AppData\Local\V.Micro\Arduino\Builds\DueWindShield\arduino_due_x_dbg/core.a(USBCore.cpp.o)
                0x000823ac                USBD_Recv(unsigned long)
 *fill*         0x000823ce        0x2 
 .text._Z9USBD_SendmPKvm
                0x000823d0       0x4c C:\Users\install\AppData\Local\V.Micro\Arduino\Builds\DueWindShield\arduino_due_x_dbg/core.a(USBCore.cpp.o)
                0x000823d0                USBD_Send(unsigned long, void const*, unsigned long)
 .text._Z16USBD_SendControlhPKvm
                0x0008241c       0x40 C:\Users\install\AppData\Local\V.Micro\Arduino\Builds\DueWindShield\arduino_due_x_dbg/core.a(USBCore.cpp.o)
                0x0008241c                USBD_SendControl(unsigned char, void const*, unsigned long)
 .text.unlikely._ZL24USB_SendStringDescriptorPKhi
                0x0008245c       0x38 C:\Users\install\AppData\Local\V.Micro\Arduino\Builds\DueWindShield\arduino_due_x_dbg/core.a(USBCore.cpp.o)
 .text._Z16USBD_RecvControlPvm
                0x00082494       0x1c C:\Users\install\AppData\Local\V.Micro\Arduino\Builds\DueWindShield\arduino_due_x_dbg/core.a(USBCore.cpp.o)
                0x00082494                USBD_RecvControl(void*, unsigned long)
 .text._Z26USBD_ClassInterfaceRequestR5Setup
                0x000824b0       0x14 C:\Users\install\AppData\Local\V.Micro\Arduino\Builds\DueWindShield\arduino_due_x_dbg/core.a(USBCore.cpp.o)
                0x000824b0                USBD_ClassInterfaceRequest(Setup&)
 .text._Z19USBD_SendInterfacesv
                0x000824c4       0x1e C:\Users\install\AppData\Local\V.Micro\Arduino\Builds\DueWindShield\arduino_due_x_dbg/core.a(USBCore.cpp.o)
                0x000824c4                USBD_SendInterfaces()
 .text._Z24USBD_SendOtherInterfacesv
                0x000824e2       0x1e C:\Users\install\AppData\Local\V.Micro\Arduino\Builds\DueWindShield\arduino_due_x_dbg/core.a(USBCore.cpp.o)
                0x000824e2                USBD_SendOtherInterfaces()
 .text._Z10USBD_Flushm
                0x00082500       0x16 C:\Users\install\AppData\Local\V.Micro\Arduino\Builds\DueWindShield\arduino_due_x_dbg/core.a(USBCore.cpp.o)
                0x00082500                USBD_Flush(unsigned long)
 *fill*         0x00082516        0x2 
 .text._ZN10USBDevice_C2Ev
                0x00082518       0x24 C:\Users\install\AppData\Local\V.Micro\Arduino\Builds\DueWindShield\arduino_due_x_dbg/core.a(USBCore.cpp.o)
                0x00082518                USBDevice_::USBDevice_()
                0x00082518                USBDevice_::USBDevice_()
 .text._ZN10USBDevice_6attachEv
                0x0008253c       0x20 C:\Users\install\AppData\Local\V.Micro\Arduino\Builds\DueWindShield\arduino_due_x_dbg/core.a(USBCore.cpp.o)
                0x0008253c                USBDevice_::attach()
 .text.startup._GLOBAL__sub_I_TxLEDPulse
                0x0008255c        0xc C:\Users\install\AppData\Local\V.Micro\Arduino\Builds\DueWindShield\arduino_due_x_dbg/core.a(USBCore.cpp.o)
 .text._ZL7USB_ISRv
                0x00082568      0x424 C:\Users\install\AppData\Local\V.Micro\Arduino\Builds\DueWindShield\arduino_due_x_dbg/core.a(USBCore.cpp.o)
 .text._Z11serialEventv
                0x0008298c        0x2 C:\Users\install\AppData\Local\V.Micro\Arduino\Builds\DueWindShield\arduino_due_x_dbg/core.a(variant.cpp.o)
                0x0008298c                serialEvent()
 *fill*         0x0008298e        0x2 
 .text.UART_Handler
                0x00082990        0xc C:\Users\install\AppData\Local\V.Micro\Arduino\Builds\DueWindShield\arduino_due_x_dbg/core.a(variant.cpp.o)
                0x00082990                UART_Handler
 .text._Z12serialEvent1v
                0x0008299c        0x2 C:\Users\install\AppData\Local\V.Micro\Arduino\Builds\DueWindShield\arduino_due_x_dbg/core.a(variant.cpp.o)
                0x0008299c                serialEvent1()
 .text._Z12serialEvent2v
                0x0008299e        0x2 C:\Users\install\AppData\Local\V.Micro\Arduino\Builds\DueWindShield\arduino_due_x_dbg/core.a(variant.cpp.o)
                0x0008299e                serialEvent2()
 .text._Z12serialEvent3v
                0x000829a0        0x2 C:\Users\install\AppData\Local\V.Micro\Arduino\Builds\DueWindShield\arduino_due_x_dbg/core.a(variant.cpp.o)
                0x000829a0                serialEvent3()
 *fill*         0x000829a2        0x2 
 .text.USART0_Handler
                0x000829a4        0xc C:\Users\install\AppData\Local\V.Micro\Arduino\Builds\DueWindShield\arduino_due_x_dbg/core.a(variant.cpp.o)
                0x000829a4                USART0_Handler
 .text.USART1_Handler
                0x000829b0        0xc C:\Users\install\AppData\Local\V.Micro\Arduino\Builds\DueWindShield\arduino_due_x_dbg/core.a(variant.cpp.o)
                0x000829b0                USART1_Handler
 .text.USART3_Handler
                0x000829bc        0xc C:\Users\install\AppData\Local\V.Micro\Arduino\Builds\DueWindShield\arduino_due_x_dbg/core.a(variant.cpp.o)
                0x000829bc                USART3_Handler
 .text.init     0x000829c8      0x130 C:\Users\install\AppData\Local\V.Micro\Arduino\Builds\DueWindShield\arduino_due_x_dbg/core.a(variant.cpp.o)
                0x000829c8                init
 .text.startup._GLOBAL__sub_I_g_APinDescription
                0x00082af8       0xd4 C:\Users\install\AppData\Local\V.Micro\Arduino\Builds\DueWindShield\arduino_due_x_dbg/core.a(variant.cpp.o)
 .text._Z14serialEventRunv
                0x00082bcc       0x44 C:\Users\install\AppData\Local\V.Micro\Arduino\Builds\DueWindShield\arduino_due_x_dbg/core.a(variant.cpp.o)
                0x00082bcc                serialEventRun()
 .text._ZN10RingBufferC2Ev
                0x00082c10       0x1a C:\Users\install\AppData\Local\V.Micro\Arduino\Builds\DueWindShield\arduino_due_x_dbg/core.a(RingBuffer.cpp.o)
                0x00082c10                RingBuffer::RingBuffer()
                0x00082c10                RingBuffer::RingBuffer()
 .text._ZN10RingBuffer10store_charEh
                0x00082c2a       0x1e C:\Users\install\AppData\Local\V.Micro\Arduino\Builds\DueWindShield\arduino_due_x_dbg/core.a(RingBuffer.cpp.o)
                0x00082c2a                RingBuffer::store_char(unsigned char)
 .text._ZN7Serial_9availableEv
                0x00082c48       0x18 C:\Users\install\AppData\Local\V.Micro\Arduino\Builds\DueWindShield\arduino_due_x_dbg/core.a(CDC.cpp.o)
                0x00082c48                Serial_::available()
 .text._ZN7Serial_4peekEv
                0x00082c60       0x20 C:\Users\install\AppData\Local\V.Micro\Arduino\Builds\DueWindShield\arduino_due_x_dbg/core.a(CDC.cpp.o)
                0x00082c60                Serial_::peek()
 .text._ZN7Serial_5writeEh
                0x00082c80       0x16 C:\Users\install\AppData\Local\V.Micro\Arduino\Builds\DueWindShield\arduino_due_x_dbg/core.a(CDC.cpp.o)
                0x00082c80                Serial_::write(unsigned char)
 *fill*         0x00082c96        0x2 
 .text._ZN7Serial_4readEv
                0x00082c98       0x44 C:\Users\install\AppData\Local\V.Micro\Arduino\Builds\DueWindShield\arduino_due_x_dbg/core.a(CDC.cpp.o)
                0x00082c98                Serial_::read()
 .text._ZN7Serial_5flushEv
                0x00082cdc        0x6 C:\Users\install\AppData\Local\V.Micro\Arduino\Builds\DueWindShield\arduino_due_x_dbg/core.a(CDC.cpp.o)
                0x00082cdc                Serial_::flush()
 *fill*         0x00082ce2        0x2 
 .text._ZN7Serial_6acceptEv
                0x00082ce4       0x70 C:\Users\install\AppData\Local\V.Micro\Arduino\Builds\DueWindShield\arduino_due_x_dbg/core.a(CDC.cpp.o)
                0x00082ce4                Serial_::accept()
 .text._ZN7Serial_5writeEPKhj
                0x00082d54       0x2c C:\Users\install\AppData\Local\V.Micro\Arduino\Builds\DueWindShield\arduino_due_x_dbg/core.a(CDC.cpp.o)
                0x00082d54                Serial_::write(unsigned char const*, unsigned int)
 .text._Z16CDC_GetInterfacePh
                0x00082d80       0x14 C:\Users\install\AppData\Local\V.Micro\Arduino\Builds\DueWindShield\arduino_due_x_dbg/core.a(CDC.cpp.o)
                0x00082d80                CDC_GetInterface(unsigned char*)
 .text._Z21CDC_GetOtherInterfacePh
                0x00082d94       0x14 C:\Users\install\AppData\Local\V.Micro\Arduino\Builds\DueWindShield\arduino_due_x_dbg/core.a(CDC.cpp.o)
                0x00082d94                CDC_GetOtherInterface(unsigned char*)
 .text._Z9CDC_SetupR5Setup
                0x00082da8       0x64 C:\Users\install\AppData\Local\V.Micro\Arduino\Builds\DueWindShield\arduino_due_x_dbg/core.a(CDC.cpp.o)
                0x00082da8                CDC_Setup(Setup&)
 .text.startup._GLOBAL__sub_I_cdc_rx_buffer
                0x00082e0c       0x1c C:\Users\install\AppData\Local\V.Micro\Arduino\Builds\DueWindShield\arduino_due_x_dbg/core.a(CDC.cpp.o)
 .text._ZN9Keyboard_5writeEh
                0x00082e28       0x1c C:\Users\install\AppData\Local\V.Micro\Arduino\Builds\DueWindShield\arduino_due_x_dbg/core.a(HID.cpp.o)
                0x00082e28                Keyboard_::write(unsigned char)
 .text._Z16HID_GetInterfacePh
                0x00082e44       0x14 C:\Users\install\AppData\Local\V.Micro\Arduino\Builds\DueWindShield\arduino_due_x_dbg/core.a(HID.cpp.o)
                0x00082e44                HID_GetInterface(unsigned char*)
 .text._Z17HID_GetDescriptori
                0x00082e58       0x10 C:\Users\install\AppData\Local\V.Micro\Arduino\Builds\DueWindShield\arduino_due_x_dbg/core.a(HID.cpp.o)
                0x00082e58                HID_GetDescriptor(int)
 .text._Z14HID_SendReporthPKvm
                0x00082e68       0x2e C:\Users\install\AppData\Local\V.Micro\Arduino\Builds\DueWindShield\arduino_due_x_dbg/core.a(HID.cpp.o)
                0x00082e68                HID_SendReport(unsigned char, void const*, unsigned long)
 *fill*         0x00082e96        0x2 
 .text._Z9HID_SetupR5Setup
                0x00082e98       0x40 C:\Users\install\AppData\Local\V.Micro\Arduino\Builds\DueWindShield\arduino_due_x_dbg/core.a(HID.cpp.o)
                0x00082e98                HID_Setup(Setup&)
 .text._ZN9Keyboard_10sendReportEP9KeyReport
                0x00082ed8        0xc C:\Users\install\AppData\Local\V.Micro\Arduino\Builds\DueWindShield\arduino_due_x_dbg/core.a(HID.cpp.o)
                0x00082ed8                Keyboard_::sendReport(KeyReport*)
 .text._ZN9Keyboard_5pressEh
                0x00082ee4       0x88 C:\Users\install\AppData\Local\V.Micro\Arduino\Builds\DueWindShield\arduino_due_x_dbg/core.a(HID.cpp.o)
                0x00082ee4                Keyboard_::press(unsigned char)
 .text._ZN9Keyboard_7releaseEh
                0x00082f6c       0x64 C:\Users\install\AppData\Local\V.Micro\Arduino\Builds\DueWindShield\arduino_due_x_dbg/core.a(HID.cpp.o)
                0x00082f6c                Keyboard_::release(unsigned char)
 .text._ZN9Keyboard_10releaseAllEv
                0x00082fd0       0x18 C:\Users\install\AppData\Local\V.Micro\Arduino\Builds\DueWindShield\arduino_due_x_dbg/core.a(HID.cpp.o)
                0x00082fd0                Keyboard_::releaseAll()
 .text.startup._GLOBAL__sub_I_Mouse
                0x00082fe8       0x1c C:\Users\install\AppData\Local\V.Micro\Arduino\Builds\DueWindShield\arduino_due_x_dbg/core.a(HID.cpp.o)
 .text.FindClockConfiguration
                0x00083004       0x7c C:\Users\install\AppData\Roaming\arduino15\packages\arduino\hardware\sam\1.6.4\variants\arduino_due_x/libsam_sam3x8e_gcc_rel.a(pwmc.o)
 .text.PWMC_ConfigureChannel
                0x00083080       0x60 C:\Users\install\AppData\Roaming\arduino15\packages\arduino\hardware\sam\1.6.4\variants\arduino_due_x/libsam_sam3x8e_gcc_rel.a(pwmc.o)
                0x00083080                PWMC_ConfigureChannel
 .text.PWMC_ConfigureClocks
                0x000830e0       0x54 C:\Users\install\AppData\Roaming\arduino15\packages\arduino\hardware\sam\1.6.4\variants\arduino_due_x/libsam_sam3x8e_gcc_rel.a(pwmc.o)
                0x000830e0                PWMC_ConfigureClocks
 .text.PWMC_SetPeriod
                0x00083134       0x1a C:\Users\install\AppData\Roaming\arduino15\packages\arduino\hardware\sam\1.6.4\variants\arduino_due_x/libsam_sam3x8e_gcc_rel.a(pwmc.o)
                0x00083134                PWMC_SetPeriod
 *fill*         0x0008314e        0x2 
 .text.PWMC_SetDutyCycle
                0x00083150       0x48 C:\Users\install\AppData\Roaming\arduino15\packages\arduino\hardware\sam\1.6.4\variants\arduino_due_x/libsam_sam3x8e_gcc_rel.a(pwmc.o)
                0x00083150                PWMC_SetDutyCycle
 .text.PWMC_EnableChannel
                0x00083198        0x8 C:\Users\install\AppData\Roaming\arduino15\packages\arduino\hardware\sam\1.6.4\variants\arduino_due_x/libsam_sam3x8e_gcc_rel.a(pwmc.o)
                0x00083198                PWMC_EnableChannel
 .text.TC_Configure
                0x000831a0       0x38 C:\Users\install\AppData\Roaming\arduino15\packages\arduino\hardware\sam\1.6.4\variants\arduino_due_x/libsam_sam3x8e_gcc_rel.a(tc.o)
                0x000831a0                TC_Configure
 .text.TC_Start
                0x000831d8       0x2c C:\Users\install\AppData\Roaming\arduino15\packages\arduino\hardware\sam\1.6.4\variants\arduino_due_x/libsam_sam3x8e_gcc_rel.a(tc.o)
                0x000831d8                TC_Start
 .text.TC_SetRA
                0x00083204        0x8 C:\Users\install\AppData\Roaming\arduino15\packages\arduino\hardware\sam\1.6.4\variants\arduino_due_x/libsam_sam3x8e_gcc_rel.a(tc.o)
                0x00083204                TC_SetRA
 .text.TC_SetRB
                0x0008320c        0x8 C:\Users\install\AppData\Roaming\arduino15\packages\arduino\hardware\sam\1.6.4\variants\arduino_due_x/libsam_sam3x8e_gcc_rel.a(tc.o)
                0x0008320c                TC_SetRB
 .text.TC_SetRC
                0x00083214        0x8 C:\Users\install\AppData\Roaming\arduino15\packages\arduino\hardware\sam\1.6.4\variants\arduino_due_x/libsam_sam3x8e_gcc_rel.a(tc.o)
                0x00083214                TC_SetRC
 .text.TimeTick_Increment
                0x0008321c       0x10 C:\Users\install\AppData\Roaming\arduino15\packages\arduino\hardware\sam\1.6.4\variants\arduino_due_x/libsam_sam3x8e_gcc_rel.a(timetick.o)
                0x0008321c                TimeTick_Increment
 .text.GetTickCount
                0x0008322c        0xc C:\Users\install\AppData\Roaming\arduino15\packages\arduino\hardware\sam\1.6.4\variants\arduino_due_x/libsam_sam3x8e_gcc_rel.a(timetick.o)
                0x0008322c                GetTickCount
 .text.WDT_Disable
                0x00083238        0x8 C:\Users\install\AppData\Roaming\arduino15\packages\arduino\hardware\sam\1.6.4\variants\arduino_due_x/libsam_sam3x8e_gcc_rel.a(wdt.o)
                0x00083238                WDT_Disable
 .text.SystemInit
                0x00083240       0x9c C:\Users\install\AppData\Roaming\arduino15\packages\arduino\hardware\sam\1.6.4\variants\arduino_due_x/libsam_sam3x8e_gcc_rel.a(system_sam3xa.o)
                0x00083240                SystemInit
 .text.adc_init
                0x000832dc       0xa0 C:\Users\install\AppData\Roaming\arduino15\packages\arduino\hardware\sam\1.6.4\variants\arduino_due_x/libsam_sam3x8e_gcc_rel.a(adc.o)
                0x000832dc                adc_init
 .text.adc_configure_trigger
                0x0008337c       0x10 C:\Users\install\AppData\Roaming\arduino15\packages\arduino\hardware\sam\1.6.4\variants\arduino_due_x/libsam_sam3x8e_gcc_rel.a(adc.o)
                0x0008337c                adc_configure_trigger
 .text.adc_configure_timing
                0x0008338c       0x1a C:\Users\install\AppData\Roaming\arduino15\packages\arduino\hardware\sam\1.6.4\variants\arduino_due_x/libsam_sam3x8e_gcc_rel.a(adc.o)
                0x0008338c                adc_configure_timing
 .text.adc_start
                0x000833a6        0x6 C:\Users\install\AppData\Roaming\arduino15\packages\arduino\hardware\sam\1.6.4\variants\arduino_due_x/libsam_sam3x8e_gcc_rel.a(adc.o)
                0x000833a6                adc_start
 .text.adc_enable_channel
                0x000833ac        0x8 C:\Users\install\AppData\Roaming\arduino15\packages\arduino\hardware\sam\1.6.4\variants\arduino_due_x/libsam_sam3x8e_gcc_rel.a(adc.o)
                0x000833ac                adc_enable_channel
 .text.adc_disable_channel
                0x000833b4        0x8 C:\Users\install\AppData\Roaming\arduino15\packages\arduino\hardware\sam\1.6.4\variants\arduino_due_x/libsam_sam3x8e_gcc_rel.a(adc.o)
                0x000833b4                adc_disable_channel
 .text.adc_disable_all_channel
                0x000833bc        0x8 C:\Users\install\AppData\Roaming\arduino15\packages\arduino\hardware\sam\1.6.4\variants\arduino_due_x/libsam_sam3x8e_gcc_rel.a(adc.o)
                0x000833bc                adc_disable_all_channel
 .text.adc_get_latest_value
                0x000833c4        0x4 C:\Users\install\AppData\Roaming\arduino15\packages\arduino\hardware\sam\1.6.4\variants\arduino_due_x/libsam_sam3x8e_gcc_rel.a(adc.o)
                0x000833c4                adc_get_latest_value
 .text.adc_disable_interrupt
                0x000833c8        0x4 C:\Users\install\AppData\Roaming\arduino15\packages\arduino\hardware\sam\1.6.4\variants\arduino_due_x/libsam_sam3x8e_gcc_rel.a(adc.o)
                0x000833c8                adc_disable_interrupt
 .text.adc_get_status
                0x000833cc        0x4 C:\Users\install\AppData\Roaming\arduino15\packages\arduino\hardware\sam\1.6.4\variants\arduino_due_x/libsam_sam3x8e_gcc_rel.a(adc.o)
                0x000833cc                adc_get_status
 .text.UDD_SetStack
                0x000833d0        0xc C:\Users\install\AppData\Roaming\arduino15\packages\arduino\hardware\sam\1.6.4\variants\arduino_due_x/libsam_sam3x8e_gcc_rel.a(uotghs_device.o)
                0x000833d0                UDD_SetStack
 .text.UDD_Init
                0x000833dc       0xd0 C:\Users\install\AppData\Roaming\arduino15\packages\arduino\hardware\sam\1.6.4\variants\arduino_due_x/libsam_sam3x8e_gcc_rel.a(uotghs_device.o)
                0x000833dc                UDD_Init
 .text.UDD_Attach
                0x000834ac       0x4c C:\Users\install\AppData\Roaming\arduino15\packages\arduino\hardware\sam\1.6.4\variants\arduino_due_x/libsam_sam3x8e_gcc_rel.a(uotghs_device.o)
                0x000834ac                UDD_Attach
 .text.UDD_InitEP
                0x000834f8       0x30 C:\Users\install\AppData\Roaming\arduino15\packages\arduino\hardware\sam\1.6.4\variants\arduino_due_x/libsam_sam3x8e_gcc_rel.a(uotghs_device.o)
                0x000834f8                UDD_InitEP
 .text.UDD_InitEndpoints
                0x00083528       0x3c C:\Users\install\AppData\Roaming\arduino15\packages\arduino\hardware\sam\1.6.4\variants\arduino_due_x/libsam_sam3x8e_gcc_rel.a(uotghs_device.o)
                0x00083528                UDD_InitEndpoints
 .text.UDD_WaitIN
                0x00083564       0x14 C:\Users\install\AppData\Roaming\arduino15\packages\arduino\hardware\sam\1.6.4\variants\arduino_due_x/libsam_sam3x8e_gcc_rel.a(uotghs_device.o)
                0x00083564                UDD_WaitIN
 .text.UDD_WaitOUT
                0x00083578       0x14 C:\Users\install\AppData\Roaming\arduino15\packages\arduino\hardware\sam\1.6.4\variants\arduino_due_x/libsam_sam3x8e_gcc_rel.a(uotghs_device.o)
                0x00083578                UDD_WaitOUT
 .text.UDD_ClearIN
                0x0008358c       0x18 C:\Users\install\AppData\Roaming\arduino15\packages\arduino\hardware\sam\1.6.4\variants\arduino_due_x/libsam_sam3x8e_gcc_rel.a(uotghs_device.o)
                0x0008358c                UDD_ClearIN
 .text.UDD_ClearOUT
                0x000835a4       0x18 C:\Users\install\AppData\Roaming\arduino15\packages\arduino\hardware\sam\1.6.4\variants\arduino_due_x/libsam_sam3x8e_gcc_rel.a(uotghs_device.o)
                0x000835a4                UDD_ClearOUT
 .text.UDD_ReceivedSetupInt
                0x000835bc       0x10 C:\Users\install\AppData\Roaming\arduino15\packages\arduino\hardware\sam\1.6.4\variants\arduino_due_x/libsam_sam3x8e_gcc_rel.a(uotghs_device.o)
                0x000835bc                UDD_ReceivedSetupInt
 .text.UDD_ClearSetupInt
                0x000835cc       0x10 C:\Users\install\AppData\Roaming\arduino15\packages\arduino\hardware\sam\1.6.4\variants\arduino_due_x/libsam_sam3x8e_gcc_rel.a(uotghs_device.o)
                0x000835cc                UDD_ClearSetupInt
 .text.UDD_Send
                0x000835dc       0x90 C:\Users\install\AppData\Roaming\arduino15\packages\arduino\hardware\sam\1.6.4\variants\arduino_due_x/libsam_sam3x8e_gcc_rel.a(uotghs_device.o)
                0x000835dc                UDD_Send
 .text.UDD_Send8
                0x0008366c       0x28 C:\Users\install\AppData\Roaming\arduino15\packages\arduino\hardware\sam\1.6.4\variants\arduino_due_x/libsam_sam3x8e_gcc_rel.a(uotghs_device.o)
                0x0008366c                UDD_Send8
 .text.UDD_Recv8
                0x00083694       0x28 C:\Users\install\AppData\Roaming\arduino15\packages\arduino\hardware\sam\1.6.4\variants\arduino_due_x/libsam_sam3x8e_gcc_rel.a(uotghs_device.o)
                0x00083694                UDD_Recv8
 .text.UDD_Recv
                0x000836bc       0x34 C:\Users\install\AppData\Roaming\arduino15\packages\arduino\hardware\sam\1.6.4\variants\arduino_due_x/libsam_sam3x8e_gcc_rel.a(uotghs_device.o)
                0x000836bc                UDD_Recv
 .text.UDD_Stall
                0x000836f0       0x14 C:\Users\install\AppData\Roaming\arduino15\packages\arduino\hardware\sam\1.6.4\variants\arduino_due_x/libsam_sam3x8e_gcc_rel.a(uotghs_device.o)
                0x000836f0                UDD_Stall
 .text.UDD_FifoByteCount
                0x00083704       0x1c C:\Users\install\AppData\Roaming\arduino15\packages\arduino\hardware\sam\1.6.4\variants\arduino_due_x/libsam_sam3x8e_gcc_rel.a(uotghs_device.o)
                0x00083704                UDD_FifoByteCount
 .text.UDD_ReleaseRX
                0x00083720       0x2c C:\Users\install\AppData\Roaming\arduino15\packages\arduino\hardware\sam\1.6.4\variants\arduino_due_x/libsam_sam3x8e_gcc_rel.a(uotghs_device.o)
                0x00083720                UDD_ReleaseRX
 .text.UDD_ReleaseTX
                0x0008374c       0x2c C:\Users\install\AppData\Roaming\arduino15\packages\arduino\hardware\sam\1.6.4\variants\arduino_due_x/libsam_sam3x8e_gcc_rel.a(uotghs_device.o)
                0x0008374c                UDD_ReleaseTX
 .text.UDD_SetAddress
                0x00083778       0x20 C:\Users\install\AppData\Roaming\arduino15\packages\arduino\hardware\sam\1.6.4\variants\arduino_due_x/libsam_sam3x8e_gcc_rel.a(uotghs_device.o)
                0x00083778                UDD_SetAddress
 .text.dacc_reset
                0x00083798        0x6 C:\Users\install\AppData\Roaming\arduino15\packages\arduino\hardware\sam\1.6.4\variants\arduino_due_x/libsam_sam3x8e_gcc_rel.a(dacc.o)
                0x00083798                dacc_reset
 .text.dacc_set_transfer_mode
                0x0008379e       0x16 C:\Users\install\AppData\Roaming\arduino15\packages\arduino\hardware\sam\1.6.4\variants\arduino_due_x/libsam_sam3x8e_gcc_rel.a(dacc.o)
                0x0008379e                dacc_set_transfer_mode
 .text.dacc_get_interrupt_status
                0x000837b4        0x4 C:\Users\install\AppData\Roaming\arduino15\packages\arduino\hardware\sam\1.6.4\variants\arduino_due_x/libsam_sam3x8e_gcc_rel.a(dacc.o)
                0x000837b4                dacc_get_interrupt_status
 .text.dacc_write_conversion_data
                0x000837b8        0x4 C:\Users\install\AppData\Roaming\arduino15\packages\arduino\hardware\sam\1.6.4\variants\arduino_due_x/libsam_sam3x8e_gcc_rel.a(dacc.o)
                0x000837b8                dacc_write_conversion_data
 .text.dacc_set_channel_selection
                0x000837bc       0x18 C:\Users\install\AppData\Roaming\arduino15\packages\arduino\hardware\sam\1.6.4\variants\arduino_due_x/libsam_sam3x8e_gcc_rel.a(dacc.o)
                0x000837bc                dacc_set_channel_selection
 .text.dacc_set_power_save
                0x000837d4       0x28 C:\Users\install\AppData\Roaming\arduino15\packages\arduino\hardware\sam\1.6.4\variants\arduino_due_x/libsam_sam3x8e_gcc_rel.a(dacc.o)
                0x000837d4                dacc_set_power_save
 .text.dacc_set_timing
                0x000837fc       0x30 C:\Users\install\AppData\Roaming\arduino15\packages\arduino\hardware\sam\1.6.4\variants\arduino_due_x/libsam_sam3x8e_gcc_rel.a(dacc.o)
                0x000837fc                dacc_set_timing
 .text.dacc_enable_channel
                0x0008382c       0x14 C:\Users\install\AppData\Roaming\arduino15\packages\arduino\hardware\sam\1.6.4\variants\arduino_due_x/libsam_sam3x8e_gcc_rel.a(dacc.o)
                0x0008382c                dacc_enable_channel
 .text.dacc_get_channel_status
                0x00083840        0x4 C:\Users\install\AppData\Roaming\arduino15\packages\arduino\hardware\sam\1.6.4\variants\arduino_due_x/libsam_sam3x8e_gcc_rel.a(dacc.o)
                0x00083840                dacc_get_channel_status
 .text.dacc_set_analog_control
                0x00083844        0x8 C:\Users\install\AppData\Roaming\arduino15\packages\arduino\hardware\sam\1.6.4\variants\arduino_due_x/libsam_sam3x8e_gcc_rel.a(dacc.o)
                0x00083844                dacc_set_analog_control
 .text.__fpclassifyd
                0x0008384c       0x50 c:/users/install/appdata/roaming/arduino15/packages/arduino/tools/arm-none-eabi-gcc/4.8.3-2014q1/bin/../lib/gcc/arm-none-eabi/4.8.3/../../../../arm-none-eabi/lib/armv7-m\libm.a(lib_a-s_fpclassify.o)
                0x0008384c                __fpclassifyd
 .text.pow      0x0008389c      0x2f8 c:/users/install/appdata/roaming/arduino15/packages/arduino/tools/arm-none-eabi-gcc/4.8.3-2014q1/bin/../lib/gcc/arm-none-eabi/4.8.3/../../../../arm-none-eabi/lib/armv7-m\libm.a(lib_a-w_pow.o)
                0x0008389c                pow
 *fill*         0x00083b94        0x4 
 .text.__ieee754_pow
                0x00083b98      0xab8 c:/users/install/appdata/roaming/arduino15/packages/arduino/tools/arm-none-eabi-gcc/4.8.3-2014q1/bin/../lib/gcc/arm-none-eabi/4.8.3/../../../../arm-none-eabi/lib/armv7-m\libm.a(lib_a-e_pow.o)
                0x00083b98                __ieee754_pow
 .text.__ieee754_sqrt
                0x00084650      0x180 c:/users/install/appdata/roaming/arduino15/packages/arduino/tools/arm-none-eabi-gcc/4.8.3-2014q1/bin/../lib/gcc/arm-none-eabi/4.8.3/../../../../arm-none-eabi/lib/armv7-m\libm.a(lib_a-e_sqrt.o)
                0x00084650                __ieee754_sqrt
 .text.fabs     0x000847d0        0x8 c:/users/install/appdata/roaming/arduino15/packages/arduino/tools/arm-none-eabi-gcc/4.8.3-2014q1/bin/../lib/gcc/arm-none-eabi/4.8.3/../../../../arm-none-eabi/lib/armv7-m\libm.a(lib_a-s_fabs.o)
                0x000847d0                fabs
 .text.finite   0x000847d8        0xc c:/users/install/appdata/roaming/arduino15/packages/arduino/tools/arm-none-eabi-gcc/4.8.3-2014q1/bin/../lib/gcc/arm-none-eabi/4.8.3/../../../../arm-none-eabi/lib/armv7-m\libm.a(lib_a-s_finite.o)
                0x000847d8                finite
 .text.matherr  0x000847e4        0x4 c:/users/install/appdata/roaming/arduino15/packages/arduino/tools/arm-none-eabi-gcc/4.8.3-2014q1/bin/../lib/gcc/arm-none-eabi/4.8.3/../../../../arm-none-eabi/lib/armv7-m\libm.a(lib_a-s_matherr.o)
                0x000847e4                matherr
 .text.nan      0x000847e8        0xc c:/users/install/appdata/roaming/arduino15/packages/arduino/tools/arm-none-eabi-gcc/4.8.3-2014q1/bin/../lib/gcc/arm-none-eabi/4.8.3/../../../../arm-none-eabi/lib/armv7-m\libm.a(lib_a-s_nan.o)
                0x000847e8                nan
 .text.rint     0x000847f4      0x118 c:/users/install/appdata/roaming/arduino15/packages/arduino/tools/arm-none-eabi-gcc/4.8.3-2014q1/bin/../lib/gcc/arm-none-eabi/4.8.3/../../../../arm-none-eabi/lib/armv7-m\libm.a(lib_a-s_rint.o)
                0x000847f4                rint
 *fill*         0x0008490c        0x4 
 .text.scalbn   0x00084910      0x100 c:/users/install/appdata/roaming/arduino15/packages/arduino/tools/arm-none-eabi-gcc/4.8.3-2014q1/bin/../lib/gcc/arm-none-eabi/4.8.3/../../../../arm-none-eabi/lib/armv7-m\libm.a(lib_a-s_scalbn.o)
                0x00084910                scalbn
 .text.copysign
                0x00084a10       0x14 c:/users/install/appdata/roaming/arduino15/packages/arduino/tools/arm-none-eabi-gcc/4.8.3-2014q1/bin/../lib/gcc/arm-none-eabi/4.8.3/../../../../arm-none-eabi/lib/armv7-m\libm.a(lib_a-s_copysign.o)
                0x00084a10                copysign
 .text          0x00084a24      0x370 c:/users/install/appdata/roaming/arduino15/packages/arduino/tools/arm-none-eabi-gcc/4.8.3-2014q1/bin/../lib/gcc/arm-none-eabi/4.8.3/armv7-m\libgcc.a(_arm_addsubdf3.o)
                0x00084a24                __aeabi_drsub
                0x00084a2c                __aeabi_dsub
                0x00084a2c                __subdf3
                0x00084a30                __aeabi_dadd
                0x00084a30                __adddf3
                0x00084ca8                __floatunsidf
                0x00084ca8                __aeabi_ui2d
                0x00084cc8                __floatsidf
                0x00084cc8                __aeabi_i2d
                0x00084cec                __aeabi_f2d
                0x00084cec                __extendsfdf2
                0x00084d28                __floatundidf
                0x00084d28                __aeabi_ul2d
                0x00084d38                __floatdidf
                0x00084d38                __aeabi_l2d
 .text          0x00084d94      0x424 c:/users/install/appdata/roaming/arduino15/packages/arduino/tools/arm-none-eabi-gcc/4.8.3-2014q1/bin/../lib/gcc/arm-none-eabi/4.8.3/armv7-m\libgcc.a(_arm_muldivdf3.o)
                0x00084d94                __aeabi_dmul
                0x00084d94                __muldf3
                0x00084fe8                __divdf3
                0x00084fe8                __aeabi_ddiv
 .text          0x000851b8      0x110 c:/users/install/appdata/roaming/arduino15/packages/arduino/tools/arm-none-eabi-gcc/4.8.3-2014q1/bin/../lib/gcc/arm-none-eabi/4.8.3/armv7-m\libgcc.a(_arm_cmpdf2.o)
                0x000851b8                __gtdf2
                0x000851b8                __gedf2
                0x000851c0                __ltdf2
                0x000851c0                __ledf2
                0x000851c8                __nedf2
                0x000851c8                __eqdf2
                0x000851c8                __cmpdf2
                0x00085244                __aeabi_cdrcmple
                0x00085254                __aeabi_cdcmpeq
                0x00085254                __aeabi_cdcmple
                0x00085264                __aeabi_dcmpeq
                0x00085278                __aeabi_dcmplt
                0x0008528c                __aeabi_dcmple
                0x000852a0                __aeabi_dcmpge
                0x000852b4                __aeabi_dcmpgt
 .text          0x000852c8       0x50 c:/users/install/appdata/roaming/arduino15/packages/arduino/tools/arm-none-eabi-gcc/4.8.3-2014q1/bin/../lib/gcc/arm-none-eabi/4.8.3/armv7-m\libgcc.a(_arm_fixdfsi.o)
                0x000852c8                __aeabi_d2iz
                0x000852c8                __fixdfsi
 .text.__aeabi_atexit
                0x00085318        0xc c:/users/install/appdata/roaming/arduino15/packages/arduino/tools/arm-none-eabi-gcc/4.8.3-2014q1/bin/../lib/gcc/arm-none-eabi/4.8.3/../../../../arm-none-eabi/lib/armv7-m\libg.a(lib_a-aeabi_atexit.o)
                0x00085318                __aeabi_atexit
 .text.__assert_func
                0x00085324       0x3c c:/users/install/appdata/roaming/arduino15/packages/arduino/tools/arm-none-eabi-gcc/4.8.3-2014q1/bin/../lib/gcc/arm-none-eabi/4.8.3/../../../../arm-none-eabi/lib/armv7-m\libg.a(lib_a-assert.o)
                0x00085324                __assert_func
 .text.atol     0x00085360        0x8 c:/users/install/appdata/roaming/arduino15/packages/arduino/tools/arm-none-eabi-gcc/4.8.3-2014q1/bin/../lib/gcc/arm-none-eabi/4.8.3/../../../../arm-none-eabi/lib/armv7-m\libg.a(lib_a-atol.o)
                0x00085360                atol
 .text.__cxa_atexit
                0x00085368       0x14 c:/users/install/appdata/roaming/arduino15/packages/arduino/tools/arm-none-eabi-gcc/4.8.3-2014q1/bin/../lib/gcc/arm-none-eabi/4.8.3/../../../../arm-none-eabi/lib/armv7-m\libg.a(lib_a-cxa_atexit.o)
                0x00085368                __cxa_atexit
 .text.__errno  0x0008537c        0xc c:/users/install/appdata/roaming/arduino15/packages/arduino/tools/arm-none-eabi-gcc/4.8.3-2014q1/bin/../lib/gcc/arm-none-eabi/4.8.3/../../../../arm-none-eabi/lib/armv7-m\libg.a(lib_a-errno.o)
                0x0008537c                __errno
 .text.fiprintf
                0x00085388       0x28 c:/users/install/appdata/roaming/arduino15/packages/arduino/tools/arm-none-eabi-gcc/4.8.3-2014q1/bin/../lib/gcc/arm-none-eabi/4.8.3/../../../../arm-none-eabi/lib/armv7-m\libg.a(lib_a-fiprintf.o)
                0x00085388                fiprintf
 .text.__libc_init_array
                0x000853b0       0x50 c:/users/install/appdata/roaming/arduino15/packages/arduino/tools/arm-none-eabi-gcc/4.8.3-2014q1/bin/../lib/gcc/arm-none-eabi/4.8.3/../../../../arm-none-eabi/lib/armv7-m\libg.a(lib_a-init.o)
                0x000853b0                __libc_init_array
 .text.iprintf  0x00085400       0x28 c:/users/install/appdata/roaming/arduino15/packages/arduino/tools/arm-none-eabi-gcc/4.8.3-2014q1/bin/../lib/gcc/arm-none-eabi/4.8.3/../../../../arm-none-eabi/lib/armv7-m\libg.a(lib_a-iprintf.o)
                0x00085400                iprintf
 .text.malloc   0x00085428       0x10 c:/users/install/appdata/roaming/arduino15/packages/arduino/tools/arm-none-eabi-gcc/4.8.3-2014q1/bin/../lib/gcc/arm-none-eabi/4.8.3/../../../../arm-none-eabi/lib/armv7-m\libg.a(lib_a-malloc.o)
                0x00085428                malloc
 .text.free     0x00085438       0x10 c:/users/install/appdata/roaming/arduino15/packages/arduino/tools/arm-none-eabi-gcc/4.8.3-2014q1/bin/../lib/gcc/arm-none-eabi/4.8.3/../../../../arm-none-eabi/lib/armv7-m\libg.a(lib_a-malloc.o)
                0x00085438                free
 .text._malloc_r
                0x00085448      0x538 c:/users/install/appdata/roaming/arduino15/packages/arduino/tools/arm-none-eabi-gcc/4.8.3-2014q1/bin/../lib/gcc/arm-none-eabi/4.8.3/../../../../arm-none-eabi/lib/armv7-m\libg.a(lib_a-mallocr.o)
                0x00085448                _malloc_r
 .text          0x00085980       0xec c:/users/install/appdata/roaming/arduino15/packages/arduino/tools/arm-none-eabi-gcc/4.8.3-2014q1/bin/../lib/gcc/arm-none-eabi/4.8.3/../../../../arm-none-eabi/lib/armv7-m\libg.a(lib_a-memcpy.o)
                0x00085980                memcpy
 .text.memmove  0x00085a6c       0xcc c:/users/install/appdata/roaming/arduino15/packages/arduino/tools/arm-none-eabi-gcc/4.8.3-2014q1/bin/../lib/gcc/arm-none-eabi/4.8.3/../../../../arm-none-eabi/lib/armv7-m\libg.a(lib_a-memmove.o)
                0x00085a6c                memmove
 .text.memset   0x00085b38       0x94 c:/users/install/appdata/roaming/arduino15/packages/arduino/tools/arm-none-eabi-gcc/4.8.3-2014q1/bin/../lib/gcc/arm-none-eabi/4.8.3/../../../../arm-none-eabi/lib/armv7-m\libg.a(lib_a-memset.o)
                0x00085b38                memset
 .text.__malloc_lock
                0x00085bcc        0x4 c:/users/install/appdata/roaming/arduino15/packages/arduino/tools/arm-none-eabi-gcc/4.8.3-2014q1/bin/../lib/gcc/arm-none-eabi/4.8.3/../../../../arm-none-eabi/lib/armv7-m\libg.a(lib_a-mlock.o)
                0x00085bcc                __malloc_lock
 .text.__malloc_unlock
                0x00085bd0        0x4 c:/users/install/appdata/roaming/arduino15/packages/arduino/tools/arm-none-eabi-gcc/4.8.3-2014q1/bin/../lib/gcc/arm-none-eabi/4.8.3/../../../../arm-none-eabi/lib/armv7-m\libg.a(lib_a-mlock.o)
                0x00085bd0                __malloc_unlock
 .text.realloc  0x00085bd4       0x10 c:/users/install/appdata/roaming/arduino15/packages/arduino/tools/arm-none-eabi-gcc/4.8.3-2014q1/bin/../lib/gcc/arm-none-eabi/4.8.3/../../../../arm-none-eabi/lib/armv7-m\libg.a(lib_a-realloc.o)
                0x00085bd4                realloc
 .text._realloc_r
                0x00085be4      0x3c0 c:/users/install/appdata/roaming/arduino15/packages/arduino/tools/arm-none-eabi-gcc/4.8.3-2014q1/bin/../lib/gcc/arm-none-eabi/4.8.3/../../../../arm-none-eabi/lib/armv7-m\libg.a(lib_a-reallocr.o)
                0x00085be4                _realloc_r
 .text._sbrk_r  0x00085fa4       0x24 c:/users/install/appdata/roaming/arduino15/packages/arduino/tools/arm-none-eabi-gcc/4.8.3-2014q1/bin/../lib/gcc/arm-none-eabi/4.8.3/../../../../arm-none-eabi/lib/armv7-m\libg.a(lib_a-sbrkr.o)
                0x00085fa4                _sbrk_r
 .text.sprintf  0x00085fc8       0x4c c:/users/install/appdata/roaming/arduino15/packages/arduino/tools/arm-none-eabi-gcc/4.8.3-2014q1/bin/../lib/gcc/arm-none-eabi/4.8.3/../../../../arm-none-eabi/lib/armv7-m\libg.a(lib_a-sprintf.o)
                0x00085fc8                sprintf
 .text          0x00086014      0x23c c:/users/install/appdata/roaming/arduino15/packages/arduino/tools/arm-none-eabi-gcc/4.8.3-2014q1/bin/../lib/gcc/arm-none-eabi/4.8.3/../../../../arm-none-eabi/lib/armv7-m\libg.a(lib_a-strcmp.o)
                0x00086014                strcmp
 .text.strcpy   0x00086250       0xbc c:/users/install/appdata/roaming/arduino15/packages/arduino/tools/arm-none-eabi-gcc/4.8.3-2014q1/bin/../lib/gcc/arm-none-eabi/4.8.3/../../../../arm-none-eabi/lib/armv7-m\libg.a(lib_a-strcpy.o)
                0x00086250                strcpy
 .text.strlen   0x0008630c       0x60 c:/users/install/appdata/roaming/arduino15/packages/arduino/tools/arm-none-eabi-gcc/4.8.3-2014q1/bin/../lib/gcc/arm-none-eabi/4.8.3/../../../../arm-none-eabi/lib/armv7-m\libg.a(lib_a-strlen.o)
                0x0008630c                strlen
 .text._strtol_r
                0x0008636c      0x114 c:/users/install/appdata/roaming/arduino15/packages/arduino/tools/arm-none-eabi-gcc/4.8.3-2014q1/bin/../lib/gcc/arm-none-eabi/4.8.3/../../../../arm-none-eabi/lib/armv7-m\libg.a(lib_a-strtol.o)
                0x0008636c                _strtol_r
 .text.strtol   0x00086480       0x18 c:/users/install/appdata/roaming/arduino15/packages/arduino/tools/arm-none-eabi-gcc/4.8.3-2014q1/bin/../lib/gcc/arm-none-eabi/4.8.3/../../../../arm-none-eabi/lib/armv7-m\libg.a(lib_a-strtol.o)
                0x00086480                strtol
 .text._svfprintf_r
                0x00086498     0x14e0 c:/users/install/appdata/roaming/arduino15/packages/arduino/tools/arm-none-eabi-gcc/4.8.3-2014q1/bin/../lib/gcc/arm-none-eabi/4.8.3/../../../../arm-none-eabi/lib/armv7-m\libg.a(lib_a-svfprintf.o)
                0x00086498                _svfprintf_r
 .text.toupper  0x00087978       0x18 c:/users/install/appdata/roaming/arduino15/packages/arduino/tools/arm-none-eabi-gcc/4.8.3-2014q1/bin/../lib/gcc/arm-none-eabi/4.8.3/../../../../arm-none-eabi/lib/armv7-m\libg.a(lib_a-toupper.o)
                0x00087978                toupper
 .text.__sprint_r.part.0
                0x00087990       0x78 c:/users/install/appdata/roaming/arduino15/packages/arduino/tools/arm-none-eabi-gcc/4.8.3-2014q1/bin/../lib/gcc/arm-none-eabi/4.8.3/../../../../arm-none-eabi/lib/armv7-m\libg.a(lib_a-vfiprintf.o)
 .text._vfiprintf_r
                0x00087a08      0xc54 c:/users/install/appdata/roaming/arduino15/packages/arduino/tools/arm-none-eabi-gcc/4.8.3-2014q1/bin/../lib/gcc/arm-none-eabi/4.8.3/../../../../arm-none-eabi/lib/armv7-m\libg.a(lib_a-vfiprintf.o)
                0x00087a08                _vfiprintf_r
 .text.__sbprintf
                0x0008865c       0x7c c:/users/install/appdata/roaming/arduino15/packages/arduino/tools/arm-none-eabi-gcc/4.8.3-2014q1/bin/../lib/gcc/arm-none-eabi/4.8.3/../../../../arm-none-eabi/lib/armv7-m\libg.a(lib_a-vfiprintf.o)
 .text.__swsetup_r
                0x000886d8       0xc4 c:/users/install/appdata/roaming/arduino15/packages/arduino/tools/arm-none-eabi-gcc/4.8.3-2014q1/bin/../lib/gcc/arm-none-eabi/4.8.3/../../../../arm-none-eabi/lib/armv7-m\libg.a(lib_a-wsetup.o)
                0x000886d8                __swsetup_r
 .text.__register_exitproc
                0x0008879c       0xa8 c:/users/install/appdata/roaming/arduino15/packages/arduino/tools/arm-none-eabi-gcc/4.8.3-2014q1/bin/../lib/gcc/arm-none-eabi/4.8.3/../../../../arm-none-eabi/lib/armv7-m\libg.a(lib_a-__atexit.o)
                0x0008879c                __register_exitproc
 .text.startup.register_fini
                0x00088844       0x14 c:/users/install/appdata/roaming/arduino15/packages/arduino/tools/arm-none-eabi-gcc/4.8.3-2014q1/bin/../lib/gcc/arm-none-eabi/4.8.3/../../../../arm-none-eabi/lib/armv7-m\libg.a(lib_a-__call_atexit.o)
 .text.abort    0x00088858       0x10 c:/users/install/appdata/roaming/arduino15/packages/arduino/tools/arm-none-eabi-gcc/4.8.3-2014q1/bin/../lib/gcc/arm-none-eabi/4.8.3/../../../../arm-none-eabi/lib/armv7-m\libg.a(lib_a-abort.o)
                0x00088858                abort
 .text.atexit   0x00088868        0xc c:/users/install/appdata/roaming/arduino15/packages/arduino/tools/arm-none-eabi-gcc/4.8.3-2014q1/bin/../lib/gcc/arm-none-eabi/4.8.3/../../../../arm-none-eabi/lib/armv7-m\libg.a(lib_a-atexit.o)
                0x00088868                atexit
 .text.quorem   0x00088874      0x134 c:/users/install/appdata/roaming/arduino15/packages/arduino/tools/arm-none-eabi-gcc/4.8.3-2014q1/bin/../lib/gcc/arm-none-eabi/4.8.3/../../../../arm-none-eabi/lib/armv7-m\libg.a(lib_a-dtoa.o)
 .text._dtoa_r  0x000889a8      0xe38 c:/users/install/appdata/roaming/arduino15/packages/arduino/tools/arm-none-eabi-gcc/4.8.3-2014q1/bin/../lib/gcc/arm-none-eabi/4.8.3/../../../../arm-none-eabi/lib/armv7-m\libg.a(lib_a-dtoa.o)
                0x000889a8                _dtoa_r
 .text.__sflush_r
                0x000897e0      0x148 c:/users/install/appdata/roaming/arduino15/packages/arduino/tools/arm-none-eabi-gcc/4.8.3-2014q1/bin/../lib/gcc/arm-none-eabi/4.8.3/../../../../arm-none-eabi/lib/armv7-m\libg.a(lib_a-fflush.o)
                0x000897e0                __sflush_r
 .text._fflush_r
                0x00089928       0x2c c:/users/install/appdata/roaming/arduino15/packages/arduino/tools/arm-none-eabi-gcc/4.8.3-2014q1/bin/../lib/gcc/arm-none-eabi/4.8.3/../../../../arm-none-eabi/lib/armv7-m\libg.a(lib_a-fflush.o)
                0x00089928                _fflush_r
 .text._cleanup_r
                0x00089954        0xc c:/users/install/appdata/roaming/arduino15/packages/arduino/tools/arm-none-eabi-gcc/4.8.3-2014q1/bin/../lib/gcc/arm-none-eabi/4.8.3/../../../../arm-none-eabi/lib/armv7-m\libg.a(lib_a-findfp.o)
                0x00089954                _cleanup_r
 .text.__sinit  0x00089960       0xf4 c:/users/install/appdata/roaming/arduino15/packages/arduino/tools/arm-none-eabi-gcc/4.8.3-2014q1/bin/../lib/gcc/arm-none-eabi/4.8.3/../../../../arm-none-eabi/lib/armv7-m\libg.a(lib_a-findfp.o)
                0x00089960                __sinit
 .text.__sfp_lock_acquire
                0x00089a54        0x4 c:/users/install/appdata/roaming/arduino15/packages/arduino/tools/arm-none-eabi-gcc/4.8.3-2014q1/bin/../lib/gcc/arm-none-eabi/4.8.3/../../../../arm-none-eabi/lib/armv7-m\libg.a(lib_a-findfp.o)
                0x00089a54                __sfp_lock_acquire
 .text.__sfp_lock_release
                0x00089a58        0x4 c:/users/install/appdata/roaming/arduino15/packages/arduino/tools/arm-none-eabi-gcc/4.8.3-2014q1/bin/../lib/gcc/arm-none-eabi/4.8.3/../../../../arm-none-eabi/lib/armv7-m\libg.a(lib_a-findfp.o)
                0x00089a58                __sfp_lock_release
 .text.__libc_fini_array
                0x00089a5c       0x30 c:/users/install/appdata/roaming/arduino15/packages/arduino/tools/arm-none-eabi-gcc/4.8.3-2014q1/bin/../lib/gcc/arm-none-eabi/4.8.3/../../../../arm-none-eabi/lib/armv7-m\libg.a(lib_a-fini.o)
                0x00089a5c                __libc_fini_array
 .text._fputwc_r
                0x00089a8c       0xc0 c:/users/install/appdata/roaming/arduino15/packages/arduino/tools/arm-none-eabi-gcc/4.8.3-2014q1/bin/../lib/gcc/arm-none-eabi/4.8.3/../../../../arm-none-eabi/lib/armv7-m\libg.a(lib_a-fputwc.o)
                0x00089a8c                _fputwc_r
 .text._malloc_trim_r
                0x00089b4c       0x9c c:/users/install/appdata/roaming/arduino15/packages/arduino/tools/arm-none-eabi-gcc/4.8.3-2014q1/bin/../lib/gcc/arm-none-eabi/4.8.3/../../../../arm-none-eabi/lib/armv7-m\libg.a(lib_a-freer.o)
                0x00089b4c                _malloc_trim_r
 .text._free_r  0x00089be8      0x198 c:/users/install/appdata/roaming/arduino15/packages/arduino/tools/arm-none-eabi-gcc/4.8.3-2014q1/bin/../lib/gcc/arm-none-eabi/4.8.3/../../../../arm-none-eabi/lib/armv7-m\libg.a(lib_a-freer.o)
                0x00089be8                _free_r
 .text.__sfvwrite_r
                0x00089d80      0x314 c:/users/install/appdata/roaming/arduino15/packages/arduino/tools/arm-none-eabi-gcc/4.8.3-2014q1/bin/../lib/gcc/arm-none-eabi/4.8.3/../../../../arm-none-eabi/lib/armv7-m\libg.a(lib_a-fvwrite.o)
                0x00089d80                __sfvwrite_r
 .text._fwalk   0x0008a094       0x48 c:/users/install/appdata/roaming/arduino15/packages/arduino/tools/arm-none-eabi-gcc/4.8.3-2014q1/bin/../lib/gcc/arm-none-eabi/4.8.3/../../../../arm-none-eabi/lib/armv7-m\libg.a(lib_a-fwalk.o)
                0x0008a094                _fwalk
 .text.__locale_charset
                0x0008a0dc        0x8 c:/users/install/appdata/roaming/arduino15/packages/arduino/tools/arm-none-eabi-gcc/4.8.3-2014q1/bin/../lib/gcc/arm-none-eabi/4.8.3/../../../../arm-none-eabi/lib/armv7-m\libg.a(lib_a-locale.o)
                0x0008a0dc                __locale_charset
 .text.__locale_mb_cur_max
                0x0008a0e4        0xc c:/users/install/appdata/roaming/arduino15/packages/arduino/tools/arm-none-eabi-gcc/4.8.3-2014q1/bin/../lib/gcc/arm-none-eabi/4.8.3/../../../../arm-none-eabi/lib/armv7-m\libg.a(lib_a-locale.o)
                0x0008a0e4                __locale_mb_cur_max
 .text._localeconv_r
                0x0008a0f0        0x8 c:/users/install/appdata/roaming/arduino15/packages/arduino/tools/arm-none-eabi-gcc/4.8.3-2014q1/bin/../lib/gcc/arm-none-eabi/4.8.3/../../../../arm-none-eabi/lib/armv7-m\libg.a(lib_a-locale.o)
                0x0008a0f0                _localeconv_r
 .text.__smakebuf_r
                0x0008a0f8       0xe0 c:/users/install/appdata/roaming/arduino15/packages/arduino/tools/arm-none-eabi-gcc/4.8.3-2014q1/bin/../lib/gcc/arm-none-eabi/4.8.3/../../../../arm-none-eabi/lib/armv7-m\libg.a(lib_a-makebuf.o)
                0x0008a0f8                __smakebuf_r
 .text.memchr   0x0008a1d8       0x94 c:/users/install/appdata/roaming/arduino15/packages/arduino/tools/arm-none-eabi-gcc/4.8.3-2014q1/bin/../lib/gcc/arm-none-eabi/4.8.3/../../../../arm-none-eabi/lib/armv7-m\libg.a(lib_a-memchr-stub.o)
                0x0008a1d8                memchr
 .text._Balloc  0x0008a26c       0x4c c:/users/install/appdata/roaming/arduino15/packages/arduino/tools/arm-none-eabi-gcc/4.8.3-2014q1/bin/../lib/gcc/arm-none-eabi/4.8.3/../../../../arm-none-eabi/lib/armv7-m\libg.a(lib_a-mprec.o)
                0x0008a26c                _Balloc
 .text._Bfree   0x0008a2b8       0x14 c:/users/install/appdata/roaming/arduino15/packages/arduino/tools/arm-none-eabi-gcc/4.8.3-2014q1/bin/../lib/gcc/arm-none-eabi/4.8.3/../../../../arm-none-eabi/lib/armv7-m\libg.a(lib_a-mprec.o)
                0x0008a2b8                _Bfree
 .text.__multadd
                0x0008a2cc       0x94 c:/users/install/appdata/roaming/arduino15/packages/arduino/tools/arm-none-eabi-gcc/4.8.3-2014q1/bin/../lib/gcc/arm-none-eabi/4.8.3/../../../../arm-none-eabi/lib/armv7-m\libg.a(lib_a-mprec.o)
                0x0008a2cc                __multadd
 .text.__hi0bits
                0x0008a360       0x40 c:/users/install/appdata/roaming/arduino15/packages/arduino/tools/arm-none-eabi-gcc/4.8.3-2014q1/bin/../lib/gcc/arm-none-eabi/4.8.3/../../../../arm-none-eabi/lib/armv7-m\libg.a(lib_a-mprec.o)
                0x0008a360                __hi0bits
 .text.__lo0bits
                0x0008a3a0       0x5c c:/users/install/appdata/roaming/arduino15/packages/arduino/tools/arm-none-eabi-gcc/4.8.3-2014q1/bin/../lib/gcc/arm-none-eabi/4.8.3/../../../../arm-none-eabi/lib/armv7-m\libg.a(lib_a-mprec.o)
                0x0008a3a0                __lo0bits
 .text.__i2b    0x0008a3fc       0x14 c:/users/install/appdata/roaming/arduino15/packages/arduino/tools/arm-none-eabi-gcc/4.8.3-2014q1/bin/../lib/gcc/arm-none-eabi/4.8.3/../../../../arm-none-eabi/lib/armv7-m\libg.a(lib_a-mprec.o)
                0x0008a3fc                __i2b
 .text.__multiply
                0x0008a410      0x13c c:/users/install/appdata/roaming/arduino15/packages/arduino/tools/arm-none-eabi-gcc/4.8.3-2014q1/bin/../lib/gcc/arm-none-eabi/4.8.3/../../../../arm-none-eabi/lib/armv7-m\libg.a(lib_a-mprec.o)
                0x0008a410                __multiply
 .text.__pow5mult
                0x0008a54c       0x9c c:/users/install/appdata/roaming/arduino15/packages/arduino/tools/arm-none-eabi-gcc/4.8.3-2014q1/bin/../lib/gcc/arm-none-eabi/4.8.3/../../../../arm-none-eabi/lib/armv7-m\libg.a(lib_a-mprec.o)
                0x0008a54c                __pow5mult
 .text.__lshift
                0x0008a5e8       0xbc c:/users/install/appdata/roaming/arduino15/packages/arduino/tools/arm-none-eabi-gcc/4.8.3-2014q1/bin/../lib/gcc/arm-none-eabi/4.8.3/../../../../arm-none-eabi/lib/armv7-m\libg.a(lib_a-mprec.o)
                0x0008a5e8                __lshift
 .text.__mcmp   0x0008a6a4       0x48 c:/users/install/appdata/roaming/arduino15/packages/arduino/tools/arm-none-eabi-gcc/4.8.3-2014q1/bin/../lib/gcc/arm-none-eabi/4.8.3/../../../../arm-none-eabi/lib/armv7-m\libg.a(lib_a-mprec.o)
                0x0008a6a4                __mcmp
 .text.__mdiff  0x0008a6ec       0xd8 c:/users/install/appdata/roaming/arduino15/packages/arduino/tools/arm-none-eabi-gcc/4.8.3-2014q1/bin/../lib/gcc/arm-none-eabi/4.8.3/../../../../arm-none-eabi/lib/armv7-m\libg.a(lib_a-mprec.o)
                0x0008a6ec                __mdiff
 .text.__d2b    0x0008a7c4       0xbc c:/users/install/appdata/roaming/arduino15/packages/arduino/tools/arm-none-eabi-gcc/4.8.3-2014q1/bin/../lib/gcc/arm-none-eabi/4.8.3/../../../../arm-none-eabi/lib/armv7-m\libg.a(lib_a-mprec.o)
                0x0008a7c4                __d2b
 .text._raise_r
                0x0008a880       0x58 c:/users/install/appdata/roaming/arduino15/packages/arduino/tools/arm-none-eabi-gcc/4.8.3-2014q1/bin/../lib/gcc/arm-none-eabi/4.8.3/../../../../arm-none-eabi/lib/armv7-m\libg.a(lib_a-signal.o)
                0x0008a880                _raise_r
 .text.raise    0x0008a8d8       0x10 c:/users/install/appdata/roaming/arduino15/packages/arduino/tools/arm-none-eabi-gcc/4.8.3-2014q1/bin/../lib/gcc/arm-none-eabi/4.8.3/../../../../arm-none-eabi/lib/armv7-m\libg.a(lib_a-signal.o)
                0x0008a8d8                raise
 .text._kill_r  0x0008a8e8       0x28 c:/users/install/appdata/roaming/arduino15/packages/arduino/tools/arm-none-eabi-gcc/4.8.3-2014q1/bin/../lib/gcc/arm-none-eabi/4.8.3/../../../../arm-none-eabi/lib/armv7-m\libg.a(lib_a-signalr.o)
                0x0008a8e8                _kill_r
 .text._getpid_r
                0x0008a910        0x4 c:/users/install/appdata/roaming/arduino15/packages/arduino/tools/arm-none-eabi-gcc/4.8.3-2014q1/bin/../lib/gcc/arm-none-eabi/4.8.3/../../../../arm-none-eabi/lib/armv7-m\libg.a(lib_a-signalr.o)
                0x0008a910                _getpid_r
 .text.__sread  0x0008a914       0x24 c:/users/install/appdata/roaming/arduino15/packages/arduino/tools/arm-none-eabi-gcc/4.8.3-2014q1/bin/../lib/gcc/arm-none-eabi/4.8.3/../../../../arm-none-eabi/lib/armv7-m\libg.a(lib_a-stdio.o)
                0x0008a914                __sread
 .text.__swrite
                0x0008a938       0x38 c:/users/install/appdata/roaming/arduino15/packages/arduino/tools/arm-none-eabi-gcc/4.8.3-2014q1/bin/../lib/gcc/arm-none-eabi/4.8.3/../../../../arm-none-eabi/lib/armv7-m\libg.a(lib_a-stdio.o)
                0x0008a938                __swrite
 .text.__sseek  0x0008a970       0x20 c:/users/install/appdata/roaming/arduino15/packages/arduino/tools/arm-none-eabi-gcc/4.8.3-2014q1/bin/../lib/gcc/arm-none-eabi/4.8.3/../../../../arm-none-eabi/lib/armv7-m\libg.a(lib_a-stdio.o)
                0x0008a970                __sseek
 .text.__sclose
                0x0008a990        0x8 c:/users/install/appdata/roaming/arduino15/packages/arduino/tools/arm-none-eabi-gcc/4.8.3-2014q1/bin/../lib/gcc/arm-none-eabi/4.8.3/../../../../arm-none-eabi/lib/armv7-m\libg.a(lib_a-stdio.o)
                0x0008a990                __sclose
 .text.__ssprint_r
                0x0008a998      0x100 c:/users/install/appdata/roaming/arduino15/packages/arduino/tools/arm-none-eabi-gcc/4.8.3-2014q1/bin/../lib/gcc/arm-none-eabi/4.8.3/../../../../arm-none-eabi/lib/armv7-m\libg.a(lib_a-svfiprintf.o)
                0x0008a998                __ssprint_r
 .text.__swbuf_r
                0x0008aa98       0xa8 c:/users/install/appdata/roaming/arduino15/packages/arduino/tools/arm-none-eabi-gcc/4.8.3-2014q1/bin/../lib/gcc/arm-none-eabi/4.8.3/../../../../arm-none-eabi/lib/armv7-m\libg.a(lib_a-wbuf.o)
                0x0008aa98                __swbuf_r
 .text._wcrtomb_r
                0x0008ab40       0x50 c:/users/install/appdata/roaming/arduino15/packages/arduino/tools/arm-none-eabi-gcc/4.8.3-2014q1/bin/../lib/gcc/arm-none-eabi/4.8.3/../../../../arm-none-eabi/lib/armv7-m\libg.a(lib_a-wcrtomb.o)
                0x0008ab40                _wcrtomb_r
 .text.__ascii_wctomb
                0x0008ab90       0x1c c:/users/install/appdata/roaming/arduino15/packages/arduino/tools/arm-none-eabi-gcc/4.8.3-2014q1/bin/../lib/gcc/arm-none-eabi/4.8.3/../../../../arm-none-eabi/lib/armv7-m\libg.a(lib_a-wctomb_r.o)
                0x0008ab90                __ascii_wctomb
 .text._write_r
                0x0008abac       0x28 c:/users/install/appdata/roaming/arduino15/packages/arduino/tools/arm-none-eabi-gcc/4.8.3-2014q1/bin/../lib/gcc/arm-none-eabi/4.8.3/../../../../arm-none-eabi/lib/armv7-m\libg.a(lib_a-writer.o)
                0x0008abac                _write_r
 .text._calloc_r
                0x0008abd4       0x60 c:/users/install/appdata/roaming/arduino15/packages/arduino/tools/arm-none-eabi-gcc/4.8.3-2014q1/bin/../lib/gcc/arm-none-eabi/4.8.3/../../../../arm-none-eabi/lib/armv7-m\libg.a(lib_a-callocr.o)
                0x0008abd4                _calloc_r
 .text._close_r
                0x0008ac34       0x24 c:/users/install/appdata/roaming/arduino15/packages/arduino/tools/arm-none-eabi-gcc/4.8.3-2014q1/bin/../lib/gcc/arm-none-eabi/4.8.3/../../../../arm-none-eabi/lib/armv7-m\libg.a(lib_a-closer.o)
                0x0008ac34                _close_r
 .text._fclose_r
                0x0008ac58       0x80 c:/users/install/appdata/roaming/arduino15/packages/arduino/tools/arm-none-eabi-gcc/4.8.3-2014q1/bin/../lib/gcc/arm-none-eabi/4.8.3/../../../../arm-none-eabi/lib/armv7-m\libg.a(lib_a-fclose.o)
                0x0008ac58                _fclose_r
 .text.fclose   0x0008acd8       0x10 c:/users/install/appdata/roaming/arduino15/packages/arduino/tools/arm-none-eabi-gcc/4.8.3-2014q1/bin/../lib/gcc/arm-none-eabi/4.8.3/../../../../arm-none-eabi/lib/armv7-m\libg.a(lib_a-fclose.o)
                0x0008acd8                fclose
 .text._fstat_r
                0x0008ace8       0x28 c:/users/install/appdata/roaming/arduino15/packages/arduino/tools/arm-none-eabi-gcc/4.8.3-2014q1/bin/../lib/gcc/arm-none-eabi/4.8.3/../../../../arm-none-eabi/lib/armv7-m\libg.a(lib_a-fstatr.o)
                0x0008ace8                _fstat_r